Component: ARM Compiler 5.05 update 1 (build 106) Tool: armlink [4d0efa]

==============================================================================

Section Cross References

    startup_stm32g431xx.o(STACK) refers (Special) to heapauxi.o(.text) for __use_two_region_memory
    startup_stm32g431xx.o(HEAP) refers (Special) to heapauxi.o(.text) for __use_two_region_memory
    startup_stm32g431xx.o(RESET) refers (Special) to heapauxi.o(.text) for __use_two_region_memory
    startup_stm32g431xx.o(RESET) refers to startup_stm32g431xx.o(STACK) for __initial_sp
    startup_stm32g431xx.o(RESET) refers to startup_stm32g431xx.o(.text) for Reset_Handler
    startup_stm32g431xx.o(RESET) refers to stm32g4xx_it.o(i.NMI_Handler) for NMI_Handler
    startup_stm32g431xx.o(RESET) refers to stm32g4xx_it.o(i.HardFault_Handler) for HardFault_Handler
    startup_stm32g431xx.o(RESET) refers to stm32g4xx_it.o(i.MemManage_Handler) for MemManage_Handler
    startup_stm32g431xx.o(RESET) refers to stm32g4xx_it.o(i.BusFault_Handler) for BusFault_Handler
    startup_stm32g431xx.o(RESET) refers to stm32g4xx_it.o(i.UsageFault_Handler) for UsageFault_Handler
    startup_stm32g431xx.o(RESET) refers to stm32g4xx_it.o(i.SVC_Handler) for SVC_Handler
    startup_stm32g431xx.o(RESET) refers to stm32g4xx_it.o(i.DebugMon_Handler) for DebugMon_Handler
    startup_stm32g431xx.o(RESET) refers to stm32g4xx_it.o(i.PendSV_Handler) for PendSV_Handler
    startup_stm32g431xx.o(RESET) refers to stm32g4xx_it.o(i.SysTick_Handler) for SysTick_Handler
    startup_stm32g431xx.o(RESET) refers to stm32g4xx_it.o(i.USART1_IRQHandler) for USART1_IRQHandler
    startup_stm32g431xx.o(.text) refers (Special) to heapauxi.o(.text) for __use_two_region_memory
    startup_stm32g431xx.o(.text) refers to system_stm32g4xx.o(i.SystemInit) for SystemInit
    startup_stm32g431xx.o(.text) refers to __main.o(!!!main) for __main
    startup_stm32g431xx.o(.text) refers to startup_stm32g431xx.o(HEAP) for Heap_Mem
    startup_stm32g431xx.o(.text) refers to startup_stm32g431xx.o(STACK) for Stack_Mem
    code.o(i.EE_init) refers to code.o(i.x_wr) for x_wr
    code.o(i.EE_init) refers to stm32g4xx_hal.o(i.HAL_Delay) for HAL_Delay
    code.o(i.EE_rd) refers to code.o(i.x_rd) for x_rd
    code.o(i.EE_rd) refers to code.o(.data) for .data
    code.o(i.EE_wr_pri) refers to code.o(i.x_wr) for x_wr
    code.o(i.EE_wr_pri) refers to stm32g4xx_hal.o(i.HAL_Delay) for HAL_Delay
    code.o(i.EE_wr_pri) refers to code.o(.data) for .data
    code.o(i.EE_wr_rep) refers to code.o(i.x_wr) for x_wr
    code.o(i.EE_wr_rep) refers to stm32g4xx_hal.o(i.HAL_Delay) for HAL_Delay
    code.o(i.EE_wr_rep) refers to code.o(.data) for .data
    code.o(i.HAL_UART_RxCpltCallback) refers to _printf_percent.o(.ARM.Collect$$_printf_percent$$00000000) for _printf_percent
    code.o(i.HAL_UART_RxCpltCallback) refers to _printf_f.o(.ARM.Collect$$_printf_percent$$00000003) for _printf_f
    code.o(i.HAL_UART_RxCpltCallback) refers to printf1.o(x$fpl$printf1) for _printf_fp_dec
    code.o(i.HAL_UART_RxCpltCallback) refers to f2d.o(x$fpl$f2d) for __aeabi_f2d
    code.o(i.HAL_UART_RxCpltCallback) refers to noretval__2sprintf.o(.text) for __2sprintf
    code.o(i.HAL_UART_RxCpltCallback) refers to strcmpv7m.o(.text) for strcmp
    code.o(i.HAL_UART_RxCpltCallback) refers to strlen.o(.text) for strlen
    code.o(i.HAL_UART_RxCpltCallback) refers to stm32g4xx_hal_uart.o(i.HAL_UART_Transmit) for HAL_UART_Transmit
    code.o(i.HAL_UART_RxCpltCallback) refers to stm32g4xx_hal_uart.o(i.HAL_UART_Receive_IT) for HAL_UART_Receive_IT
    code.o(i.HAL_UART_RxCpltCallback) refers to code.o(.data) for .data
    code.o(i.HAL_UART_RxCpltCallback) refers to main.o(.bss) for huart1
    code.o(i.key1_f) refers to code.o(.data) for .data
    code.o(i.key_add) refers to code.o(i.EE_wr_rep) for EE_wr_rep
    code.o(i.key_add) refers to f2d.o(x$fpl$f2d) for __aeabi_f2d
    code.o(i.key_add) refers to daddsub_clz.o(x$fpl$dadd) for __aeabi_dadd
    code.o(i.key_add) refers to d2f.o(x$fpl$d2f) for __aeabi_d2f
    code.o(i.key_add) refers to code.o(i.EE_wr_pri) for EE_wr_pri
    code.o(i.key_add) refers to code.o(.data) for .data
    code.o(i.key_cfom) refers to _printf_percent.o(.ARM.Collect$$_printf_percent$$00000000) for _printf_percent
    code.o(i.key_cfom) refers to _printf_d.o(.ARM.Collect$$_printf_percent$$00000009) for _printf_d
    code.o(i.key_cfom) refers to _printf_f.o(.ARM.Collect$$_printf_percent$$00000003) for _printf_f
    code.o(i.key_cfom) refers to _printf_dec.o(.text) for _printf_int_dec
    code.o(i.key_cfom) refers to printf1.o(x$fpl$printf1) for _printf_fp_dec
    code.o(i.key_cfom) refers to f2d.o(x$fpl$f2d) for __aeabi_f2d
    code.o(i.key_cfom) refers to noretval__2sprintf.o(.text) for __2sprintf
    code.o(i.key_cfom) refers to strlen.o(.text) for strlen
    code.o(i.key_cfom) refers to stm32g4xx_hal_uart.o(i.HAL_UART_Transmit) for HAL_UART_Transmit
    code.o(i.key_cfom) refers to code.o(.data) for .data
[...]
    i.HAL_GPIO_ReadPin                       0x080019c0   Section        0  stm32g4xx_hal_gpio.o(i.HAL_GPIO_ReadPin)
    i.HAL_GPIO_TogglePin                     0x080019ca   Section        0  stm32g4xx_hal_gpio.o(i.HAL_GPIO_TogglePin)
    i.HAL_GPIO_WritePin                      0x080019da   Section        0  stm32g4xx_hal_gpio.o(i.HAL_GPIO_WritePin)
    i.HAL_GetTick                            0x080019e4   Section        0  stm32g4xx_hal.o(i.HAL_GetTick)
    i.HAL_IncTick                            0x080019f0   Section        0  stm32g4xx_hal.o(i.HAL_IncTick)
    i.HAL_Init                               0x08001a00   Section        0  stm32g4xx_hal.o(i.HAL_Init)
    i.HAL_InitTick                           0x08001a20   Section        0  stm32g4xx_hal.o(i.HAL_InitTick)
    i.HAL_MspInit                            0x08001a64   Section        0  stm32g4xx_hal_msp.o(i.HAL_MspInit)
    i.HAL_NVIC_EnableIRQ                     0x08001a94   Section        0  stm32g4xx_hal_cortex.o(i.HAL_NVIC_EnableIRQ)
    i.HAL_NVIC_SetPriority                   0x08001ab0   Section        0  stm32g4xx_hal_cortex.o(i.HAL_NVIC_SetPriority)
    i.HAL_NVIC_SetPriorityGrouping           0x08001af0   Section        0  stm32g4xx_hal_cortex.o(i.HAL_NVIC_SetPriorityGrouping)
    i.HAL_PWREx_ControlVoltageScaling        0x08001b14   Section        0  stm32g4xx_hal_pwr_ex.o(i.HAL_PWREx_ControlVoltageScaling)
    i.HAL_PWREx_DisableUCPDDeadBattery       0x08001bd0   Section        0  stm32g4xx_hal_pwr_ex.o(i.HAL_PWREx_DisableUCPDDeadBattery)
    i.HAL_RCCEx_PeriphCLKConfig              0x08001be0   Section        0  stm32g4xx_hal_rcc_ex.o(i.HAL_RCCEx_PeriphCLKConfig)
    i.HAL_RCC_ClockConfig                    0x08001e68   Section        0  stm32g4xx_hal_rcc.o(i.HAL_RCC_ClockConfig)
    i.HAL_RCC_GetPCLK1Freq                   0x08002044   Section        0  stm32g4xx_hal_rcc.o(i.HAL_RCC_GetPCLK1Freq)
    i.HAL_RCC_GetPCLK2Freq                   0x08002068   Section        0  stm32g4xx_hal_rcc.o(i.HAL_RCC_GetPCLK2Freq)
    i.HAL_RCC_GetSysClockFreq                0x0800208c   Section        0  stm32g4xx_hal_rcc.o(i.HAL_RCC_GetSysClockFreq)
    i.HAL_RCC_OscConfig                      0x080020f8   Section        0  stm32g4xx_hal_rcc.o(i.HAL_RCC_OscConfig)
    i.HAL_SYSTICK_Config                     0x08002504   Section        0  stm32g4xx_hal_cortex.o(i.HAL_SYSTICK_Config)
    i.HAL_TIMEx_MasterConfigSynchronization  0x0800252c   Section        0  stm32g4xx_hal_tim_ex.o(i.HAL_TIMEx_MasterConfigSynchronization)
    i.HAL_TIM_Base_Init                      0x080025c8   Section        0  stm32g4xx_hal_tim.o(i.HAL_TIM_Base_Init)
    i.HAL_TIM_Base_MspInit                   0x0800262c   Section        0  stm32g4xx_hal_msp.o(i.HAL_TIM_Base_MspInit)
    i.HAL_TIM_ConfigClockSource              0x08002650   Section        0  stm32g4xx_hal_tim.o(i.HAL_TIM_ConfigClockSource)
    i.HAL_TIM_MspPostInit                    0x08002750   Section        0  stm32g4xx_hal_msp.o(i.HAL_TIM_MspPostInit)
    i.HAL_TIM_PWM_ConfigChannel              0x0800279c   Section        0  stm32g4xx_hal_tim.o(i.HAL_TIM_PWM_ConfigChannel)
    i.HAL_TIM_PWM_Init                       0x080028c0   Section        0  stm32g4xx_hal_tim.o(i.HAL_TIM_PWM_Init)
    i.HAL_TIM_PWM_MspInit                    0x08002922   Section        0  stm32g4xx_hal_tim.o(i.HAL_TIM_PWM_MspInit)
    i.HAL_TIM_PWM_Start                      0x08002924   Section        0  stm32g4xx_hal_tim.o(i.HAL_TIM_PWM_Start)
    i.HAL_UARTEx_DisableFifoMode             0x08002a20   Section        0  stm32g4xx_hal_uart_ex.o(i.HAL_UARTEx_DisableFifoMode)
    i.HAL_UARTEx_RxEventCallback             0x08002a5e   Section        0  stm32g4xx_hal_uart.o(i.HAL_UARTEx_RxEventCallback)
    i.HAL_UARTEx_RxFifoFullCallback          0x08002a60   Section        0  stm32g4xx_hal_uart_ex.o(i.HAL_UARTEx_RxFifoFullCallback)
    i.HAL_UARTEx_SetRxFifoThreshold          0x08002a62   Section        0  stm32g4xx_hal_uart_ex.o(i.HAL_UARTEx_SetRxFifoThreshold)
    i.HAL_UARTEx_SetTxFifoThreshold          0x08002aae   Section        0  stm32g4xx_hal_uart_ex.o(i.HAL_UARTEx_SetTxFifoThreshold)
    i.HAL_UARTEx_TxFifoEmptyCallback         0x08002afa   Section        0  stm32g4xx_hal_uart_ex.o(i.HAL_UARTEx_TxFifoEmptyCallback)
    i.HAL_UARTEx_WakeupCallback              0x08002afc   Section        0  stm32g4xx_hal_uart_ex.o(i.HAL_UARTEx_WakeupCallback)
    i.HAL_UART_ErrorCallback                 0x08002afe   Section        0  stm32g4xx_hal_uart.o(i.HAL_UART_ErrorCallback)
    i.HAL_UART_IRQHandler                    0x08002b00   Section        0  stm32g4xx_hal_uart.o(i.HAL_UART_IRQHandler)
    i.HAL_UART_Init                          0x08002de0   Section        0  stm32g4xx_hal_uart.o(i.HAL_UART_Init)
    i.HAL_UART_MspInit                       0x08002e4c   Section        0  stm32g4xx_hal_msp.o(i.HAL_UART_MspInit)
    i.HAL_UART_Receive_IT                    0x08002ed8   Section        0  stm32g4xx_hal_uart.o(i.HAL_UART_Receive_IT)
    i.HAL_UART_RxCpltCallback                0x08002f2c   Section        0  code.o(i.HAL_UART_RxCpltCallback)
    i.HAL_UART_Transmit                      0x08002fa4   Section        0  stm32g4xx_hal_uart.o(i.HAL_UART_Transmit)
    i.HAL_UART_TxCpltCallback                0x08003060   Section        0  stm32g4xx_hal_uart.o(i.HAL_UART_TxCpltCallback)
    i.HardFault_Handler                      0x08003062   Section        0  stm32g4xx_it.o(i.HardFault_Handler)
    i.I2CInit                                0x08003064   Section        0  i2c_hal.o(i.I2CInit)
    i.I2CReceiveByte                         0x08003090   Section        0  i2c_hal.o(i.I2CReceiveByte)
    i.I2CSendByte                            0x080030de   Section        0  i2c_hal.o(i.I2CSendByte)
    i.I2CStart                               0x0800312c   Section        0  i2c_hal.o(i.I2CStart)
    i.I2CStop                                0x08003162   Section        0  i2c_hal.o(i.I2CStop)
    i.I2CWaitAck                             0x08003198   Section        0  i2c_hal.o(i.I2CWaitAck)
    i.LCD_BusIn                              0x080031e8   Section        0  lcd.o(i.LCD_BusIn)
    i.LCD_BusOut                             0x08003214   Section        0  lcd.o(i.LCD_BusOut)
    i.LCD_CtrlLinesConfig                    0x08003244   Section        0  lcd.o(i.LCD_CtrlLinesConfig)
    i.LCD_DisplayChar                        0x080032d4   Section        0  lcd.o(i.LCD_DisplayChar)
    i.LCD_DisplayStringLine                  0x080032ec   Section        0  lcd.o(i.LCD_DisplayStringLine)
    i.LCD_DrawChar                           0x08003318   Section        0  lcd.o(i.LCD_DrawChar)
    i.LCD_Init                               0x08003370   Section        0  lcd.o(i.LCD_Init)
    i.LCD_ReadReg                            0x080033a4   Section        0  lcd.o(i.LCD_ReadReg)
    i.LCD_SetBackColor                       0x08003424   Section        0  lcd.o(i.LCD_SetBackColor)
    i.LCD_SetCursor                          0x08003434   Section        0  lcd.o(i.LCD_SetCursor)
    i.LCD_SetTextColor                       0x0800344c   Section        0  lcd.o(i.LCD_SetTextColor)
    i.LCD_WriteRAM                           0x0800345c   Section        0  lcd.o(i.LCD_WriteRAM)
    i.LCD_WriteRAM_Prepare                   0x080034b4   Section        0  lcd.o(i.LCD_WriteRAM_Prepare)
    i.LCD_WriteReg                           0x08003510   Section        0  lcd.o(i.LCD_WriteReg)
    i.MX_GPIO_Init                           0x0800357c   Section        0  main.o(i.MX_GPIO_Init)
    MX_GPIO_Init                             0x0800357d   Thumb Code   268  main.o(i.MX_GPIO_Init)
    i.MX_TIM2_Init                           0x08003698   Section        0  main.o(i.MX_TIM2_Init)
    MX_TIM2_Init                             0x08003699   Thumb Code   148  main.o(i.MX_TIM2_Init)
    i.MX_USART1_UART_Init                    0x08003730   Section        0  main.o(i.MX_USART1_UART_Init)
    MX_USART1_UART_Init                      0x08003731   Thumb Code    90  main.o(i.MX_USART1_UART_Init)
    i.MemManage_Handler                      0x08003794   Section        0  stm32g4xx_it.o(i.MemManage_Handler)
    i.NMI_Handler                            0x08003796   Section        0  stm32g4xx_it.o(i.NMI_Handler)
    i.PendSV_Handler                         0x08003798   Section        0  stm32g4xx_it.o(i.PendSV_Handler)
    i.REG_8230_Init                          0x0800379a   Section        0  lcd.o(i.REG_8230_Init)
    i.REG_932X_Init                          0x080038ac   Section        0  lcd.o(i.REG_932X_Init)
    i.SCL_Output                             0x08003ab0   Section        0  i2c_hal.o(i.SCL_Output)
    i.SDA_Input                              0x08003ac8   Section        0  i2c_hal.o(i.SDA_Input)
    i.SDA_Input_Mode                         0x08003ae0   Section        0  i2c_hal.o(i.SDA_Input_Mode)
    i.SDA_Output                             0x08003b0c   Section        0  i2c_hal.o(i.SDA_Output)
    i.SDA_Output_Mode                        0x08003b24   Section        0  i2c_hal.o(i.SDA_Output_Mode)
    i.SVC_Handler                            0x08003b50   Section        0  stm32g4xx_it.o(i.SVC_Handler)
    i.SysTick_Handler                        0x08003b54   Section        0  stm32g4xx_it.o(i.SysTick_Handler)
    i.SystemClock_Config                     0x08003bd4   Section        0  main.o(i.SystemClock_Config)
    i.SystemInit                             0x08003c40   Section        0  system_stm32g4xx.o(i.SystemInit)
    i.TIM_Base_SetConfig                     0x08003c50   Section        0  stm32g4xx_hal_tim.o(i.TIM_Base_SetConfig)
    i.TIM_CCxChannelCmd                      0x08003d00   Section        0  stm32g4xx_hal_tim.o(i.TIM_CCxChannelCmd)
    i.TIM_ETR_SetConfig                      0x08003d1a   Section        0  stm32g4xx_hal_tim.o(i.TIM_ETR_SetConfig)
    i.TIM_ITRx_SetConfig                     0x08003d30   Section        0  stm32g4xx_hal_tim.o(i.TIM_ITRx_SetConfig)
    TIM_ITRx_SetConfig                       0x08003d31   Thumb Code    16  stm32g4xx_hal_tim.o(i.TIM_ITRx_SetConfig)
    i.TIM_OC1_SetConfig                      0x08003d44   Section        0  stm32g4xx_hal_tim.o(i.TIM_OC1_SetConfig)
    TIM_OC1_SetConfig                        0x08003d45   Thumb Code   132  stm32g4xx_hal_tim.o(i.TIM_OC1_SetConfig)
    i.TIM_OC2_SetConfig                      0x08003de0   Section        0  stm32g4xx_hal_tim.o(i.TIM_OC2_SetConfig)
    i.TIM_OC3_SetConfig                      0x08003e70   Section        0  stm32g4xx_hal_tim.o(i.TIM_OC3_SetConfig)
    TIM_OC3_SetConfig                        0x08003e71   Thumb Code   118  stm32g4xx_hal_tim.o(i.TIM_OC3_SetConfig)
    i.TIM_OC4_SetConfig                      0x08003f00   Section        0  stm32g4xx_hal_tim.o(i.TIM_OC4_SetConfig)
    TIM_OC4_SetConfig                        0x08003f01   Thumb Code   120  stm32g4xx_hal_tim.o(i.TIM_OC4_SetConfig)
    i.TIM_OC5_SetConfig                      0x08003f90   Section        0  stm32g4xx_hal_tim.o(i.TIM_OC5_SetConfig)
    TIM_OC5_SetConfig                        0x08003f91   Thumb Code    86  stm32g4xx_hal_tim.o(i.TIM_OC5_SetConfig)
    i.TIM_OC6_SetConfig                      0x08004000   Section        0  stm32g4xx_hal_tim.o(i.TIM_OC6_SetConfig)
    TIM_OC6_SetConfig                        0x08004001   Thumb Code    88  stm32g4xx_hal_tim.o(i.TIM_OC6_SetConfig)
    i.TIM_TI1_ConfigInputStage               0x08004070   Section        0  stm32g4xx_hal_tim.o(i.TIM_TI1_ConfigInputStage)
    TIM_TI1_ConfigInputStage                 0x08004071   Thumb Code    34  stm32g4xx_hal_tim.o(i.TIM_TI1_ConfigInputStage)
    i.TIM_TI2_ConfigInputStage               0x08004092   Section        0  stm32g4xx_hal_tim.o(i.TIM_TI2_ConfigInputStage)
    TIM_TI2_ConfigInputStage                 0x08004093   Thumb Code    36  stm32g4xx_hal_tim.o(i.TIM_TI2_ConfigInputStage)
    i.UARTEx_SetNbDataToProcess              0x080040b8   Section        0  stm32g4xx_hal_uart_ex.o(i.UARTEx_SetNbDataToProcess)
    UARTEx_SetNbDataToProcess                0x080040b9   Thumb Code    62  stm32g4xx_hal_uart_ex.o(i.UARTEx_SetNbDataToProcess)
    i.UART_AdvFeatureConfig                  0x080040fc   Section        0  stm32g4xx_hal_uart.o(i.UART_AdvFeatureConfig)
    i.UART_CheckIdleState                    0x080041c4   Section        0  stm32g4xx_hal_uart.o(i.UART_CheckIdleState)
    i.UART_DMAAbortOnError                   0x08004224   Section        0  stm32g4xx_hal_uart.o(i.UART_DMAAbortOnError)
    UART_DMAAbortOnError                     0x08004225   Thumb Code    20  stm32g4xx_hal_uart.o(i.UART_DMAAbortOnError)
    i.UART_EndRxTransfer                     0x08004238   Section        0  stm32g4xx_hal_uart.o(i.UART_EndRxTransfer)
    UART_EndRxTransfer                       0x08004239   Thumb Code    78  stm32g4xx_hal_uart.o(i.UART_EndRxTransfer)
    i.UART_RxISR_16BIT                       0x0800428c   Section        0  stm32g4xx_hal_uart.o(i.UART_RxISR_16BIT)
    UART_RxISR_16BIT                         0x0800428d   Thumb Code   162  stm32g4xx_hal_uart.o(i.UART_RxISR_16BIT)
    i.UART_RxISR_16BIT_FIFOEN                0x08004330   Section        0  stm32g4xx_hal_uart.o(i.UART_RxISR_16BIT_FIFOEN)
    UART_RxISR_16BIT_FIFOEN                  0x08004331   Thumb Code   364  stm32g4xx_hal_uart.o(i.UART_RxISR_16BIT_FIFOEN)
    i.UART_RxISR_8BIT                        0x080044a4   Section        0  stm32g4xx_hal_uart.o(i.UART_RxISR_8BIT)
    UART_RxISR_8BIT                          0x080044a5   Thumb Code   162  stm32g4xx_hal_uart.o(i.UART_RxISR_8BIT)
    i.UART_RxISR_8BIT_FIFOEN                 0x08004548   Section        0  stm32g4xx_hal_uart.o(i.UART_RxISR_8BIT_FIFOEN)
    UART_RxISR_8BIT_FIFOEN                   0x08004549   Thumb Code   364  stm32g4xx_hal_uart.o(i.UART_RxISR_8BIT_FIFOEN)
    i.UART_SetConfig                         0x080046bc   Section        0  stm32g4xx_hal_uart.o(i.UART_SetConfig)
    i.UART_Start_Receive_IT                  0x08004930   Section        0  stm32g4xx_hal_uart.o(i.UART_Start_Receive_IT)
    i.UART_WaitOnFlagUntilTimeout            0x08004a48   Section        0  stm32g4xx_hal_uart.o(i.UART_WaitOnFlagUntilTimeout)
    i.USART1_IRQHandler                      0x08004b10   Section        0  stm32g4xx_it.o(i.USART1_IRQHandler)
    i.UsageFault_Handler                     0x08004b1c   Section        0  stm32g4xx_it.o(i.UsageFault_Handler)
    i.__ARM_fpclassify                       0x08004b1e   Section        0  fpclassify.o(i.__ARM_fpclassify)
    i.__NVIC_SetPriority                     0x08004b4e   Section        0  stm32g4xx_hal_cortex.o(i.__NVIC_SetPriority)
    __NVIC_SetPriority                       0x08004b4f   Thumb Code    32  stm32g4xx_hal_cortex.o(i.__NVIC_SetPriority)
    i._is_digit                              0x08004b6e   Section        0  __printf_wp.o(i._is_digit)
    i.delay1                                 0x08004b7c   Section        0  i2c_hal.o(i.delay1)
    delay1                                   0x08004b7d   Thumb Code    12  i2c_hal.o(i.delay1)
    i.key1_f                                 0x08004b88   Section        0  code.o(i.key1_f)
    i.key_add                                0x08004bbc   Section        0  code.o(i.key_add)
    i.key_cfom                               0x08004c48   Section        0  code.o(i.key_cfom)
    i.key_menu                               0x08004cf4   Section        0  code.o(i.key_menu)
    i.key_scan                               0x08004d38   Section        0  code.o(i.key_scan)
    i.lcd_fir                                0x08004df0   Section        0  code.o(i.lcd_fir)
    i.lcd_menu                               0x08004e48   Section        0  code.o(i.lcd_menu)
    i.lcd_price                              0x08004e84   Section        0  code.o(i.lcd_price)
    i.lcd_rep                                0x08004f20   Section        0  code.o(i.lcd_rep)
    i.lcd_shop                               0x08004fa4   Section        0  code.o(i.lcd_shop)
    i.led_main                               0x08005028   Section        0  code.o(i.led_main)
    i.main                                   0x080050f4   Section        0  main.o(i.main)
    i.pwm_main                               0x08005154   Section        0  code.o(i.pwm_main)
    i.x_rd                                   0x08005174   Section        0  code.o(i.x_rd)
    i.x_wr                                   0x080051b0   Section        0  code.o(i.x_wr)
    locale$$code                             0x080051e0   Section       44  lc_numeric_c.o(locale$$code)
    x$fpl$d2f                                0x0800520c   Section       98  d2f.o(x$fpl$d2f)
    $v0                                      0x0800520c   Number         0  d2f.o(x$fpl$d2f)
    x$fpl$dadd                               0x08005270   Section      336  daddsub_clz.o(x$fpl$dadd)
    $v0                                      0x08005270   Number         0  daddsub_clz.o(x$fpl$dadd)
    _dadd1                                   0x08005281   Thumb Code     0  daddsub_clz.o(x$fpl$dadd)
    x$fpl$dnaninf                            0x080053c0   Section      156  dnaninf.o(x$fpl$dnaninf)
    $v0                                      0x080053c0   Number         0  dnaninf.o(x$fpl$dnaninf)
    x$fpl$dretinf                            0x0800545c   Section       12  dretinf.o(x$fpl$dretinf)
    $v0                                      0x0800545c   Number         0  dretinf.o(x$fpl$dretinf)
    x$fpl$dsub                               0x08005468   Section      468  daddsub_clz.o(x$fpl$dsub)
    $v0                                      0x08005468   Number         0  daddsub_clz.o(x$fpl$dsub)
    _dsub1                                   0x08005479   Thumb Code     0  daddsub_clz.o(x$fpl$dsub)
    x$fpl$f2d                                0x0800563c   Section       86  f2d.o(x$fpl$f2d)
    $v0                                      0x0800563c   Number         0  f2d.o(x$fpl$f2d)
    x$fpl$fnaninf                            0x08005692   Section      140  fnaninf.o(x$fpl$fnaninf)
    $v0                                      0x08005692   Number         0  fnaninf.o(x$fpl$fnaninf)
    x$fpl$fpinit                             0x0800571e   Section       10  fpinit.o(x$fpl$fpinit)
    $v0                                      0x0800571e   Number         0  fpinit.o(x$fpl$fpinit)
    x$fpl$fretinf                            0x08005728   Section       10  fretinf.o(x$fpl$fretinf)
    $v0                                      0x08005728   Number         0  fretinf.o(x$fpl$fretinf)
    x$fpl$printf1                            0x08005732   Section        4  printf1.o(x$fpl$printf1)
    $v0                                      0x08005732   Number         0  printf1.o(x$fpl$printf1)
    .constdata                               0x08005736   Section     4560  lcd.o(.constdata)
    x$fpl$usenofp                            0x08005736   Section        0  usenofp.o(x$fpl$usenofp)
    .constdata                               0x08006906   Section       24  stm32g4xx_hal_uart.o(.constdata)
    .constdata                               0x0800691e   Section       16  stm32g4xx_hal_uart_ex.o(.constdata)
    numerator                                0x0800691e   Data           8  stm32g4xx_hal_uart_ex.o(.constdata)
    denominator                              0x08006926   Data           8  stm32g4xx_hal_uart_ex.o(.constdata)
    .constdata                               0x0800692e   Section       16  system_stm32g4xx.o(.constdata)
    .constdata                               0x0800693e   Section        8  system_stm32g4xx.o(.constdata)
    .constdata                               0x08006948   Section      148  bigflt0.o(.constdata)
    tenpwrs_x                                0x08006948   Data          60  bigflt0.o(.constdata)
    tenpwrs_i                                0x08006984   Data          64  bigflt0.o(.constdata)
    locale$$data                             0x080069fc   Section       28  lc_numeric_c.o(locale$$data)
    __lcnum_c_name                           0x08006a00   Data           2  lc_numeric_c.o(locale$$data)
    __lcnum_c_start                          0x08006a08   Data           0  lc_numeric_c.o(locale$$data)
    __lcnum_c_point                          0x08006a14   Data           0  lc_numeric_c.o(locale$$data)
    __lcnum_c_thousands                      0x08006a16   Data           0  lc_numeric_c.o(locale$$data)
    __lcnum_c_grouping                       0x08006a17   Data           0  lc_numeric_c.o(locale$$data)
    __lcnum_c_end                            0x08006a18   Data           0  lc_numeric_c.o(locale$$data)
    .data                                    0x20000000   Section       72  code.o(.data)
    led_fir                                  0x20000018   Data           4  code.o(.data)
    fir                                      0x2000001c   Data           4  code.o(.data)
    lcd_first                                0x20000020   Data           4  code.o(.data)
    key_flag                                 0x20000024   Data           4  code.o(.data)
    .data                                    0x20000048   Section        4  code.o(.data)
    .data                                    0x2000004c   Section        4  code.o(.data)
    .data                                    0x20000050   Section        4  code.o(.data)
    .data                                    0x20000054   Section        6  lcd.o(.data)
    TextColor                                0x20000054   Data           2  lcd.o(.data)
    BackColor                                0x20000056   Data           2  lcd.o(.data)
    .data                                    0x2000005c   Section       12  stm32g4xx_hal.o(.data)
    .data                                    0x20000068   Section        4  system_stm32g4xx.o(.data)
    .bss                                     0x2000006c   Section      220  main.o(.bss)
    .bss                                     0x20000148   Section       96  libspace.o(.bss)
    HEAP                                     0x200001a8   Section      512  startup_stm32g431xx.o(HEAP)
    Heap_Mem                                 0x200001a8   Data         512  startup_stm32g431xx.o(HEAP)
    STACK                                    0x200003a8   Section     1024  startup_stm32g431xx.o(STACK)
    Stack_Mem                                0x200003a8   Data        1024  startup_stm32g431xx.o(STACK)
    __initial_sp                             0x200007a8   Data           0  startup_stm32g431xx.o(STACK)

    Global Symbols

    Symbol Name                              Value     Ov Type        Size  Object(Section)

    BuildAttributes$$THM_ISAv4$E$P$D$K$B$S$7EM$VFPi3$EXTD16$VFPS$VFMA$PE$A:L22UL41UL21$X:L11$S22US41US21$IEEE1$IW$USESV6$~STKCKD$USESV7$~SHL$OTIME$ROPI$IEEEJ$EBA8$UX$STANDARDLIB$REQ8$PRES8$EABIv2 0x00000000   Number         0  anon$$obj.o ABSOLUTE
    __ARM_use_no_argv                        0x00000000   Number         0  main.o ABSOLUTE
    _printf_flags                            0x00000000   Number         0  printf_stubs.o ABSOLUTE
    _printf_return_value                     0x00000000   Number         0  printf_stubs.o ABSOLUTE
    _printf_sizespec                         0x00000000   Number         0  printf_stubs.o ABSOLUTE
    _printf_widthprec                        0x00000000   Number         0  printf_stubs.o ABSOLUTE
    __ARM_exceptions_init                     - Undefined Weak Reference
    __alloca_initialize                       - Undefined Weak Reference
    __arm_preinit_                            - Undefined Weak Reference
    __cpp_initialize__aeabi_                  - Undefined Weak Reference
    __cxa_finalize                            - Undefined Weak Reference
    __sigvec_lookup                           - Undefined Weak Reference
    _atexit_init                              - Undefined Weak Reference
    _call_atexit_fns                          - Undefined Weak Reference
    _clock_init                               - Undefined Weak Reference
    _fp_trap_init                             - Undefined Weak Reference
    _fp_trap_shutdown                         - Undefined Weak Reference
    _get_lc_collate                           - Undefined Weak Reference
    _get_lc_ctype                             - Undefined Weak Reference
    _get_lc_monetary                          - Undefined Weak Reference
    _get_lc_time                              - Undefined Weak Reference
    _getenv_init                              - Undefined Weak Reference
    _handle_redirection                       - Undefined Weak Reference
    _init_alloc                               - Undefined Weak Reference
    _init_user_alloc                          - Undefined Weak Reference
    _initio                                   - Undefined Weak Reference
    _printf_post_padding                      - Undefined Weak Reference
    _printf_pre_padding                       - Undefined Weak Reference
    _printf_truncate_signed                   - Undefined Weak Reference
    _printf_truncate_unsigned                 - Undefined Weak Reference
    _rand_init                                - Undefined Weak Reference
    _signal_finish                            - Undefined Weak Reference
    _signal_init                              - Undefined Weak Reference
    _terminate_alloc                          - Undefined Weak Reference
    _terminate_user_alloc                     - Undefined Weak Reference
    _terminateio                              - Undefined Weak Reference
    __Vectors_Size                           0x000001d8   Number         0  startup_stm32g431xx.o ABSOLUTE
    __Vectors                                0x08000000   Data           4  startup_stm32g431xx.o(RESET)
    __Vectors_End                            0x080001d8   Data           0  startup_stm32g431xx.o(RESET)
    __main                                   0x080001d9   Thumb Code     8  __main.o(!!!main)
    __scatterload                            0x080001e1   Thumb Code     0  __scatter.o(!!!scatter)
    __scatterload_rt2                        0x080001e1   Thumb Code    44  __scatter.o(!!!scatter)
    __scatterload_rt2_thumb_only             0x080001e1   Thumb Code     0  __scatter.o(!!!scatter)
    __scatterload_null                       0x080001ef   Thumb Code     0  __scatter.o(!!!scatter)
    __scatterload_copy                       0x08000215   Thumb Code    26  __scatter_copy.o(!!handler_copy)
    __scatterload_zeroinit                   0x08000231   Thumb Code    28  __scatter_zi.o(!!handler_zi)
    _printf_f                                0x0800024d   Thumb Code     0  _printf_f.o(.ARM.Collect$$_printf_percent$$00000003)
    _printf_percent                          0x0800024d   Thumb Code     0  _printf_percent.o(.ARM.Collect$$_printf_percent$$00000000)
    _printf_d                                0x08000253   Thumb Code     0  _printf_d.o(.ARM.Collect$$_printf_percent$$00000009)
    _printf_percent_end                      0x08000259   Thumb Code     0  _printf_percent_end.o(.ARM.Collect$$_printf_percent$$00000017)
    __rt_lib_init                            0x0800025d   Thumb Code     0  libinit.o(.ARM.Collect$$libinit$$00000000)
    __rt_lib_init_fp_1                       0x0800025f   Thumb Code     0  libinit2.o(.ARM.Collect$$libinit$$00000001)
    __rt_lib_init_heap_1                     0x08000263   Thumb Code     0  libinit2.o(.ARM.Collect$$libinit$$0000000A)
    __rt_lib_init_lc_common                  0x08000263   Thumb Code     0  libinit2.o(.ARM.Collect$$libinit$$0000000F)
    __rt_lib_init_preinit_1                  0x08000263   Thumb Code     0  libinit2.o(.ARM.Collect$$libinit$$00000004)
    __rt_lib_init_rand_1                     0x08000263   Thumb Code     0  libinit2.o(.ARM.Collect$$libinit$$0000000E)
    __rt_lib_init_user_alloc_1               0x08000263   Thumb Code     0  libinit2.o(.ARM.Collect$$libinit$$0000000C)
    __rt_lib_init_lc_collate_1               0x08000269   Thumb Code     0  libinit2.o(.ARM.Collect$$libinit$$00000011)
    __rt_lib_init_lc_ctype_1                 0x08000269   Thumb Code     0  libinit2.o(.ARM.Collect$$libinit$$00000013)
    __rt_lib_init_lc_monetary_1              0x08000269   Thumb Code     0  libinit2.o(.ARM.Collect$$libinit$$00000015)
    __rt_lib_init_lc_numeric_2               0x08000269   Thumb Code     0  libinit2.o(.ARM.Collect$$libinit$$00000016)
    __rt_lib_init_alloca_1                   0x08000273   Thumb Code     0  libinit2.o(.ARM.Collect$$libinit$$0000002E)
    __rt_lib_init_argv_1                     0x08000273   Thumb Code     0  libinit2.o(.ARM.Collect$$libinit$$0000002C)
    __rt_lib_init_atexit_1                   0x08000273   Thumb Code     0  libinit2.o(.ARM.Collect$$libinit$$0000001B)
    __rt_lib_init_clock_1                    0x08000273   Thumb Code     0  libinit2.o(.ARM.Collect$$libinit$$00000021)
    __rt_lib_init_cpp_1                      0x08000273   Thumb Code     0  libinit2.o(.ARM.Collect$$libinit$$00000032)
    __rt_lib_init_exceptions_1               0x08000273   Thumb Code     0  libinit2.o(.ARM.Collect$$libinit$$00000030)
    __rt_lib_init_fp_trap_1                  0x08000273   Thumb Code     0  libinit2.o(.ARM.Collect$$libinit$$0000001F)
    __rt_lib_init_getenv_1                   0x08000273   Thumb Code     0  libinit2.o(.ARM.Collect$$libinit$$00000023)
    __rt_lib_init_lc_numeric_1               0x08000273   Thumb Code     0  libinit2.o(.ARM.Collect$$libinit$$00000017)
    __rt_lib_init_lc_time_1                  0x08000273   Thumb Code     0  libinit2.o(.ARM.Collect$$libinit$$00000019)
    __rt_lib_init_return                     0x08000273   Thumb Code     0  libinit2.o(.ARM.Collect$$libinit$$00000033)
    __rt_lib_init_signal_1                   0x08000273   Thumb Code     0  libinit2.o(.ARM.Collect$$libinit$$0000001D)
    __rt_lib_init_stdio_1                    0x08000273   Thumb Code     0  libinit2.o(.ARM.Collect$$libinit$$00000025)
    __rt_lib_shutdown                        0x08000275   Thumb Code     0  libshutdown.o(.ARM.Collect$$libshutdown$$00000000)
    __rt_lib_shutdown_fp_trap_1              0x08000277   Thumb Code     0  libshutdown2.o(.ARM.Collect$$libshutdown$$00000006)
    __rt_lib_shutdown_heap_1                 0x08000277   Thumb Code     0  libshutdown2.o(.ARM.Collect$$libshutdown$$0000000E)
    __rt_lib_shutdown_return                 0x08000277   Thumb Code     0  libshutdown2.o(.ARM.Collect$$libshutdown$$0000000F)
    __rt_lib_shutdown_signal_1               0x08000277   Thumb Code     0  libshutdown2.o(.ARM.Collect$$libshutdown$$00000009)
    __rt_lib_shutdown_stdio_1                0x08000277   Thumb Code     0  libshutdown2.o(.ARM.Collect$$libshutdown$$00000003)
    __rt_lib_shutdown_user_alloc_1           0x08000277   Thumb Code     0  libshutdown2.o(.ARM.Collect$$libshutdown$$0000000B)
    __rt_entry                               0x08000279   Thumb Code     0  __rtentry.o(.ARM.Collect$$rtentry$$00000000)
    __rt_entry_presh_1                       0x08000279   Thumb Code     0  __rtentry2.o(.ARM.Collect$$rtentry$$00000002)
    __rt_entry_sh                            0x08000279   Thumb Code     0  __rtentry4.o(.ARM.Collect$$rtentry$$00000004)
    __rt_entry_li                            0x0800027f   Thumb Code     0  __rtentry2.o(.ARM.Collect$$rtentry$$0000000A)
    __rt_entry_postsh_1                      0x0800027f   Thumb Code     0  __rtentry2.o(.ARM.Collect$$rtentry$$00000009)
    __rt_entry_main                          0x08000283   Thumb Code     0  __rtentry2.o(.ARM.Collect$$rtentry$$0000000D)
    __rt_entry_postli_1                      0x08000283   Thumb Code     0  __rtentry2.o(.ARM.Collect$$rtentry$$0000000C)
    __rt_exit                                0x0800028b   Thumb Code     0  rtexit.o(.ARM.Collect$$rtexit$$00000000)
    __rt_exit_ls                             0x0800028d   Thumb Code     0  rtexit2.o(.ARM.Collect$$rtexit$$00000003)
    __rt_exit_prels_1                        0x0800028d   Thumb Code     0  rtexit2.o(.ARM.Collect$$rtexit$$00000002)
    __rt_exit_exit                           0x08000291   Thumb Code     0  rtexit2.o(.ARM.Collect$$rtexit$$00000004)
    Reset_Handler                            0x08000299   Thumb Code     8  startup_stm32g431xx.o(.text)
    ADC1_2_IRQHandler                        0x080002b3   Thumb Code     0  startup_stm32g431xx.o(.text)
    COMP1_2_3_IRQHandler                     0x080002b3   Thumb Code     0  startup_stm32g431xx.o(.text)
    COMP4_IRQHandler                         0x080002b3   Thumb Code     0  startup_stm32g431xx.o(.text)
    CORDIC_IRQHandler                        0x080002b3   Thumb Code     0  startup_stm32g431xx.o(.text)
    CRS_IRQHandler                           0x080002b3   Thumb Code     0  startup_stm32g431xx.o(.text)
    DMA1_Channel1_IRQHandler                 0x080002b3   Thumb Code     0  startup_stm32g431xx.o(.text)
    DMA1_Channel2_IRQHandler                 0x080002b3   Thumb Code     0  startup_stm32g431xx.o(.text)
    DMA1_Channel3_IRQHandler                 0x080002b3   Thumb Code     0  startup_stm32g431xx.o(.text)
    DMA1_Channel4_IRQHandler                 0x080002b3   Thumb Code     0  startup_stm32g431xx.o(.text)
    DMA1_Channel5_IRQHandler                 0x080002b3   Thumb Code     0  startup_stm32g431xx.o(.text)
    DMA1_Channel6_IRQHandler                 0x080002b3   Thumb Code     0  startup_stm32g431xx.o(.text)
    DMA2_Channel1_IRQHandler                 0x080002b3   Thumb Code     0  startup_stm32g431xx.o(.text)
    DMA2_Channel2_IRQHandler                 0x080002b3   Thumb Code     0  startup_stm32g431xx.o(.text)
    DMA2_Channel3_IRQHandler                 0x080002b3   Thumb Code     0  startup_stm32g431xx.o(.text)
    DMA2_Channel4_IRQHandler                 0x080002b3   Thumb Code     0  startup_stm32g431xx.o(.text)
    DMA2_Channel5_IRQHandler                 0x080002b3   Thumb Code     0  startup_stm32g431xx.o(.text)
    DMA2_Channel6_IRQHandler                 0x080002b3   Thumb Code     0  startup_stm32g431xx.o(.text)
    DMAMUX_OVR_IRQHandler                    0x080002b3   Thumb Code     0  startup_stm32g431xx.o(.text)
    EXTI0_IRQHandler                         0x080002b3   Thumb Code     0  startup_stm32g431xx.o(.text)
    EXTI15_10_IRQHandler                     0x080002b3   Thumb Code     0  startup_stm32g431xx.o(.text)
    EXTI1_IRQHandler                         0x080002b3   Thumb Code     0  startup_stm32g431xx.o(.text)
    EXTI2_IRQHandler                         0x080002b3   Thumb Code     0  startup_stm32g431xx.o(.text)
    EXTI3_IRQHandler                         0x080002b3   Thumb Code     0  startup_stm32g431xx.o(.text)
    EXTI4_IRQHandler                         0x080002b3   Thumb Code     0  startup_stm32g431xx.o(.text)
    EXTI9_5_IRQHandler                       0x080002b3   Thumb Code     0  startup_stm32g431xx.o(.text)
    FDCAN1_IT0_IRQHandler                    0x080002b3   Thumb Code     0  startup_stm32g431xx.o(.text)
    FDCAN1_IT1_IRQHandler                    0x080002b3   Thumb Code     0  startup_stm32g431xx.o(.text)
    FLASH_IRQHandler                         0x080002b3   Thumb Code     0  startup_stm32g431xx.o(.text)
    FMAC_IRQHandler                          0x080002b3   Thumb Code     0  startup_stm32g431xx.o(.text)
    FPU_IRQHandler                           0x080002b3   Thumb Code     0  startup_stm32g431xx.o(.text)
    I2C1_ER_IRQHandler                       0x080002b3   Thumb Code     0  startup_stm32g431xx.o(.text)
    I2C1_EV_IRQHandler                       0x080002b3   Thumb Code     0  startup_stm32g431xx.o(.text)
    I2C2_ER_IRQHandler                       0x080002b3   Thumb Code     0  startup_stm32g431xx.o(.text)
    I2C2_EV_IRQHandler                       0x080002b3   Thumb Code     0  startup_stm32g431xx.o(.text)
    I2C3_ER_IRQHandler                       0x080002b3   Thumb Code     0  startup_stm32g431xx.o(.text)
    I2C3_EV_IRQHandler                       0x080002b3   Thumb Code     0  startup_stm32g431xx.o(.text)
    LPTIM1_IRQHandler                        0x080002b3   Thumb Code     0  startup_stm32g431xx.o(.text)
    LPUART1_IRQHandler                       0x080002b3   Thumb Code     0  startup_stm32g431xx.o(.text)
    PVD_PVM_IRQHandler                       0x080002b3   Thumb Code     0  startup_stm32g431xx.o(.text)
    RCC_IRQHandler                           0x080002b3   Thumb Code     0  startup_stm32g431xx.o(.text)
    RNG_IRQHandler                           0x080002b3   Thumb Code     0  startup_stm32g431xx.o(.text)
    RTC_Alarm_IRQHandler                     0x080002b3   Thumb Code     0  startup_stm32g431xx.o(.text)
    RTC_TAMP_LSECSS_IRQHandler               0x080002b3   Thumb Code     0  startup_stm32g431xx.o(.text)
    RTC_WKUP_IRQHandler                      0x080002b3   Thumb Code     0  startup_stm32g431xx.o(.text)
    SAI1_IRQHandler                          0x080002b3   Thumb Code     0  startup_stm32g431xx.o(.text)
    SPI1_IRQHandler                          0x080002b3   Thumb Code     0  startup_stm32g431xx.o(.text)
    SPI2_IRQHandler                          0x080002b3   Thumb Code     0  startup_stm32g431xx.o(.text)
    SPI3_IRQHandler                          0x080002b3   Thumb Code     0  startup_stm32g431xx.o(.text)
    TIM1_BRK_TIM15_IRQHandler                0x080002b3   Thumb Code     0  startup_stm32g431xx.o(.text)
    TIM1_CC_IRQHandler                       0x080002b3   Thumb Code     0  startup_stm32g431xx.o(.text)
    TIM1_TRG_COM_TIM17_IRQHandler            0x080002b3   Thumb Code     0  startup_stm32g431xx.o(.text)
    TIM1_UP_TIM16_IRQHandler                 0x080002b3   Thumb Code     0  startup_stm32g431xx.o(.text)
    TIM2_IRQHandler                          0x080002b3   Thumb Code     0  startup_stm32g431xx.o(.text)
    TIM3_IRQHandler                          0x080002b3   Thumb Code     0  startup_stm32g431xx.o(.text)
    TIM4_IRQHandler                          0x080002b3   Thumb Code     0  startup_stm32g431xx.o(.text)
    TIM6_DAC_IRQHandler                      0x080002b3   Thumb Code     0  startup_stm32g431xx.o(.text)
    TIM7_IRQHandler                          0x080002b3   Thumb Code     0  startup_stm32g431xx.o(.text)
    TIM8_BRK_IRQHandler                      0x080002b3   Thumb Code     0  startup_stm32g431xx.o(.text)
    TIM8_CC_IRQHandler                       0x080002b3   Thumb Code     0  startup_stm32g431xx.o(.text)
    TIM8_TRG_COM_IRQHandler                  0x080002b3   Thumb Code     0  startup_stm32g431xx.o(.text)
    TIM8_UP_IRQHandler                       0x080002b3   Thumb Code     0  startup_stm32g431xx.o(.text)
    UART4_IRQHandler                         0x080002b3   Thumb Code     0  startup_stm32g431xx.o(.text)
    UCPD1_IRQHandler                         0x080002b3   Thumb Code     0  startup_stm32g431xx.o(.text)
    USART2_IRQHandler                        0x080002b3   Thumb Code     0  startup_stm32g431xx.o(.text)
    USART3_IRQHandler                        0x080002b3   Thumb Code     0  startup_stm32g431xx.o(.text)
    USBWakeUp_IRQHandler                     0x080002b3   Thumb Code     0  startup_stm32g431xx.o(.text)
    USB_HP_IRQHandler                        0x080002b3   Thumb Code     0  startup_stm32g431xx.o(.text)
    USB_LP_IRQHandler                        0x080002b3   Thumb Code     0  startup_stm32g431xx.o(.text)
    WWDG_IRQHandler                          0x080002b3   Thumb Code     0  startup_stm32g431xx.o(.text)
    __user_initial_stackheap                 0x080002b5   Thumb Code     0  startup_stm32g431xx.o(.text)
    __aeabi_uldivmod                         0x080002d9   Thumb Code     0  lludivv7m.o(.text)
    _ll_udiv                                 0x080002d9   Thumb Code   238  lludivv7m.o(.text)
    __2sprintf                               0x080003c9   Thumb Code    34  noretval__2sprintf.o(.text)
    _printf_int_dec                          0x080003f1   Thumb Code   104  _printf_dec.o(.text)
    __printf                                 0x08000469   Thumb Code   270  __printf_wp.o(.text)
    strlen                                   0x08000577   Thumb Code    62  strlen.o(.text)
    __aeabi_memclr4                          0x080005b5   Thumb Code     0  rt_memclr_w.o(.text)
    __aeabi_memclr8                          0x080005b5   Thumb Code     0  rt_memclr_w.o(.text)
    __rt_memclr_w                            0x080005b5   Thumb Code    78  rt_memclr_w.o(.text)
    _memset_w                                0x080005b9   Thumb Code     0  rt_memclr_w.o(.text)
    strcmp                                   0x08000605   Thumb Code   128  strcmpv7m.o(.text)
    __use_two_region_memory                  0x08000685   Thumb Code     2  heapauxi.o(.text)
    __rt_heap_escrow$2region                 0x08000687   Thumb Code     2  heapauxi.o(.text)
    __rt_heap_expand$2region                 0x08000689   Thumb Code     2  heapauxi.o(.text)
    _printf_int_common                       0x0800068b   Thumb Code   178  _printf_intcommon.o(.text)
    __lib_sel_fp_printf                      0x0800073d   Thumb Code     2  _printf_fp_dec.o(.text)
    _printf_fp_dec_real                      0x080008eb   Thumb Code   620  _printf_fp_dec.o(.text)
    _printf_char_common                      0x08000b63   Thumb Code    32  _printf_char_common.o(.text)
    _sputc                                   0x08000b89   Thumb Code    10  _sputc.o(.text)
    __rt_locale                              0x08000b95   Thumb Code     8  rt_locale_intlibspace.o(.text)
    _ll_udiv10                               0x08000b9d   Thumb Code   138  lludiv10.o(.text)
    _printf_fp_infnan                        0x08000c29   Thumb Code   112  _printf_fp_infnan.o(.text)
    _btod_etento                             0x08000ca9   Thumb Code   216  bigflt0.o(.text)
    __user_libspace                          0x08000d85   Thumb Code     8  libspace.o(.text)
    __user_perproc_libspace                  0x08000d85   Thumb Code     0  libspace.o(.text)
    __user_perthread_libspace                0x08000d85   Thumb Code     0  libspace.o(.text)
    __user_setup_stackheap                   0x08000d8d   Thumb Code    74  sys_stackheap_outer.o(.text)
    exit                                     0x08000dd7   Thumb Code    12  exit.o(.text)
    _sys_exit                                0x08000de5   Thumb Code     8  sys_exit.o(.text)
    __I$use$semihosting                      0x08000df1   Thumb Code     0  use_no_semi.o(.text)
    __use_no_semihosting_swi                 0x08000df1   Thumb Code     2  use_no_semi.o(.text)
    __semihosting_library_function           0x08000df3   Thumb Code     0  indicate_semi.o(.text)
    _btod_d2e                                0x08000df3   Thumb Code    62  btod.o(CL$$btod_d2e)
    _d2e_denorm_low                          0x08000e31   Thumb Code    70  btod.o(CL$$btod_d2e_denorm_low)
    _d2e_norm_op1                            0x08000e77   Thumb Code    96  btod.o(CL$$btod_d2e_norm_op1)
    __btod_div_common                        0x08000ed7   Thumb Code   696  btod.o(CL$$btod_div_common)
    _e2e                                     0x0800120f   Thumb Code   198  btod.o(CL$$btod_e2e)
    _btod_ediv                               0x080012d5   Thumb Code    40  btod.o(CL$$btod_ediv)
    _btod_emul                               0x080012fd   Thumb Code    40  btod.o(CL$$btod_emul)
    __btod_mult_common                       0x08001325   Thumb Code   580  btod.o(CL$$btod_mult_common)
    BusFault_Handler                         0x08001569   Thumb Code     2  stm32g4xx_it.o(i.BusFault_Handler)
    DebugMon_Handler                         0x0800156b   Thumb Code     2  stm32g4xx_it.o(i.DebugMon_Handler)
    Delay_LCD                                0x0800156d   Thumb Code    28  lcd.o(i.Delay_LCD)
    EE_rd                                    0x08001589   Thumb Code   112  code.o(i.EE_rd)
    EE_wr_pri                                0x080015fd   Thumb Code    70  code.o(i.EE_wr_pri)
    EE_wr_rep                                0x08001649   Thumb Code    30  code.o(i.EE_wr_rep)
    Error_Handler                            0x0800166d   Thumb Code     4  main.o(i.Error_Handler)
    HAL_DMA_Abort                            0x08001671   Thumb Code   106  stm32g4xx_hal_dma.o(i.HAL_DMA_Abort)
    HAL_DMA_Abort_IT                         0x080016db   Thumb Code   120  stm32g4xx_hal_dma.o(i.HAL_DMA_Abort_IT)
    HAL_Delay                                0x08001755   Thumb Code    32  stm32g4xx_hal.o(i.HAL_Delay)
    HAL_GPIO_Init                            0x08001779   Thumb Code   550  stm32g4xx_hal_gpio.o(i.HAL_GPIO_Init)
    HAL_GPIO_ReadPin                         0x080019c1   Thumb Code    10  stm32g4xx_hal_gpio.o(i.HAL_GPIO_ReadPin)
    HAL_GPIO_TogglePin                       0x080019cb   Thumb Code    16  stm32g4xx_hal_gpio.o(i.HAL_GPIO_TogglePin)
    HAL_GPIO_WritePin                        0x080019db   Thumb Code    10  stm32g4xx_hal_gpio.o(i.HAL_GPIO_WritePin)
    HAL_GetTick                              0x080019e5   Thumb Code     6  stm32g4xx_hal.o(i.HAL_GetTick)
    HAL_IncTick                              0x080019f1   Thumb Code    12  stm32g4xx_hal.o(i.HAL_IncTick)
    HAL_Init                                 0x08001a01   Thumb Code    30  stm32g4xx_hal.o(i.HAL_Init)
    HAL_InitTick                             0x08001a21   Thumb Code    58  stm32g4xx_hal.o(i.HAL_InitTick)
    HAL_MspInit                              0x08001a65   Thumb Code    42  stm32g4xx_hal_msp.o(i.HAL_MspInit)
    HAL_NVIC_EnableIRQ                       0x08001a95   Thumb Code    26  stm32g4xx_hal_cortex.o(i.HAL_NVIC_EnableIRQ)
    HAL_NVIC_SetPriority                     0x08001ab1   Thumb Code    60  stm32g4xx_hal_cortex.o(i.HAL_NVIC_SetPriority)
    HAL_NVIC_SetPriorityGrouping             0x08001af1   Thumb Code    26  stm32g4xx_hal_cortex.o(i.HAL_NVIC_SetPriorityGrouping)
    HAL_PWREx_ControlVoltageScaling          0x08001b15   Thumb Code   174  stm32g4xx_hal_pwr_ex.o(i.HAL_PWREx_ControlVoltageScaling)
    HAL_PWREx_DisableUCPDDeadBattery         0x08001bd1   Thumb Code    12  stm32g4xx_hal_pwr_ex.o(i.HAL_PWREx_DisableUCPDDeadBattery)
    HAL_RCCEx_PeriphCLKConfig                0x08001be1   Thumb Code   638  stm32g4xx_hal_rcc_ex.o(i.HAL_RCCEx_PeriphCLKConfig)
    HAL_RCC_ClockConfig                      0x08001e69   Thumb Code   444  stm32g4xx_hal_rcc.o(i.HAL_RCC_ClockConfig)
    HAL_RCC_GetPCLK1Freq                     0x08002045   Thumb Code    24  stm32g4xx_hal_rcc.o(i.HAL_RCC_GetPCLK1Freq)
    HAL_RCC_GetPCLK2Freq                     0x08002069   Thumb Code    24  stm32g4xx_hal_rcc.o(i.HAL_RCC_GetPCLK2Freq)
    HAL_RCC_GetSysClockFreq                  0x0800208d   Thumb Code    98  stm32g4xx_hal_rcc.o(i.HAL_RCC_GetSysClockFreq)
    HAL_RCC_OscConfig                        0x080020f9   Thumb Code  1036  stm32g4xx_hal_rcc.o(i.HAL_RCC_OscConfig)
    HAL_SYSTICK_Config                       0x08002505   Thumb Code    40  stm32g4xx_hal_cortex.o(i.HAL_SYSTICK_Config)
    HAL_TIMEx_MasterConfigSynchronization    0x0800252d   Thumb Code   132  stm32g4xx_hal_tim_ex.o(i.HAL_TIMEx_MasterConfigSynchronization)
    HAL_TIM_Base_Init                        0x080025c9   Thumb Code    98  stm32g4xx_hal_tim.o(i.HAL_TIM_Base_Init)
    HAL_TIM_Base_MspInit                     0x0800262d   Thumb Code    30  stm32g4xx_hal_msp.o(i.HAL_TIM_Base_MspInit)
    HAL_TIM_ConfigClockSource                0x08002651   Thumb Code   246  stm32g4xx_hal_tim.o(i.HAL_TIM_ConfigClockSource)
    HAL_TIM_MspPostInit                      0x08002751   Thumb Code    70  stm32g4xx_hal_msp.o(i.HAL_TIM_MspPostInit)
    HAL_TIM_PWM_ConfigChannel                0x0800279d   Thumb Code   292  stm32g4xx_hal_tim.o(i.HAL_TIM_PWM_ConfigChannel)
    HAL_TIM_PWM_Init                         0x080028c1   Thumb Code    98  stm32g4xx_hal_tim.o(i.HAL_TIM_PWM_Init)
    HAL_TIM_PWM_MspInit                      0x08002923   Thumb Code     2  stm32g4xx_hal_tim.o(i.HAL_TIM_PWM_MspInit)
    HAL_TIM_PWM_Start                        0x08002925   Thumb Code   218  stm32g4xx_hal_tim.o(i.HAL_TIM_PWM_Start)
    HAL_UARTEx_DisableFifoMode               0x08002a21   Thumb Code    62  stm32g4xx_hal_uart_ex.o(i.HAL_UARTEx_DisableFifoMode)
    HAL_UARTEx_RxEventCallback               0x08002a5f   Thumb Code     2  stm32g4xx_hal_uart.o(i.HAL_UARTEx_RxEventCallback)
    HAL_UARTEx_RxFifoFullCallback            0x08002a61   Thumb Code     2  stm32g4xx_hal_uart_ex.o(i.HAL_UARTEx_RxFifoFullCallback)
    HAL_UARTEx_SetRxFifoThreshold            0x08002a63   Thumb Code    76  stm32g4xx_hal_uart_ex.o(i.HAL_UARTEx_SetRxFifoThreshold)
    HAL_UARTEx_SetTxFifoThreshold            0x08002aaf   Thumb Code    76  stm32g4xx_hal_uart_ex.o(i.HAL_UARTEx_SetTxFifoThreshold)
    HAL_UARTEx_TxFifoEmptyCallback           0x08002afb   Thumb Code     2  stm32g4xx_hal_uart_ex.o(i.HAL_UARTEx_TxFifoEmptyCallback)
    HAL_UARTEx_WakeupCallback                0x08002afd   Thumb Code     2  stm32g4xx_hal_uart_ex.o(i.HAL_UARTEx_WakeupCallback)
    HAL_UART_ErrorCallback                   0x08002aff   Thumb Code     2  stm32g4xx_hal_uart.o(i.HAL_UART_ErrorCallback)
    HAL_UART_IRQHandler                      0x08002b01   Thumb Code   722  stm32g4xx_hal_uart.o(i.HAL_UART_IRQHandler)
    HAL_UART_Init                            0x08002de1   Thumb Code   106  stm32g4xx_hal_uart.o(i.HAL_UART_Init)
    HAL_UART_MspInit                         0x08002e4d   Thumb Code   132  stm32g4xx_hal_msp.o(i.HAL_UART_MspInit)
    HAL_UART_Receive_IT                      0x08002ed9   Thumb Code    80  stm32g4xx_hal_uart.o(i.HAL_UART_Receive_IT)
    HAL_UART_RxCpltCallback                  0x08002f2d   Thumb Code    90  code.o(i.HAL_UART_RxCpltCallback)
    HAL_UART_Transmit                        0x08002fa5   Thumb Code   188  stm32g4xx_hal_uart.o(i.HAL_UART_Transmit)
    HAL_UART_TxCpltCallback                  0x08003061   Thumb Code     2  stm32g4xx_hal_uart.o(i.HAL_UART_TxCpltCallback)
    HardFault_Handler                        0x08003063   Thumb Code     2  stm32g4xx_it.o(i.HardFault_Handler)
    I2CInit                                  0x08003065   Thumb Code    38  i2c_hal.o(i.I2CInit)
    I2CReceiveByte                           0x08003091   Thumb Code    78  i2c_hal.o(i.I2CReceiveByte)
    I2CSendByte                              0x080030df   Thumb Code    78  i2c_hal.o(i.I2CSendByte)
    I2CStart                                 0x0800312d   Thumb Code    54  i2c_hal.o(i.I2CStart)
    I2CStop                                  0x08003163   Thumb Code    54  i2c_hal.o(i.I2CStop)
    I2CWaitAck                               0x08003199   Thumb Code    80  i2c_hal.o(i.I2CWaitAck)
    LCD_BusIn                                0x080031e9   Thumb Code    40  lcd.o(i.LCD_BusIn)
    LCD_BusOut                               0x08003215   Thumb Code    42  lcd.o(i.LCD_BusOut)
    LCD_CtrlLinesConfig                      0x08003245   Thumb Code   136  lcd.o(i.LCD_CtrlLinesConfig)
    LCD_DisplayChar                          0x080032d5   Thumb Code    18  lcd.o(i.LCD_DisplayChar)
    LCD_DisplayStringLine                    0x080032ed   Thumb Code    42  lcd.o(i.LCD_DisplayStringLine)
    LCD_DrawChar                             0x08003319   Thumb Code    84  lcd.o(i.LCD_DrawChar)
    LCD_Init                                 0x08003371   Thumb Code    46  lcd.o(i.LCD_Init)
    LCD_ReadReg                              0x080033a5   Thumb Code   120  lcd.o(i.LCD_ReadReg)
    LCD_SetBackColor                         0x08003425   Thumb Code    12  lcd.o(i.LCD_SetBackColor)
    LCD_SetCursor                            0x08003435   Thumb Code    24  lcd.o(i.LCD_SetCursor)
    LCD_SetTextColor                         0x0800344d   Thumb Code    12  lcd.o(i.LCD_SetTextColor)
    LCD_WriteRAM                             0x0800345d   Thumb Code    80  lcd.o(i.LCD_WriteRAM)
    LCD_WriteRAM_Prepare                     0x080034b5   Thumb Code    82  lcd.o(i.LCD_WriteRAM_Prepare)
    LCD_WriteReg                             0x08003511   Thumb Code   100  lcd.o(i.LCD_WriteReg)
    MemManage_Handler                        0x08003795   Thumb Code     2  stm32g4xx_it.o(i.MemManage_Handler)
    NMI_Handler                              0x08003797   Thumb Code     2  stm32g4xx_it.o(i.NMI_Handler)
    PendSV_Handler                           0x08003799   Thumb Code     2  stm32g4xx_it.o(i.PendSV_Handler)
    REG_8230_Init                            0x0800379b   Thumb Code   274  lcd.o(i.REG_8230_Init)
    REG_932X_Init                            0x080038ad   Thumb Code   514  lcd.o(i.REG_932X_Init)
    SCL_Output                               0x08003ab1   Thumb Code    20  i2c_hal.o(i.SCL_Output)
    SDA_Input                                0x08003ac9   Thumb Code    18  i2c_hal.o(i.SDA_Input)
    SDA_Input_Mode                           0x08003ae1   Thumb Code    40  i2c_hal.o(i.SDA_Input_Mode)
    SDA_Output                               0x08003b0d   Thumb Code    20  i2c_hal.o(i.SDA_Output)
    SDA_Output_Mode                          0x08003b25   Thumb Code    40  i2c_hal.o(i.SDA_Output_Mode)
    SVC_Handler                              0x08003b51   Thumb Code     2  stm32g4xx_it.o(i.SVC_Handler)
    SysTick_Handler                          0x08003b55   Thumb Code   100  stm32g4xx_it.o(i.SysTick_Handler)
    SystemClock_Config                       0x08003bd5   Thumb Code   106  main.o(i.SystemClock_Config)
    SystemInit                               0x08003c41   Thumb Code    12  system_stm32g4xx.o(i.SystemInit)
    TIM_Base_SetConfig                       0x08003c51   Thumb Code   146  stm32g4xx_hal_tim.o(i.TIM_Base_SetConfig)
    TIM_CCxChannelCmd                        0x08003d01   Thumb Code    26  stm32g4xx_hal_tim.o(i.TIM_CCxChannelCmd)
    TIM_ETR_SetConfig                        0x08003d1b   Thumb Code    20  stm32g4xx_hal_tim.o(i.TIM_ETR_SetConfig)
    TIM_OC2_SetConfig                        0x08003de1   Thumb Code   120  stm32g4xx_hal_tim.o(i.TIM_OC2_SetConfig)
    UART_AdvFeatureConfig                    0x080040fd   Thumb Code   200  stm32g4xx_hal_uart.o(i.UART_AdvFeatureConfig)
    UART_CheckIdleState                      0x080041c5   Thumb Code    96  stm32g4xx_hal_uart.o(i.UART_CheckIdleState)
    UART_SetConfig                           0x080046bd   Thumb Code   582  stm32g4xx_hal_uart.o(i.UART_SetConfig)
    UART_Start_Receive_IT                    0x08004931   Thumb Code   262  stm32g4xx_hal_uart.o(i.UART_Start_Receive_IT)
    UART_WaitOnFlagUntilTimeout              0x08004a49   Thumb Code   198  stm32g4xx_hal_uart.o(i.UART_WaitOnFlagUntilTimeout)
    USART1_IRQHandler                        0x08004b11   Thumb Code     6  stm32g4xx_it.o(i.USART1_IRQHandler)
    UsageFault_Handler                       0x08004b1d   Thumb Code     2  stm32g4xx_it.o(i.UsageFault_Handler)
    __ARM_fpclassify                         0x08004b1f   Thumb Code    48  fpclassify.o(i.__ARM_fpclassify)
    _is_digit                                0x08004b6f   Thumb Code    14  __printf_wp.o(i._is_digit)
    key1_f                                   0x08004b89   Thumb Code    48  code.o(i.key1_f)
    key_add                                  0x08004bbd   Thumb Code   128  code.o(i.key_add)
    key_cfom                                 0x08004c49   Thumb Code   144  code.o(i.key_cfom)
    key_menu                                 0x08004cf5   Thumb Code    62  code.o(i.key_menu)
    key_scan                                 0x08004d39   Thumb Code   176  code.o(i.key_scan)
    lcd_fir                                  0x08004df1   Thumb Code    62  code.o(i.lcd_fir)
    lcd_menu                                 0x08004e49   Thumb Code    54  code.o(i.lcd_menu)
    lcd_price                                0x08004e85   Thumb Code    78  code.o(i.lcd_price)
    lcd_rep                                  0x08004f21   Thumb Code    54  code.o(i.lcd_rep)
    lcd_shop                                 0x08004fa5   Thumb Code    54  code.o(i.lcd_shop)
    led_main                                 0x08005029   Thumb Code   192  code.o(i.led_main)
    main                                     0x080050f5   Thumb Code    86  main.o(i.main)
    pwm_main                                 0x08005155   Thumb Code    22  code.o(i.pwm_main)
    x_rd                                     0x08005175   Thumb Code    60  code.o(i.x_rd)
    x_wr                                     0x080051b1   Thumb Code    48  code.o(i.x_wr)
    _get_lc_numeric                          0x080051e1   Thumb Code    44  lc_numeric_c.o(locale$$code)
    __aeabi_d2f                              0x0800520d   Thumb Code     0  d2f.o(x$fpl$d2f)
    _d2f                                     0x0800520d   Thumb Code    98  d2f.o(x$fpl$d2f)
    __aeabi_dadd                             0x08005271   Thumb Code     0  daddsub_clz.o(x$fpl$dadd)
    _dadd                                    0x08005271   Thumb Code   332  daddsub_clz.o(x$fpl$dadd)
    __fpl_dnaninf                            0x080053c1   Thumb Code   156  dnaninf.o(x$fpl$dnaninf)
    __fpl_dretinf                            0x0800545d   Thumb Code    12  dretinf.o(x$fpl$dretinf)
    __aeabi_dsub                             0x08005469   Thumb Code     0  daddsub_clz.o(x$fpl$dsub)
    _dsub                                    0x08005469   Thumb Code   464  daddsub_clz.o(x$fpl$dsub)
    __aeabi_f2d                              0x0800563d   Thumb Code     0  f2d.o(x$fpl$f2d)
    _f2d                                     0x0800563d   Thumb Code    86  f2d.o(x$fpl$f2d)
    __fpl_fnaninf                            0x08005693   Thumb Code   140  fnaninf.o(x$fpl$fnaninf)
    _fp_init                                 0x0800571f   Thumb Code    10  fpinit.o(x$fpl$fpinit)
    __fplib_config_fpu_vfp                   0x08005727   Thumb Code     0  fpinit.o(x$fpl$fpinit)
    __fplib_config_pureend_doubles           0x08005727   Thumb Code     0  fpinit.o(x$fpl$fpinit)
    __fpl_fretinf                            0x08005729   Thumb Code    10  fretinf.o(x$fpl$fretinf)
    _printf_fp_dec                           0x08005733   Thumb Code     4  printf1.o(x$fpl$printf1)
    ASCII_Table                              0x08005736   Data        4560  lcd.o(.constdata)
    __I$use$fp                               0x08005736   Number         0  usenofp.o(x$fpl$usenofp)
    UARTPrescTable                           0x08006906   Data          24  stm32g4xx_hal_uart.o(.constdata)
    AHBPrescTable                            0x0800692e   Data          16  system_stm32g4xx.o(.constdata)
    APBPrescTable                            0x0800693e   Data           8  system_stm32g4xx.o(.constdata)
    Region$$Table$$Base                      0x080069dc   Number         0  anon$$obj.o(Region$$Table)
    Region$$Table$$Limit                     0x080069fc   Number         0  anon$$obj.o(Region$$Table)
    rec                                      0x20000000   Data           1  code.o(.data)
    lcd_dis                                  0x20000004   Data           4  code.o(.data)
    pwm_en                                   0x20000008   Data           4  code.o(.data)
    led1_en                                  0x2000000c   Data           4  code.o(.data)
    tim_en                                   0x20000010   Data           4  code.o(.data)
    led2_en                                  0x20000014   Data           4  code.o(.data)
    s_num                                    0x20000028   Data           8  code.o(.data)
    s_pri                                    0x20000030   Data           8  code.o(.data)
    s_rep                                    0x20000038   Data           8  code.o(.data)
    s_rep_tmp                                0x20000040   Data           8  code.o(.data)
    count_pwm                                0x20000048   Data           4  code.o(.data)
    count_led                                0x2000004c   Data           4  code.o(.data)
    count_led2                               0x20000050   Data           4  code.o(.data)
    dummy                                    0x20000058   Data           2  lcd.o(.data)
    uwTickPrio                               0x2000005c   Data           4  stm32g4xx_hal.o(.data)
    uwTickFreq                               0x20000060   Data           4  stm32g4xx_hal.o(.data)
    uwTick                                   0x20000064   Data           4  stm32g4xx_hal.o(.data)
    SystemCoreClock                          0x20000068   Data           4  system_stm32g4xx.o(.data)
    htim2                                    0x2000006c   Data          76  main.o(.bss)
    huart1                                   0x200000b8   Data         144  main.o(.bss)
    __libspace_start                         0x20000148   Data          96  libspace.o(.bss)
    __temporary_stack_top$libspace           0x200001a8   Data           0  libspace.o(.bss)



==============================================================================

Memory Map of the image

  Image Entry point : 0x080001d9

  Load Region LR_IROM1 (Base: 0x08000000, Size: 0x00006a84, Max: 0x00020000, ABSOLUTE)

    Execution Region ER_IROM1 (Base: 0x08000000, Size: 0x00006a18, Max: 0x00020000, ABSOLUTE)

    Base Addr    Size         Type   Attr      Idx    E Section Name        Object

    0x08000000   0x000001d8   Data   RO            3    RESET               startup_stm32g431xx.o
    0x080001d8   0x00000008   Code   RO         3989  * !!!main             c_w.l(__main.o)
    0x080001e0   0x00000034   Code   RO         4228    !!!scatter          c_w.l(__scatter.o)
    0x08000214   0x0000001a   Code   RO         4230    !!handler_copy      c_w.l(__scatter_copy.o)
    0x0800022e   0x00000002   PAD
    0x08000230   0x0000001c   Code   RO         4232    !!handler_zi        c_w.l(__scatter_zi.o)
    0x0800024c   0x00000000   Code   RO         3980    .ARM.Collect$$_printf_percent$$00000000  c_w.l(_printf_percent.o)
    0x0800024c   0x00000006   Code   RO         3979    .ARM.Collect$$_printf_percent$$00000003  c_w.l(_printf_f.o)
    0x08000252   0x00000006   Code   RO         3978    .ARM.Collect$$_printf_percent$$00000009  c_w.l(_printf_d.o)
    0x08000258   0x00000004   Code   RO         4016    .ARM.Collect$$_printf_percent$$00000017  c_w.l(_printf_percent_end.o)
    0x0800025c   0x00000002   Code   RO         4102    .ARM.Collect$$libinit$$00000000  c_w.l(libinit.o)
    0x0800025e   0x00000004   Code   RO         4103    .ARM.Collect$$libinit$$00000001  c_w.l(libinit2.o)
    0x08000262   0x00000000   Code   RO         4106    .ARM.Collect$$libinit$$00000004  c_w.l(libinit2.o)
    0x08000262   0x00000000   Code   RO         4109    .ARM.Collect$$libinit$$0000000A  c_w.l(libinit2.o)
    0x08000262   0x00000000   Code   RO         4111    .ARM.Collect$$libinit$$0000000C  c_w.l(libinit2.o)
    0x08000262   0x00000000   Code   RO         4113    .ARM.Collect$$libinit$$0000000E  c_w.l(libinit2.o)
    0x08000262   0x00000006   Code   RO         4114    .ARM.Collect$$libinit$$0000000F  c_w.l(libinit2.o)
    0x08000268   0x00000000   Code   RO         4116    .ARM.Collect$$libinit$$00000011  c_w.l(libinit2.o)
    0x08000268   0x00000000   Code   RO         4118    .ARM.Collect$$libinit$$00000013  c_w.l(libinit2.o)
    0x08000268   0x00000000   Code   RO         4120    .ARM.Collect$$libinit$$00000015  c_w.l(libinit2.o)
    0x08000268   0x0000000a   Code   RO         4121    .ARM.Collect$$libinit$$00000016  c_w.l(libinit2.o)
    0x08000272   0x00000000   Code   RO         4122    .ARM.Collect$$libinit$$00000017  c_w.l(libinit2.o)
    0x08000272   0x00000000   Code   RO         4124    .ARM.Collect$$libinit$$00000019  c_w.l(libinit2.o)
    0x08000272   0x00000000   Code   RO         4126    .ARM.Collect$$libinit$$0000001B  c_w.l(libinit2.o)
    0x08000272   0x00000000   Code   RO         4128    .ARM.Collect$$libinit$$0000001D  c_w.l(libinit2.o)
    0x08000272   0x00000000   Code   RO         4130    .ARM.Collect$$libinit$$0000001F  c_w.l(libinit2.o)
    0x08000272   0x00000000   Code   RO         4132    .ARM.Collect$$libinit$$00000021  c_w.l(libinit2.o)
    0x08000272   0x00000000   Code   RO         4134    .ARM.Collect$$libinit$$00000023  c_w.l(libinit2.o)
    0x08000272   0x00000000   Code   RO         4136    .ARM.Collect$$libinit$$00000025  c_w.l(libinit2.o)
    0x08000272   0x00000000   Code   RO         4140    .ARM.Collect$$libinit$$0000002C  c_w.l(libinit2.o)
    0x08000272   0x00000000   Code   RO         4142    .ARM.Collect$$libinit$$0000002E  c_w.l(libinit2.o)
    0x08000272   0x00000000   Code   RO         4144    .ARM.Collect$$libinit$$00000030  c_w.l(libinit2.o)
    0x08000272   0x00000000   Code   RO         4146    .ARM.Collect$$libinit$$00000032  c_w.l(libinit2.o)
    0x08000272   0x00000002   Code   RO         4147    .ARM.Collect$$libinit$$00000033  c_w.l(libinit2.o)
    0x08000274   0x00000002   Code   RO         4194    .ARM.Collect$$libshutdown$$00000000  c_w.l(libshutdown.o)
    0x08000276   0x00000000   Code   RO         4213    .ARM.Collect$$libshutdown$$00000003  c_w.l(libshutdown2.o)
    0x08000276   0x00000000   Code   RO         4216    .ARM.Collect$$libshutdown$$00000006  c_w.l(libshutdown2.o)
    0x08000276   0x00000000   Code   RO         4219    .ARM.Collect$$libshutdown$$00000009  c_w.l(libshutdown2.o)
    0x08000276   0x00000000   Code   RO         4221    .ARM.Collect$$libshutdown$$0000000B  c_w.l(libshutdown2.o)
    0x08000276   0x00000000   Code   RO         4224    .ARM.Collect$$libshutdown$$0000000E  c_w.l(libshutdown2.o)
    0x08000276   0x00000002   Code   RO         4225    .ARM.Collect$$libshutdown$$0000000F  c_w.l(libshutdown2.o)
    0x08000278   0x00000000   Code   RO         4003    .ARM.Collect$$rtentry$$00000000  c_w.l(__rtentry.o)
    0x08000278   0x00000000   Code   RO         4027    .ARM.Collect$$rtentry$$00000002  c_w.l(__rtentry2.o)
    0x08000278   0x00000006   Code   RO         4039    .ARM.Collect$$rtentry$$00000004  c_w.l(__rtentry4.o)
    0x0800027e   0x00000000   Code   RO         4029    .ARM.Collect$$rtentry$$00000009  c_w.l(__rtentry2.o)
    0x0800027e   0x00000004   Code   RO         4030    .ARM.Collect$$rtentry$$0000000A  c_w.l(__rtentry2.o)
    0x08000282   0x00000000   Code   RO         4032    .ARM.Collect$$rtentry$$0000000C  c_w.l(__rtentry2.o)
    0x08000282   0x00000008   Code   RO         4033    .ARM.Collect$$rtentry$$0000000D  c_w.l(__rtentry2.o)
    0x0800028a   0x00000002   Code   RO         4148    .ARM.Collect$$rtexit$$00000000  c_w.l(rtexit.o)
    0x0800028c   0x00000000   Code   RO         4163    .ARM.Collect$$rtexit$$00000002  c_w.l(rtexit2.o)
    0x0800028c   0x00000004   Code   RO         4164    .ARM.Collect$$rtexit$$00000003  c_w.l(rtexit2.o)
    0x08000290   0x00000006   Code   RO         4165    .ARM.Collect$$rtexit$$00000004  c_w.l(rtexit2.o)
    0x08000296   0x00000002   PAD
    0x08000298   0x00000040   Code   RO            4    .text               startup_stm32g431xx.o
    0x080002d8   0x000000ee   Code   RO         3948    .text               c_w.l(lludivv7m.o)
    0x080003c6   0x00000002   PAD
    0x080003c8   0x00000028   Code   RO         3952    .text               c_w.l(noretval__2sprintf.o)
    0x080003f0   0x00000078   Code   RO         3956    .text               c_w.l(_printf_dec.o)
    0x08000468   0x0000010e   Code   RO         3966    .text               c_w.l(__printf_wp.o)
    0x08000576   0x0000003e   Code   RO         3981    .text               c_w.l(strlen.o)
    0x080005b4   0x0000004e   Code   RO         3983    .text               c_w.l(rt_memclr_w.o)
    0x08000602   0x00000002   PAD
    0x08000604   0x00000080   Code   RO         3985    .text               c_w.l(strcmpv7m.o)
    0x08000684   0x00000006   Code   RO         3987    .text               c_w.l(heapauxi.o)
    0x0800068a   0x000000b2   Code   RO         4008    .text               c_w.l(_printf_intcommon.o)
    0x0800073c   0x0000041a   Code   RO         4010    .text               c_w.l(_printf_fp_dec.o)
    0x08000b56   0x00000002   PAD
    0x08000b58   0x00000030   Code   RO         4012    .text               c_w.l(_printf_char_common.o)
    0x08000b88   0x0000000a   Code   RO         4014    .text               c_w.l(_sputc.o)
    0x08000b92   0x00000002   PAD
    0x08000b94   0x00000008   Code   RO         4046    .text               c_w.l(rt_locale_intlibspace.o)
    0x08000b9c   0x0000008a   Code   RO         4048    .text               c_w.l(lludiv10.o)
    0x08000c26   0x00000002   PAD
    0x08000c28   0x00000080   Code   RO         4050    .text               c_w.l(_printf_fp_infnan.o)
    0x08000ca8   0x000000dc   Code   RO         4054    .text               c_w.l(bigflt0.o)
    0x08000d84   0x00000008   Code   RO         4086    .text               c_w.l(libspace.o)
    0x08000d8c   0x0000004a   Code   RO         4089    .text               c_w.l(sys_stackheap_outer.o)
    0x08000dd6   0x0000000c   Code   RO         4091    .text               c_w.l(exit.o)
    0x08000de2   0x00000002   PAD
    0x08000de4   0x0000000c   Code   RO         4160    .text               c_w.l(sys_exit.o)
    0x08000df0   0x00000002   Code   RO         4181    .text               c_w.l(use_no_semi.o)
    0x08000df2   0x00000000   Code   RO         4183    .text               c_w.l(indicate_semi.o)
    0x08000df2   0x0000003e   Code   RO         4057    CL$$btod_d2e        c_w.l(btod.o)
    0x08000e30   0x00000046   Code   RO         4059    CL$$btod_d2e_denorm_low  c_w.l(btod.o)
    0x08000e76   0x00000060   Code   RO         4058    CL$$btod_d2e_norm_op1  c_w.l(btod.o)
    0x08000ed6   0x00000338   Code   RO         4067    CL$$btod_div_common  c_w.l(btod.o)
    0x0800120e   0x000000c6   Code   RO         4064    CL$$btod_e2e        c_w.l(btod.o)
    0x080012d4   0x00000028   Code   RO         4061    CL$$btod_ediv       c_w.l(btod.o)
    0x080012fc   0x00000028   Code   RO         4060    CL$$btod_emul       c_w.l(btod.o)
    0x08001324   0x00000244   Code   RO         4066    CL$$btod_mult_common  c_w.l(btod.o)
    0x08001568   0x00000002   Code   RO          623    i.BusFault_Handler  stm32g4xx_it.o
    0x0800156a   0x00000002   Code   RO          624    i.DebugMon_Handler  stm32g4xx_it.o
    0x0800156c   0x0000001c   Code   RO          366    i.Delay_LCD         lcd.o
    0x08001588   0x00000074   Code   RO           14    i.EE_rd             code.o
    0x080015fc   0x0000004c   Code   RO           15    i.EE_wr_pri         code.o
    0x08001648   0x00000024   Code   RO           16    i.EE_wr_rep         code.o
    0x0800166c   0x00000004   Code   RO          569    i.Error_Handler     main.o
    0x08001670   0x0000006a   Code   RO         2980    i.HAL_DMA_Abort     stm32g4xx_hal_dma.o
    0x080016da   0x00000078   Code   RO         2981    i.HAL_DMA_Abort_IT  stm32g4xx_hal_dma.o
    0x08001752   0x00000002   PAD
    0x08001754   0x00000024   Code   RO         2151    i.HAL_Delay         stm32g4xx_hal.o
    0x08001778   0x00000248   Code   RO         2842    i.HAL_GPIO_Init     stm32g4xx_hal_gpio.o
    0x080019c0   0x0000000a   Code   RO         2844    i.HAL_GPIO_ReadPin  stm32g4xx_hal_gpio.o
    0x080019ca   0x00000010   Code   RO         2845    i.HAL_GPIO_TogglePin  stm32g4xx_hal_gpio.o
    0x080019da   0x0000000a   Code   RO         2846    i.HAL_GPIO_WritePin  stm32g4xx_hal_gpio.o
    0x080019e4   0x0000000c   Code   RO         2155    i.HAL_GetTick       stm32g4xx_hal.o
    0x080019f0   0x00000010   Code   RO         2158    i.HAL_IncTick       stm32g4xx_hal.o
    0x08001a00   0x0000001e   Code   RO         2159    i.HAL_Init          stm32g4xx_hal.o
    0x08001a1e   0x00000002   PAD
    0x08001a20   0x00000044   Code   RO         2160    i.HAL_InitTick      stm32g4xx_hal.o
    0x08001a64   0x00000030   Code   RO          705    i.HAL_MspInit       stm32g4xx_hal_msp.o
    0x08001a94   0x0000001a   Code   RO         3249    i.HAL_NVIC_EnableIRQ  stm32g4xx_hal_cortex.o
    0x08001aae   0x00000002   PAD
    0x08001ab0   0x00000040   Code   RO         3255    i.HAL_NVIC_SetPriority  stm32g4xx_hal_cortex.o
    0x08001af0   0x00000024   Code   RO         3256    i.HAL_NVIC_SetPriorityGrouping  stm32g4xx_hal_cortex.o
    0x08001b14   0x000000bc   Code   RO         1905    i.HAL_PWREx_ControlVoltageScaling  stm32g4xx_hal_pwr_ex.o
    0x08001bd0   0x00000010   Code   RO         1917    i.HAL_PWREx_DisableUCPDDeadBattery  stm32g4xx_hal_pwr_ex.o
    0x08001be0   0x00000288   Code   RO         2504    i.HAL_RCCEx_PeriphCLKConfig  stm32g4xx_hal_rcc_ex.o
    0x08001e68   0x000001dc   Code   RO         2379    i.HAL_RCC_ClockConfig  stm32g4xx_hal_rcc.o
    0x08002044   0x00000024   Code   RO         2387    i.HAL_RCC_GetPCLK1Freq  stm32g4xx_hal_rcc.o
    0x08002068   0x00000024   Code   RO         2388    i.HAL_RCC_GetPCLK2Freq  stm32g4xx_hal_rcc.o
    0x0800208c   0x0000006c   Code   RO         2389    i.HAL_RCC_GetSysClockFreq  stm32g4xx_hal_rcc.o
    0x080020f8   0x0000040c   Code   RO         2392    i.HAL_RCC_OscConfig  stm32g4xx_hal_rcc.o
    0x08002504   0x00000028   Code   RO         3260    i.HAL_SYSTICK_Config  stm32g4xx_hal_cortex.o
    0x0800252c   0x0000009c   Code   RO         1517    i.HAL_TIMEx_MasterConfigSynchronization  stm32g4xx_hal_tim_ex.o
    0x080025c8   0x00000062   Code   RO          761    i.HAL_TIM_Base_Init  stm32g4xx_hal_tim.o
    0x0800262a   0x00000002   PAD
    0x0800262c   0x00000024   Code   RO          707    i.HAL_TIM_Base_MspInit  stm32g4xx_hal_msp.o
    0x08002650   0x00000100   Code   RO          770    i.HAL_TIM_ConfigClockSource  stm32g4xx_hal_tim.o
    0x08002750   0x0000004c   Code   RO          708    i.HAL_TIM_MspPostInit  stm32g4xx_hal_msp.o
    0x0800279c   0x00000124   Code   RO          833    i.HAL_TIM_PWM_ConfigChannel  stm32g4xx_hal_tim.o
    0x080028c0   0x00000062   Code   RO          836    i.HAL_TIM_PWM_Init  stm32g4xx_hal_tim.o
    0x08002922   0x00000002   Code   RO          838    i.HAL_TIM_PWM_MspInit  stm32g4xx_hal_tim.o
    0x08002924   0x000000fc   Code   RO          841    i.HAL_TIM_PWM_Start  stm32g4xx_hal_tim.o
    0x08002a20   0x0000003e   Code   RO         3799    i.HAL_UARTEx_DisableFifoMode  stm32g4xx_hal_uart_ex.o
    0x08002a5e   0x00000002   Code   RO         3388    i.HAL_UARTEx_RxEventCallback  stm32g4xx_hal_uart.o
    0x08002a60   0x00000002   Code   RO         3806    i.HAL_UARTEx_RxFifoFullCallback  stm32g4xx_hal_uart_ex.o
    0x08002a62   0x0000004c   Code   RO         3807    i.HAL_UARTEx_SetRxFifoThreshold  stm32g4xx_hal_uart_ex.o
    0x08002aae   0x0000004c   Code   RO         3808    i.HAL_UARTEx_SetTxFifoThreshold  stm32g4xx_hal_uart_ex.o
    0x08002afa   0x00000002   Code   RO         3810    i.HAL_UARTEx_TxFifoEmptyCallback  stm32g4xx_hal_uart_ex.o
    0x08002afc   0x00000002   Code   RO         3811    i.HAL_UARTEx_WakeupCallback  stm32g4xx_hal_uart_ex.o
    0x08002afe   0x00000002   Code   RO         3404    i.HAL_UART_ErrorCallback  stm32g4xx_hal_uart.o
    0x08002b00   0x000002e0   Code   RO         3407    i.HAL_UART_IRQHandler  stm32g4xx_hal_uart.o
    0x08002de0   0x0000006a   Code   RO         3408    i.HAL_UART_Init     stm32g4xx_hal_uart.o
    0x08002e4a   0x00000002   PAD
    0x08002e4c   0x0000008c   Code   RO          710    i.HAL_UART_MspInit  stm32g4xx_hal_msp.o
    0x08002ed8   0x00000054   Code   RO         3413    i.HAL_UART_Receive_IT  stm32g4xx_hal_uart.o
    0x08002f2c   0x00000078   Code   RO           17    i.HAL_UART_RxCpltCallback  code.o
    0x08002fa4   0x000000bc   Code   RO         3417    i.HAL_UART_Transmit  stm32g4xx_hal_uart.o
    0x08003060   0x00000002   Code   RO         3420    i.HAL_UART_TxCpltCallback  stm32g4xx_hal_uart.o
    0x08003062   0x00000002   Code   RO          625    i.HardFault_Handler  stm32g4xx_it.o
    0x08003064   0x0000002c   Code   RO          269    i.I2CInit           i2c_hal.o
    0x08003090   0x0000004e   Code   RO          270    i.I2CReceiveByte    i2c_hal.o
    0x080030de   0x0000004e   Code   RO          272    i.I2CSendByte       i2c_hal.o
    0x0800312c   0x00000036   Code   RO          274    i.I2CStart          i2c_hal.o
    0x08003162   0x00000036   Code   RO          275    i.I2CStop           i2c_hal.o
    0x08003198   0x00000050   Code   RO          276    i.I2CWaitAck        i2c_hal.o
    0x080031e8   0x0000002c   Code   RO          367    i.LCD_BusIn         lcd.o
    0x08003214   0x00000030   Code   RO          368    i.LCD_BusOut        lcd.o
    0x08003244   0x00000090   Code   RO          371    i.LCD_CtrlLinesConfig  lcd.o
    0x080032d4   0x00000018   Code   RO          372    i.LCD_DisplayChar   lcd.o
    0x080032ec   0x0000002a   Code   RO          375    i.LCD_DisplayStringLine  lcd.o
    0x08003316   0x00000002   PAD
    0x08003318   0x00000058   Code   RO          376    i.LCD_DrawChar      lcd.o
    0x08003370   0x00000034   Code   RO          382    i.LCD_Init          lcd.o
    0x080033a4   0x00000080   Code   RO          385    i.LCD_ReadReg       lcd.o
    0x08003424   0x00000010   Code   RO          386    i.LCD_SetBackColor  lcd.o
    0x08003434   0x00000018   Code   RO          387    i.LCD_SetCursor     lcd.o
    0x0800344c   0x00000010   Code   RO          389    i.LCD_SetTextColor  lcd.o
    0x0800345c   0x00000058   Code   RO          392    i.LCD_WriteRAM      lcd.o
    0x080034b4   0x0000005c   Code   RO          393    i.LCD_WriteRAM_Prepare  lcd.o
    0x08003510   0x0000006c   Code   RO          394    i.LCD_WriteReg      lcd.o
    0x0800357c   0x0000011c   Code   RO          570    i.MX_GPIO_Init      main.o
    0x08003698   0x00000098   Code   RO          571    i.MX_TIM2_Init      main.o
    0x08003730   0x00000064   Code   RO          572    i.MX_USART1_UART_Init  main.o
    0x08003794   0x00000002   Code   RO          626    i.MemManage_Handler  stm32g4xx_it.o
    0x08003796   0x00000002   Code   RO          627    i.NMI_Handler       stm32g4xx_it.o
    0x08003798   0x00000002   Code   RO          628    i.PendSV_Handler    stm32g4xx_it.o
    0x0800379a   0x00000112   Code   RO          395    i.REG_8230_Init     lcd.o
    0x080038ac   0x00000202   Code   RO          396    i.REG_932X_Init     lcd.o
    0x08003aae   0x00000002   PAD
    0x08003ab0   0x00000018   Code   RO          277    i.SCL_Output        i2c_hal.o
    0x08003ac8   0x00000018   Code   RO          278    i.SDA_Input         i2c_hal.o
    0x08003ae0   0x0000002c   Code   RO          279    i.SDA_Input_Mode    i2c_hal.o
    0x08003b0c   0x00000018   Code   RO          280    i.SDA_Output        i2c_hal.o
    0x08003b24   0x0000002c   Code   RO          281    i.SDA_Output_Mode   i2c_hal.o
    0x08003b50   0x00000002   Code   RO          629    i.SVC_Handler       stm32g4xx_it.o
    0x08003b52   0x00000002   PAD
    0x08003b54   0x00000080   Code   RO          630    i.SysTick_Handler   stm32g4xx_it.o
    0x08003bd4   0x0000006a   Code   RO          573    i.SystemClock_Config  main.o
    0x08003c3e   0x00000002   PAD
    0x08003c40   0x00000010   Code   RO         3912    i.SystemInit        system_stm32g4xx.o
    0x08003c50   0x000000b0   Code   RO          854    i.TIM_Base_SetConfig  stm32g4xx_hal_tim.o
    0x08003d00   0x0000001a   Code   RO          855    i.TIM_CCxChannelCmd  stm32g4xx_hal_tim.o
    0x08003d1a   0x00000014   Code   RO          865    i.TIM_ETR_SetConfig  stm32g4xx_hal_tim.o
    0x08003d2e   0x00000002   PAD
    0x08003d30   0x00000014   Code   RO          866    i.TIM_ITRx_SetConfig  stm32g4xx_hal_tim.o
    0x08003d44   0x0000009c   Code   RO          867    i.TIM_OC1_SetConfig  stm32g4xx_hal_tim.o
    0x08003de0   0x00000090   Code   RO          868    i.TIM_OC2_SetConfig  stm32g4xx_hal_tim.o
    0x08003e70   0x00000090   Code   RO          869    i.TIM_OC3_SetConfig  stm32g4xx_hal_tim.o
    0x08003f00   0x00000090   Code   RO          870    i.TIM_OC4_SetConfig  stm32g4xx_hal_tim.o
    0x08003f90   0x00000070   Code   RO          871    i.TIM_OC5_SetConfig  stm32g4xx_hal_tim.o
    0x08004000   0x00000070   Code   RO          872    i.TIM_OC6_SetConfig  stm32g4xx_hal_tim.o
    0x08004070   0x00000022   Code   RO          874    i.TIM_TI1_ConfigInputStage  stm32g4xx_hal_tim.o
    0x08004092   0x00000024   Code   RO          876    i.TIM_TI2_ConfigInputStage  stm32g4xx_hal_tim.o
    0x080040b6   0x00000002   PAD
    0x080040b8   0x00000044   Code   RO         3812    i.UARTEx_SetNbDataToProcess  stm32g4xx_hal_uart_ex.o
    0x080040fc   0x000000c8   Code   RO         3422    i.UART_AdvFeatureConfig  stm32g4xx_hal_uart.o
    0x080041c4   0x00000060   Code   RO         3423    i.UART_CheckIdleState  stm32g4xx_hal_uart.o
    0x08004224   0x00000014   Code   RO         3424    i.UART_DMAAbortOnError  stm32g4xx_hal_uart.o
    0x08004238   0x00000054   Code   RO         3434    i.UART_EndRxTransfer  stm32g4xx_hal_uart.o
    0x0800428c   0x000000a2   Code   RO         3436    i.UART_RxISR_16BIT  stm32g4xx_hal_uart.o
    0x0800432e   0x00000002   PAD
    0x08004330   0x00000174   Code   RO         3437    i.UART_RxISR_16BIT_FIFOEN  stm32g4xx_hal_uart.o
    0x080044a4   0x000000a2   Code   RO         3438    i.UART_RxISR_8BIT   stm32g4xx_hal_uart.o
    0x08004546   0x00000002   PAD
    0x08004548   0x00000174   Code   RO         3439    i.UART_RxISR_8BIT_FIFOEN  stm32g4xx_hal_uart.o
    0x080046bc   0x00000274   Code   RO         3440    i.UART_SetConfig    stm32g4xx_hal_uart.o
    0x08004930   0x00000118   Code   RO         3442    i.UART_Start_Receive_IT  stm32g4xx_hal_uart.o
    0x08004a48   0x000000c6   Code   RO         3447    i.UART_WaitOnFlagUntilTimeout  stm32g4xx_hal_uart.o
    0x08004b0e   0x00000002   PAD
    0x08004b10   0x0000000c   Code   RO          631    i.USART1_IRQHandler  stm32g4xx_it.o
    0x08004b1c   0x00000002   Code   RO          632    i.UsageFault_Handler  stm32g4xx_it.o
    0x08004b1e   0x00000030   Code   RO         4084    i.__ARM_fpclassify  m_wm.l(fpclassify.o)
    0x08004b4e   0x00000020   Code   RO         3262    i.__NVIC_SetPriority  stm32g4xx_hal_cortex.o
    0x08004b6e   0x0000000e   Code   RO         3968    i._is_digit         c_w.l(__printf_wp.o)
    0x08004b7c   0x0000000c   Code   RO          282    i.delay1            i2c_hal.o
    0x08004b88   0x00000034   Code   RO           18    i.key1_f            code.o
    0x08004bbc   0x0000008c   Code   RO           19    i.key_add           code.o
    0x08004c48   0x000000ac   Code   RO           20    i.key_cfom          code.o
    0x08004cf4   0x00000044   Code   RO           21    i.key_menu          code.o
    0x08004d38   0x000000b8   Code   RO           22    i.key_scan          code.o
    0x08004df0   0x00000058   Code   RO           23    i.lcd_fir           code.o
    0x08004e48   0x0000003c   Code   RO           24    i.lcd_menu          code.o
    0x08004e84   0x0000009c   Code   RO           25    i.lcd_price         code.o
    0x08004f20   0x00000084   Code   RO           26    i.lcd_rep           code.o
    0x08004fa4   0x00000084   Code   RO           27    i.lcd_shop          code.o
    0x08005028   0x000000cc   Code   RO           28    i.led_main          code.o
    0x080050f4   0x00000060   Code   RO          574    i.main              main.o
    0x08005154   0x00000020   Code   RO           29    i.pwm_main          code.o
    0x08005174   0x0000003c   Code   RO           30    i.x_rd              code.o
    0x080051b0   0x00000030   Code   RO           31    i.x_wr              code.o
    0x080051e0   0x0000002c   Code   RO         4080    locale$$code        c_w.l(lc_numeric_c.o)
    0x0800520c   0x00000062   Code   RO         3991    x$fpl$d2f           fz_wm.l(d2f.o)
    0x0800526e   0x00000002   PAD
    0x08005270   0x00000150   Code   RO         3993    x$fpl$dadd          fz_wm.l(daddsub_clz.o)
    0x080053c0   0x0000009c   Code   RO         4017    x$fpl$dnaninf       fz_wm.l(dnaninf.o)
    0x0800545c   0x0000000c   Code   RO         4019    x$fpl$dretinf       fz_wm.l(dretinf.o)
    0x08005468   0x000001d4   Code   RO         3995    x$fpl$dsub          fz_wm.l(daddsub_clz.o)
    0x0800563c   0x00000056   Code   RO         3999    x$fpl$f2d           fz_wm.l(f2d.o)
    0x08005692   0x0000008c   Code   RO         4021    x$fpl$fnaninf       fz_wm.l(fnaninf.o)
    0x0800571e   0x0000000a   Code   RO         4158    x$fpl$fpinit        fz_wm.l(fpinit.o)
    0x08005728   0x0000000a   Code   RO         4023    x$fpl$fretinf       fz_wm.l(fretinf.o)
    0x08005732   0x00000004   Code   RO         4001    x$fpl$printf1       fz_wm.l(printf1.o)
    0x08005736   0x00000000   Code   RO         4025    x$fpl$usenofp       fz_wm.l(usenofp.o)
    0x08005736   0x000011d0   Data   RO          397    .constdata          lcd.o
    0x08006906   0x00000018   Data   RO         3448    .constdata          stm32g4xx_hal_uart.o
    0x0800691e   0x00000010   Data   RO         3813    .constdata          stm32g4xx_hal_uart_ex.o
    0x0800692e   0x00000010   Data   RO         3913    .constdata          system_stm32g4xx.o
    0x0800693e   0x00000008   Data   RO         3914    .constdata          system_stm32g4xx.o
    0x08006946   0x00000002   PAD
    0x08006948   0x00000094   Data   RO         4055    .constdata          c_w.l(bigflt0.o)
    0x080069dc   0x00000020   Data   RO         4226    Region$$Table       anon$$obj.o
    0x080069fc   0x0000001c   Data   RO         4079    locale$$data        c_w.l(lc_numeric_c.o)


    Execution Region RW_IRAM1 (Base: 0x20000000, Size: 0x000007a8, Max: 0x00008000, ABSOLUTE)

    Base Addr    Size         Type   Attr      Idx    E Section Name        Object

    0x20000000   0x00000048   Data   RW           32    .data               code.o
    0x20000048   0x00000004   Data   RW           33    .data               code.o
    0x2000004c   0x00000004   Data   RW           34    .data               code.o
    0x20000050   0x00000004   Data   RW           35    .data               code.o
    0x20000054   0x00000006   Data   RW          398    .data               lcd.o
    0x2000005a   0x00000002   PAD
    0x2000005c   0x0000000c   Data   RW         2179    .data               stm32g4xx_hal.o
    0x20000068   0x00000004   Data   RW         3915    .data               system_stm32g4xx.o
    0x2000006c   0x000000dc   Zero   RW          575    .bss                main.o
    0x20000148   0x00000060   Zero   RW         4087    .bss                c_w.l(libspace.o)
    0x200001a8   0x00000200   Zero   RW            2    HEAP                startup_stm32g431xx.o
    0x200003a8   0x00000400   Zero   RW            1    STACK               startup_stm32g431xx.o


==============================================================================

Image component sizes


      Code (inc. data)   RO Data    RW Data    ZI Data      Debug   Object Name

      1876        392          0         84          0     653949   code.o
       560         28          0          0          0       6556   i2c_hal.o
      1730         76       4560          6          0       9790   lcd.o
       742         40          0          0        220       4175   main.o
        64         26        472          0       1536        828   startup_stm32g431xx.o
       162         24          0         12          0       4145   stm32g4xx_hal.o
       198         14          0          0          0      33391   stm32g4xx_hal_cortex.o
       226          0          0          0          0       1763   stm32g4xx_hal_dma.o
       620         34          0          0          0       3168   stm32g4xx_hal_gpio.o
       300         26          0          0          0       2770   stm32g4xx_hal_msp.o
       204         18          0          0          0       1353   stm32g4xx_hal_pwr_ex.o
      1692         88          0          0          0       5940   stm32g4xx_hal_rcc.o
       648         10          0          0          0       1764   stm32g4xx_hal_rcc_ex.o
      2122        234          0          0          0      13304   stm32g4xx_hal_tim.o
       156         24          0          0          0       1332   stm32g4xx_hal_tim_ex.o
      3694        124         24          0          0      34322   stm32g4xx_hal_uart.o
       288          6         16          0          0       5006   stm32g4xx_hal_uart_ex.o
       156         34          0          0          0       4650   stm32g4xx_it.o
        16          4         24          4          0       1079   system_stm32g4xx.o

    ----------------------------------------------------------------------
     15482       1202       5130        108       1756     789285   Object Totals
         0          0         32          0          0          0   (incl. Generated)
        28          0          2          2          0          0   (incl. Padding)

    ----------------------------------------------------------------------

      Code (inc. data)   RO Data    RW Data    ZI Data      Debug   Library Member Name

         8          0          0          0          0         68   __main.o
       284          0          0          0          0        156   __printf_wp.o
         0          0          0          0          0          0   __rtentry.o
        12          0          0          0          0          0   __rtentry2.o
         6          0          0          0          0          0   __rtentry4.o
        52          8          0          0          0          0   __scatter.o
        26          0          0          0          0          0   __scatter_copy.o
        28          0          0          0          0          0   __scatter_zi.o
        48          6          0          0          0         96   _printf_char_common.o
         6          0          0          0          0          0   _printf_d.o
       120         16          0          0          0         92   _printf_dec.o
         6          0          0          0          0          0   _printf_f.o
      1050          0          0          0          0        216   _printf_fp_dec.o
       128         16          0          0          0         84   _printf_fp_infnan.o
       178          0          0          0          0         88   _printf_intcommon.o
         0          0          0          0          0          0   _printf_percent.o
         4          0          0          0          0          0   _printf_percent_end.o
        10          0          0          0          0         68   _sputc.o
       220          4        148          0          0         96   bigflt0.o
      1910        128          0          0          0        672   btod.o
        12          0          0          0          0         72   exit.o
         6          0          0          0          0        152   heapauxi.o
         0          0          0          0          0          0   indicate_semi.o
        44         10         28          0          0         76   lc_numeric_c.o
         2          0          0          0          0          0   libinit.o
        22          0          0          0          0          0   libinit2.o
         2          0          0          0          0          0   libshutdown.o
         2          0          0          0          0          0   libshutdown2.o
         8          4          0          0         96         68   libspace.o
       138          0          0          0          0         80   lludiv10.o
       238          0          0          0          0        100   lludivv7m.o
        40          6          0          0          0         84   noretval__2sprintf.o
         8          4          0          0          0         68   rt_locale_intlibspace.o
        78          0          0          0          0         80   rt_memclr_w.o
         2          0          0          0          0          0   rtexit.o
        10          0          0          0          0          0   rtexit2.o
       128          0          0          0          0         68   strcmpv7m.o
        62          0          0          0          0         76   strlen.o
        12          4          0          0          0         68   sys_exit.o
        74          0          0          0          0         80   sys_stackheap_outer.o
         2          0          0          0          0         68   use_no_semi.o
        98          4          0          0          0        140   d2f.o
       804         16          0          0          0        368   daddsub_clz.o
       156          4          0          0          0        140   dnaninf.o
        12          0          0          0          0        116   dretinf.o
        86          4          0          0          0        132   f2d.o
       140          4          0          0          0        132   fnaninf.o
        10          0          0          0          0        116   fpinit.o
        10          0          0          0          0        116   fretinf.o
         4          0          0          0          0        116   printf1.o
         0          0          0          0          0          0   usenofp.o
        48          0          0          0          0        124   fpclassify.o

    ----------------------------------------------------------------------
      6372        238        176          0         96       4276   Library Totals
        18          0          0          0          0          0   (incl. Padding)

    ----------------------------------------------------------------------

      Code (inc. data)   RO Data    RW Data    ZI Data      Debug   Library Name

      4986        206        176          0         96       2776   c_w.l
      1320         32          0          0          0       1376   fz_wm.l
        48          0          0          0          0        124   m_wm.l

    ----------------------------------------------------------------------
      6372        238        176          0         96       4276   Library Totals

    ----------------------------------------------------------------------

==============================================================================


      Code (inc. data)   RO Data    RW Data    ZI Data      Debug   

     21854       1440       5306        108       1852     778153   Grand Totals
     21854       1440       5306        108       1852     778153   ELF Image Totals
     21854       1440       5306        108          0          0   ROM Totals

==============================================================================

    Total RO  Size (Code + RO Data)                27160 (  26.52kB)
    Total RW  Size (RW Data + ZI Data)              1960 (   1.91kB)
    Total ROM Size (Code + RO Data + RW Data)      27268 (  26.63kB)

==============================================================================

