Component: ARM Compiler 5.06 update 7 (build 960) Tool: armlink [4d3601]

==============================================================================

Section Cross References

    startup_stm32g431xx.o(STACK) refers (Special) to heapauxi.o(.text) for __use_two_region_memory
    startup_stm32g431xx.o(HEAP) refers (Special) to heapauxi.o(.text) for __use_two_region_memory
    startup_stm32g431xx.o(RESET) refers (Special) to heapauxi.o(.text) for __use_two_region_memory
    startup_stm32g431xx.o(RESET) refers to startup_stm32g431xx.o(STACK) for __initial_sp
    startup_stm32g431xx.o(RESET) refers to startup_stm32g431xx.o(.text) for Reset_Handler
    startup_stm32g431xx.o(RESET) refers to stm32g4xx_it.o(i.NMI_Handler) for NMI_Handler
    startup_stm32g431xx.o(RESET) refers to stm32g4xx_it.o(i.HardFault_Handler) for HardFault_Handler
    startup_stm32g431xx.o(RESET) refers to stm32g4xx_it.o(i.MemManage_Handler) for MemManage_Handler
    startup_stm32g431xx.o(RESET) refers to stm32g4xx_it.o(i.BusFault_Handler) for BusFault_Handler
    startup_stm32g431xx.o(RESET) refers to stm32g4xx_it.o(i.UsageFault_Handler) for UsageFault_Handler
    startup_stm32g431xx.o(RESET) refers to port.o(.emb_text) for SVC_Handler
    startup_stm32g431xx.o(RESET) refers to stm32g4xx_it.o(i.DebugMon_Handler) for DebugMon_Handler
    startup_stm32g431xx.o(RESET) refers to port.o(i.SysTick_Handler) for SysTick_Handler
    startup_stm32g431xx.o(RESET) refers to stm32g4xx_it.o(i.TIM1_UP_TIM16_IRQHandler) for TIM1_UP_TIM16_IRQHandler
    startup_stm32g431xx.o(RESET) refers to stm32g4xx_it.o(i.TIM2_IRQHandler) for TIM2_IRQHandler
    startup_stm32g431xx.o(RESET) refers to stm32g4xx_it.o(i.USART1_IRQHandler) for USART1_IRQHandler
    startup_stm32g431xx.o(.text) refers (Special) to heapauxi.o(.text) for __use_two_region_memory
    startup_stm32g431xx.o(.text) refers to system_stm32g4xx.o(i.SystemInit) for SystemInit
    startup_stm32g431xx.o(.text) refers to __main.o(!!!main) for __main
    startup_stm32g431xx.o(.text) refers to startup_stm32g431xx.o(HEAP) for Heap_Mem
    startup_stm32g431xx.o(.text) refers to startup_stm32g431xx.o(STACK) for Stack_Mem
    code.o(i.IIC_rd) refers to i2c_hal.o(i.I2CStart) for I2CStart
    code.o(i.IIC_rd) refers to i2c_hal.o(i.I2CSendByte) for I2CSendByte
    code.o(i.IIC_rd) refers to i2c_hal.o(i.I2CWaitAck) for I2CWaitAck
    code.o(i.IIC_rd) refers to i2c_hal.o(i.I2CReceiveByte) for I2CReceiveByte
    code.o(i.IIC_rd) refers to i2c_hal.o(i.I2CStop) for I2CStop
    code.o(i.IIC_wr) refers to i2c_hal.o(i.I2CStart) for I2CStart
    code.o(i.IIC_wr) refers to i2c_hal.o(i.I2CSendByte) for I2CSendByte
    code.o(i.IIC_wr) refers to i2c_hal.o(i.I2CWaitAck) for I2CWaitAck
    code.o(i.IIC_wr) refers to i2c_hal.o(i.I2CStop) for I2CStop
    code.o(i.ee_take) refers to code.o(i.IIC_rd) for IIC_rd
    code.o(i.ee_take) refers to dflt_clz.o(x$fpl$dfltu) for __aeabi_ui2d
    code.o(i.ee_take) refers to ddiv.o(x$fpl$ddiv) for __aeabi_ddiv
    code.o(i.ee_take) refers to stm32g4xx_hal.o(i.HAL_Delay) for HAL_Delay
    code.o(i.ee_take) refers to code.o(.data) for .data
    code.o(i.ee_write) refers to code.o(i.IIC_wr) for IIC_wr
    code.o(i.ee_write) refers to dmul.o(x$fpl$dmul) for __aeabi_dmul
    code.o(i.ee_write) refers to dfixu.o(x$fpl$dfixu) for __aeabi_d2uiz
    code.o(i.ee_write) refers to code.o(.data) for .data
    code.o(i.key_add) refers to daddsub_clz.o(x$fpl$dadd) for __aeabi_dadd
    code.o(i.key_add) refers to drleqf.o(x$fpl$drleqf) for __aeabi_cdrcmple
    code.o(i.key_add) refers to code.o(.data) for .data
    code.o(i.key_buy) refers to _printf_pad.o(.text) for _printf_pre_padding
    code.o(i.key_buy) refers to _printf_percent.o(.ARM.Collect$$_printf_percent$$00000000) for _printf_percent
    code.o(i.key_buy) refers to _printf_d.o(.ARM.Collect$$_printf_percent$$00000009) for _printf_d
    code.o(i.key_buy) refers to _printf_f.o(.ARM.Collect$$_printf_percent$$00000003) for _printf_f
    code.o(i.key_buy) refers to _printf_dec.o(.text) for _printf_int_dec
    code.o(i.key_buy) refers to printf1.o(x$fpl$printf1) for _printf_fp_dec
    code.o(i.key_buy) refers to dflt_clz.o(x$fpl$dfltu) for __aeabi_ui2d
    code.o(i.key_buy) refers to dmul.o(x$fpl$dmul) for __aeabi_dmul
    code.o(i.key_buy) refers to daddsub_clz.o(x$fpl$dadd) for __aeabi_dadd
    code.o(i.key_buy) refers to noretval__2sprintf.o(.text) for __2sprintf
    code.o(i.key_buy) refers to strlen.o(.text) for strlen
    code.o(i.key_buy) refers to stm32g4xx_hal_uart.o(i.HAL_UART_Transmit) for HAL_UART_Transmit
    code.o(i.key_buy) refers to code.o(.data) for .data
    code.o(i.key_buy) refers to main.o(.bss) for huart1
    code.o(i.key_main) refers to code.o(i.key_scan) for key_scan
    code.o(i.key_main) refers to code.o(i.key_buy) for key_buy
    code.o(i.key_main) refers to code.o(i.key_switch) for key_switch
    code.o(i.key_main) refers to code.o(i.key_add) for key_add
[...]
    xSuspendedTaskList                       0x200002f4   Data          20  tasks.o(.bss)
    .bss                                     0x20000308   Section    10240  heap_4.o(.bss)
    ucHeap                                   0x20000308   Data       10240  heap_4.o(.bss)
    .bss                                     0x20002b08   Section       96  libspace.o(.bss)
    HEAP                                     0x20002b68   Section      512  startup_stm32g431xx.o(HEAP)
    Heap_Mem                                 0x20002b68   Data         512  startup_stm32g431xx.o(HEAP)
    STACK                                    0x20002d68   Section     3840  startup_stm32g431xx.o(STACK)
    Stack_Mem                                0x20002d68   Data        3840  startup_stm32g431xx.o(STACK)
    __initial_sp                             0x20003c68   Data           0  startup_stm32g431xx.o(STACK)

    Global Symbols

    Symbol Name                              Value     Ov Type        Size  Object(Section)

    BuildAttributes$$THM_ISAv4$E$P$D$K$B$S$7EM$VFPi3$EXTD16$VFPS$VFMA$PE$A:L22UL41UL21$X:L11$S22US41US21$IEEE1$IW$USESV6$~STKCKD$USESV7$~SHL$OTIME$ROPI$IEEEJ$EBA8$UX$STANDARDLIB$REQ8$PRES8$EABIv2 0x00000000   Number         0  anon$$obj.o ABSOLUTE
    __ARM_use_no_argv                        0x00000000   Number         0  main.o ABSOLUTE
    _printf_flags                            0x00000000   Number         0  printf_stubs.o ABSOLUTE
    _printf_return_value                     0x00000000   Number         0  printf_stubs.o ABSOLUTE
    _printf_sizespec                         0x00000000   Number         0  printf_stubs.o ABSOLUTE
    _printf_widthprec                        0x00000000   Number         0  printf_stubs.o ABSOLUTE
    __ARM_exceptions_init                     - Undefined Weak Reference
    __alloca_initialize                       - Undefined Weak Reference
    __arm_fini_                               - Undefined Weak Reference
    __arm_preinit_                            - Undefined Weak Reference
    __cpp_initialize__aeabi_                  - Undefined Weak Reference
    __cxa_finalize                            - Undefined Weak Reference
    __sigvec_lookup                           - Undefined Weak Reference
    _atexit_init                              - Undefined Weak Reference
    _call_atexit_fns                          - Undefined Weak Reference
    _clock_init                               - Undefined Weak Reference
    _fp_trap_init                             - Undefined Weak Reference
    _fp_trap_shutdown                         - Undefined Weak Reference
    _get_lc_collate                           - Undefined Weak Reference
    _get_lc_ctype                             - Undefined Weak Reference
    _get_lc_monetary                          - Undefined Weak Reference
    _get_lc_time                              - Undefined Weak Reference
    _getenv_init                              - Undefined Weak Reference
    _handle_redirection                       - Undefined Weak Reference
    _init_alloc                               - Undefined Weak Reference
    _init_user_alloc                          - Undefined Weak Reference
    _initio                                   - Undefined Weak Reference
    _printf_truncate_signed                   - Undefined Weak Reference
    _printf_truncate_unsigned                 - Undefined Weak Reference
    _rand_init                                - Undefined Weak Reference
    _signal_finish                            - Undefined Weak Reference
    _signal_init                              - Undefined Weak Reference
    _terminate_alloc                          - Undefined Weak Reference
    _terminate_user_alloc                     - Undefined Weak Reference
    _terminateio                              - Undefined Weak Reference
    __Vectors_Size                           0x000001d8   Number         0  startup_stm32g431xx.o ABSOLUTE
    __Vectors                                0x08000000   Data           4  startup_stm32g431xx.o(RESET)
    __Vectors_End                            0x080001d8   Data           0  startup_stm32g431xx.o(RESET)
    __main                                   0x080001d9   Thumb Code     8  __main.o(!!!main)
    __scatterload                            0x080001e1   Thumb Code     0  __scatter.o(!!!scatter)
    __scatterload_rt2                        0x080001e1   Thumb Code    44  __scatter.o(!!!scatter)
    __scatterload_rt2_thumb_only             0x080001e1   Thumb Code     0  __scatter.o(!!!scatter)
    __scatterload_null                       0x080001ef   Thumb Code     0  __scatter.o(!!!scatter)
    __scatterload_copy                       0x08000215   Thumb Code    26  __scatter_copy.o(!!handler_copy)
    __scatterload_zeroinit                   0x08000231   Thumb Code    28  __scatter_zi.o(!!handler_zi)
    _printf_f                                0x0800024d   Thumb Code     0  _printf_f.o(.ARM.Collect$$_printf_percent$$00000003)
    _printf_percent                          0x0800024d   Thumb Code     0  _printf_percent.o(.ARM.Collect$$_printf_percent$$00000000)
    _printf_d                                0x08000253   Thumb Code     0  _printf_d.o(.ARM.Collect$$_printf_percent$$00000009)
    _printf_percent_end                      0x08000259   Thumb Code     0  _printf_percent_end.o(.ARM.Collect$$_printf_percent$$00000017)
    __rt_lib_init                            0x0800025d   Thumb Code     0  libinit.o(.ARM.Collect$$libinit$$00000000)
    __rt_lib_init_fp_1                       0x0800025f   Thumb Code     0  libinit2.o(.ARM.Collect$$libinit$$00000001)
    __rt_lib_init_heap_1                     0x08000263   Thumb Code     0  libinit2.o(.ARM.Collect$$libinit$$0000000A)
    __rt_lib_init_lc_common                  0x08000263   Thumb Code     0  libinit2.o(.ARM.Collect$$libinit$$0000000F)
    __rt_lib_init_preinit_1                  0x08000263   Thumb Code     0  libinit2.o(.ARM.Collect$$libinit$$00000004)
    __rt_lib_init_rand_1                     0x08000263   Thumb Code     0  libinit2.o(.ARM.Collect$$libinit$$0000000E)
    __rt_lib_init_user_alloc_1               0x08000263   Thumb Code     0  libinit2.o(.ARM.Collect$$libinit$$0000000C)
    __rt_lib_init_lc_collate_1               0x08000269   Thumb Code     0  libinit2.o(.ARM.Collect$$libinit$$00000011)
    __rt_lib_init_lc_ctype_1                 0x08000269   Thumb Code     0  libinit2.o(.ARM.Collect$$libinit$$00000013)
    __rt_lib_init_lc_monetary_1              0x08000269   Thumb Code     0  libinit2.o(.ARM.Collect$$libinit$$00000015)
    __rt_lib_init_lc_numeric_2               0x08000269   Thumb Code     0  libinit2.o(.ARM.Collect$$libinit$$00000016)
    __rt_lib_init_alloca_1                   0x08000273   Thumb Code     0  libinit2.o(.ARM.Collect$$libinit$$0000002E)
    __rt_lib_init_argv_1                     0x08000273   Thumb Code     0  libinit2.o(.ARM.Collect$$libinit$$0000002C)
    __rt_lib_init_atexit_1                   0x08000273   Thumb Code     0  libinit2.o(.ARM.Collect$$libinit$$0000001B)
    __rt_lib_init_clock_1                    0x08000273   Thumb Code     0  libinit2.o(.ARM.Collect$$libinit$$00000021)
    __rt_lib_init_cpp_1                      0x08000273   Thumb Code     0  libinit2.o(.ARM.Collect$$libinit$$00000032)
    __rt_lib_init_exceptions_1               0x08000273   Thumb Code     0  libinit2.o(.ARM.Collect$$libinit$$00000030)
    __rt_lib_init_fp_trap_1                  0x08000273   Thumb Code     0  libinit2.o(.ARM.Collect$$libinit$$0000001F)
    __rt_lib_init_getenv_1                   0x08000273   Thumb Code     0  libinit2.o(.ARM.Collect$$libinit$$00000023)
    __rt_lib_init_lc_numeric_1               0x08000273   Thumb Code     0  libinit2.o(.ARM.Collect$$libinit$$00000017)
    __rt_lib_init_lc_time_1                  0x08000273   Thumb Code     0  libinit2.o(.ARM.Collect$$libinit$$00000019)
    __rt_lib_init_return                     0x08000273   Thumb Code     0  libinit2.o(.ARM.Collect$$libinit$$00000033)
    __rt_lib_init_signal_1                   0x08000273   Thumb Code     0  libinit2.o(.ARM.Collect$$libinit$$0000001D)
    __rt_lib_init_stdio_1                    0x08000273   Thumb Code     0  libinit2.o(.ARM.Collect$$libinit$$00000025)
    __rt_lib_shutdown                        0x08000275   Thumb Code     0  libshutdown.o(.ARM.Collect$$libshutdown$$00000000)
    __rt_lib_shutdown_cpp_1                  0x08000277   Thumb Code     0  libshutdown2.o(.ARM.Collect$$libshutdown$$00000004)
    __rt_lib_shutdown_fini_1                 0x08000277   Thumb Code     0  libshutdown2.o(.ARM.Collect$$libshutdown$$00000002)
    __rt_lib_shutdown_fp_trap_1              0x08000277   Thumb Code     0  libshutdown2.o(.ARM.Collect$$libshutdown$$00000009)
    __rt_lib_shutdown_heap_1                 0x08000277   Thumb Code     0  libshutdown2.o(.ARM.Collect$$libshutdown$$00000011)
    __rt_lib_shutdown_return                 0x08000277   Thumb Code     0  libshutdown2.o(.ARM.Collect$$libshutdown$$00000012)
    __rt_lib_shutdown_signal_1               0x08000277   Thumb Code     0  libshutdown2.o(.ARM.Collect$$libshutdown$$0000000C)
    __rt_lib_shutdown_stdio_1                0x08000277   Thumb Code     0  libshutdown2.o(.ARM.Collect$$libshutdown$$00000006)
    __rt_lib_shutdown_user_alloc_1           0x08000277   Thumb Code     0  libshutdown2.o(.ARM.Collect$$libshutdown$$0000000E)
    __rt_entry                               0x08000279   Thumb Code     0  __rtentry.o(.ARM.Collect$$rtentry$$00000000)
    __rt_entry_presh_1                       0x08000279   Thumb Code     0  __rtentry2.o(.ARM.Collect$$rtentry$$00000002)
    __rt_entry_sh                            0x08000279   Thumb Code     0  __rtentry4.o(.ARM.Collect$$rtentry$$00000004)
    __rt_entry_li                            0x0800027f   Thumb Code     0  __rtentry2.o(.ARM.Collect$$rtentry$$0000000A)
    __rt_entry_postsh_1                      0x0800027f   Thumb Code     0  __rtentry2.o(.ARM.Collect$$rtentry$$00000009)
    __rt_entry_main                          0x08000283   Thumb Code     0  __rtentry2.o(.ARM.Collect$$rtentry$$0000000D)
    __rt_entry_postli_1                      0x08000283   Thumb Code     0  __rtentry2.o(.ARM.Collect$$rtentry$$0000000C)
    __rt_exit                                0x0800028b   Thumb Code     0  rtexit.o(.ARM.Collect$$rtexit$$00000000)
    __rt_exit_ls                             0x0800028d   Thumb Code     0  rtexit2.o(.ARM.Collect$$rtexit$$00000003)
    __rt_exit_prels_1                        0x0800028d   Thumb Code     0  rtexit2.o(.ARM.Collect$$rtexit$$00000002)
    __rt_exit_exit                           0x08000291   Thumb Code     0  rtexit2.o(.ARM.Collect$$rtexit$$00000004)
    SVC_Handler                              0x08000299   Thumb Code    28  port.o(.emb_text)
    __asm___6_port_c_39a90d8d__prvStartFirstTask 0x080002b9   Thumb Code    36  port.o(.emb_text)
    __asm___6_port_c_39a90d8d__prvEnableVFP  0x080002e1   Thumb Code    16  port.o(.emb_text)
    PendSV_Handler                           0x080002f5   Thumb Code    88  port.o(.emb_text)
    vPortGetIPSR                             0x08000351   Thumb Code     6  port.o(.emb_text)
    Reset_Handler                            0x08000359   Thumb Code     8  startup_stm32g431xx.o(.text)
    ADC1_2_IRQHandler                        0x08000373   Thumb Code     0  startup_stm32g431xx.o(.text)
    COMP1_2_3_IRQHandler                     0x08000373   Thumb Code     0  startup_stm32g431xx.o(.text)
    COMP4_IRQHandler                         0x08000373   Thumb Code     0  startup_stm32g431xx.o(.text)
    CORDIC_IRQHandler                        0x08000373   Thumb Code     0  startup_stm32g431xx.o(.text)
    CRS_IRQHandler                           0x08000373   Thumb Code     0  startup_stm32g431xx.o(.text)
    DMA1_Channel1_IRQHandler                 0x08000373   Thumb Code     0  startup_stm32g431xx.o(.text)
    DMA1_Channel2_IRQHandler                 0x08000373   Thumb Code     0  startup_stm32g431xx.o(.text)
    DMA1_Channel3_IRQHandler                 0x08000373   Thumb Code     0  startup_stm32g431xx.o(.text)
    DMA1_Channel4_IRQHandler                 0x08000373   Thumb Code     0  startup_stm32g431xx.o(.text)
    DMA1_Channel5_IRQHandler                 0x08000373   Thumb Code     0  startup_stm32g431xx.o(.text)
    DMA1_Channel6_IRQHandler                 0x08000373   Thumb Code     0  startup_stm32g431xx.o(.text)
    DMA2_Channel1_IRQHandler                 0x08000373   Thumb Code     0  startup_stm32g431xx.o(.text)
    DMA2_Channel2_IRQHandler                 0x08000373   Thumb Code     0  startup_stm32g431xx.o(.text)
    DMA2_Channel3_IRQHandler                 0x08000373   Thumb Code     0  startup_stm32g431xx.o(.text)
    DMA2_Channel4_IRQHandler                 0x08000373   Thumb Code     0  startup_stm32g431xx.o(.text)
    DMA2_Channel5_IRQHandler                 0x08000373   Thumb Code     0  startup_stm32g431xx.o(.text)
    DMA2_Channel6_IRQHandler                 0x08000373   Thumb Code     0  startup_stm32g431xx.o(.text)
    DMAMUX_OVR_IRQHandler                    0x08000373   Thumb Code     0  startup_stm32g431xx.o(.text)
    EXTI0_IRQHandler                         0x08000373   Thumb Code     0  startup_stm32g431xx.o(.text)
    EXTI15_10_IRQHandler                     0x08000373   Thumb Code     0  startup_stm32g431xx.o(.text)
    EXTI1_IRQHandler                         0x08000373   Thumb Code     0  startup_stm32g431xx.o(.text)
    EXTI2_IRQHandler                         0x08000373   Thumb Code     0  startup_stm32g431xx.o(.text)
    EXTI3_IRQHandler                         0x08000373   Thumb Code     0  startup_stm32g431xx.o(.text)
    EXTI4_IRQHandler                         0x08000373   Thumb Code     0  startup_stm32g431xx.o(.text)
    EXTI9_5_IRQHandler                       0x08000373   Thumb Code     0  startup_stm32g431xx.o(.text)
    FDCAN1_IT0_IRQHandler                    0x08000373   Thumb Code     0  startup_stm32g431xx.o(.text)
    FDCAN1_IT1_IRQHandler                    0x08000373   Thumb Code     0  startup_stm32g431xx.o(.text)
    FLASH_IRQHandler                         0x08000373   Thumb Code     0  startup_stm32g431xx.o(.text)
    FMAC_IRQHandler                          0x08000373   Thumb Code     0  startup_stm32g431xx.o(.text)
    FPU_IRQHandler                           0x08000373   Thumb Code     0  startup_stm32g431xx.o(.text)
    I2C1_ER_IRQHandler                       0x08000373   Thumb Code     0  startup_stm32g431xx.o(.text)
    I2C1_EV_IRQHandler                       0x08000373   Thumb Code     0  startup_stm32g431xx.o(.text)
    I2C2_ER_IRQHandler                       0x08000373   Thumb Code     0  startup_stm32g431xx.o(.text)
    I2C2_EV_IRQHandler                       0x08000373   Thumb Code     0  startup_stm32g431xx.o(.text)
    I2C3_ER_IRQHandler                       0x08000373   Thumb Code     0  startup_stm32g431xx.o(.text)
    I2C3_EV_IRQHandler                       0x08000373   Thumb Code     0  startup_stm32g431xx.o(.text)
    LPTIM1_IRQHandler                        0x08000373   Thumb Code     0  startup_stm32g431xx.o(.text)
    LPUART1_IRQHandler                       0x08000373   Thumb Code     0  startup_stm32g431xx.o(.text)
    PVD_PVM_IRQHandler                       0x08000373   Thumb Code     0  startup_stm32g431xx.o(.text)
    RCC_IRQHandler                           0x08000373   Thumb Code     0  startup_stm32g431xx.o(.text)
    RNG_IRQHandler                           0x08000373   Thumb Code     0  startup_stm32g431xx.o(.text)
    RTC_Alarm_IRQHandler                     0x08000373   Thumb Code     0  startup_stm32g431xx.o(.text)
    RTC_TAMP_LSECSS_IRQHandler               0x08000373   Thumb Code     0  startup_stm32g431xx.o(.text)
    RTC_WKUP_IRQHandler                      0x08000373   Thumb Code     0  startup_stm32g431xx.o(.text)
    SAI1_IRQHandler                          0x08000373   Thumb Code     0  startup_stm32g431xx.o(.text)
    SPI1_IRQHandler                          0x08000373   Thumb Code     0  startup_stm32g431xx.o(.text)
    SPI2_IRQHandler                          0x08000373   Thumb Code     0  startup_stm32g431xx.o(.text)
    SPI3_IRQHandler                          0x08000373   Thumb Code     0  startup_stm32g431xx.o(.text)
    TIM1_BRK_TIM15_IRQHandler                0x08000373   Thumb Code     0  startup_stm32g431xx.o(.text)
    TIM1_CC_IRQHandler                       0x08000373   Thumb Code     0  startup_stm32g431xx.o(.text)
    TIM1_TRG_COM_TIM17_IRQHandler            0x08000373   Thumb Code     0  startup_stm32g431xx.o(.text)
    TIM3_IRQHandler                          0x08000373   Thumb Code     0  startup_stm32g431xx.o(.text)
    TIM4_IRQHandler                          0x08000373   Thumb Code     0  startup_stm32g431xx.o(.text)
    TIM6_DAC_IRQHandler                      0x08000373   Thumb Code     0  startup_stm32g431xx.o(.text)
    TIM7_IRQHandler                          0x08000373   Thumb Code     0  startup_stm32g431xx.o(.text)
    TIM8_BRK_IRQHandler                      0x08000373   Thumb Code     0  startup_stm32g431xx.o(.text)
    TIM8_CC_IRQHandler                       0x08000373   Thumb Code     0  startup_stm32g431xx.o(.text)
    TIM8_TRG_COM_IRQHandler                  0x08000373   Thumb Code     0  startup_stm32g431xx.o(.text)
    TIM8_UP_IRQHandler                       0x08000373   Thumb Code     0  startup_stm32g431xx.o(.text)
    UART4_IRQHandler                         0x08000373   Thumb Code     0  startup_stm32g431xx.o(.text)
    UCPD1_IRQHandler                         0x08000373   Thumb Code     0  startup_stm32g431xx.o(.text)
    USART2_IRQHandler                        0x08000373   Thumb Code     0  startup_stm32g431xx.o(.text)
    USART3_IRQHandler                        0x08000373   Thumb Code     0  startup_stm32g431xx.o(.text)
    USBWakeUp_IRQHandler                     0x08000373   Thumb Code     0  startup_stm32g431xx.o(.text)
    USB_HP_IRQHandler                        0x08000373   Thumb Code     0  startup_stm32g431xx.o(.text)
    USB_LP_IRQHandler                        0x08000373   Thumb Code     0  startup_stm32g431xx.o(.text)
    WWDG_IRQHandler                          0x08000373   Thumb Code     0  startup_stm32g431xx.o(.text)
    __user_initial_stackheap                 0x08000375   Thumb Code     0  startup_stm32g431xx.o(.text)
    __aeabi_uldivmod                         0x08000399   Thumb Code     0  lludivv7m.o(.text)
    _ll_udiv                                 0x08000399   Thumb Code   238  lludivv7m.o(.text)
    __2sprintf                               0x08000489   Thumb Code    34  noretval__2sprintf.o(.text)
    _printf_pre_padding                      0x080004b1   Thumb Code    44  _printf_pad.o(.text)
    _printf_post_padding                     0x080004dd   Thumb Code    34  _printf_pad.o(.text)
    _printf_int_dec                          0x08000501   Thumb Code   104  _printf_dec.o(.text)
    __printf                                 0x08000579   Thumb Code   308  __printf_flags_wp.o(.text)
    strlen                                   0x080006b1   Thumb Code    62  strlen.o(.text)
    __aeabi_memcpy4                          0x080006ef   Thumb Code     0  rt_memcpy_w.o(.text)
    __aeabi_memcpy8                          0x080006ef   Thumb Code     0  rt_memcpy_w.o(.text)
    __rt_memcpy_w                            0x080006ef   Thumb Code   100  rt_memcpy_w.o(.text)
    _memcpy_lastbytes_aligned                0x08000737   Thumb Code     0  rt_memcpy_w.o(.text)
    __aeabi_memclr4                          0x08000753   Thumb Code     0  rt_memclr_w.o(.text)
    __aeabi_memclr8                          0x08000753   Thumb Code     0  rt_memclr_w.o(.text)
    __rt_memclr_w                            0x08000753   Thumb Code    78  rt_memclr_w.o(.text)
    _memset_w                                0x08000757   Thumb Code     0  rt_memclr_w.o(.text)
    __use_two_region_memory                  0x080007a1   Thumb Code     2  heapauxi.o(.text)
    __rt_heap_escrow$2region                 0x080007a3   Thumb Code     2  heapauxi.o(.text)
    __rt_heap_expand$2region                 0x080007a5   Thumb Code     2  heapauxi.o(.text)
    _printf_int_common                       0x080007a7   Thumb Code   178  _printf_intcommon.o(.text)
    __lib_sel_fp_printf                      0x08000859   Thumb Code     2  _printf_fp_dec.o(.text)
    _printf_fp_dec_real                      0x08000a0b   Thumb Code   620  _printf_fp_dec.o(.text)
    _printf_char_common                      0x08000c83   Thumb Code    32  _printf_char_common.o(.text)
    _sputc                                   0x08000ca9   Thumb Code    10  _sputc.o(.text)
    __rt_locale                              0x08000cb5   Thumb Code     8  rt_locale_intlibspace.o(.text)
    _ll_udiv10                               0x08000cbd   Thumb Code   138  lludiv10.o(.text)
    _printf_fp_infnan                        0x08000d49   Thumb Code   112  _printf_fp_infnan.o(.text)
    _btod_etento                             0x08000dc9   Thumb Code   224  bigflt0.o(.text)
    __user_libspace                          0x08000ead   Thumb Code     8  libspace.o(.text)
    __user_perproc_libspace                  0x08000ead   Thumb Code     0  libspace.o(.text)
    __user_perthread_libspace                0x08000ead   Thumb Code     0  libspace.o(.text)
    __user_setup_stackheap                   0x08000eb5   Thumb Code    74  sys_stackheap_outer.o(.text)
    exit                                     0x08000eff   Thumb Code    18  exit.o(.text)
    strcmp                                   0x08000f11   Thumb Code   128  strcmpv7m.o(.text)
    _sys_exit                                0x08000f91   Thumb Code     8  sys_exit.o(.text)
    __I$use$semihosting                      0x08000f9d   Thumb Code     0  use_no_semi.o(.text)
    __use_no_semihosting_swi                 0x08000f9d   Thumb Code     2  use_no_semi.o(.text)
    __semihosting_library_function           0x08000f9f   Thumb Code     0  indicate_semi.o(.text)
    _btod_d2e                                0x08000f9f   Thumb Code    62  btod.o(CL$$btod_d2e)
    _d2e_denorm_low                          0x08000fdd   Thumb Code    70  btod.o(CL$$btod_d2e_denorm_low)
    _d2e_norm_op1                            0x08001023   Thumb Code    96  btod.o(CL$$btod_d2e_norm_op1)
    __btod_div_common                        0x08001083   Thumb Code   696  btod.o(CL$$btod_div_common)
    _e2e                                     0x080013bb   Thumb Code   220  btod.o(CL$$btod_e2e)
    _btod_ediv                               0x08001497   Thumb Code    42  btod.o(CL$$btod_ediv)
    _btod_emul                               0x080014c1   Thumb Code    42  btod.o(CL$$btod_emul)
    __btod_mult_common                       0x080014eb   Thumb Code   580  btod.o(CL$$btod_mult_common)
    BusFault_Handler                         0x0800172f   Thumb Code     2  stm32g4xx_it.o(i.BusFault_Handler)
    DebugMon_Handler                         0x08001731   Thumb Code     2  stm32g4xx_it.o(i.DebugMon_Handler)
    Delay_LCD                                0x08001733   Thumb Code    28  lcd.o(i.Delay_LCD)
    Error_Handler                            0x0800174f   Thumb Code     4  main.o(i.Error_Handler)
    HAL_DMA_Abort                            0x08001753   Thumb Code   106  stm32g4xx_hal_dma.o(i.HAL_DMA_Abort)
    HAL_DMA_Abort_IT                         0x080017bd   Thumb Code   120  stm32g4xx_hal_dma.o(i.HAL_DMA_Abort_IT)
    HAL_Delay                                0x08001835   Thumb Code    32  stm32g4xx_hal.o(i.HAL_Delay)
    HAL_GPIO_Init                            0x08001859   Thumb Code   550  stm32g4xx_hal_gpio.o(i.HAL_GPIO_Init)
    HAL_GPIO_ReadPin                         0x08001aa1   Thumb Code    10  stm32g4xx_hal_gpio.o(i.HAL_GPIO_ReadPin)
    HAL_GPIO_WritePin                        0x08001aab   Thumb Code    10  stm32g4xx_hal_gpio.o(i.HAL_GPIO_WritePin)
    HAL_GetTick                              0x08001ab5   Thumb Code     6  stm32g4xx_hal.o(i.HAL_GetTick)
    HAL_IncTick                              0x08001ac1   Thumb Code    12  stm32g4xx_hal.o(i.HAL_IncTick)
    HAL_Init                                 0x08001ad1   Thumb Code    30  stm32g4xx_hal.o(i.HAL_Init)
    HAL_InitTick                             0x08001af1   Thumb Code   116  stm32g4xx_hal_timebase_tim.o(i.HAL_InitTick)
    HAL_MspInit                              0x08001b79   Thumb Code    54  stm32g4xx_hal_msp.o(i.HAL_MspInit)
    HAL_NVIC_EnableIRQ                       0x08001bb5   Thumb Code    26  stm32g4xx_hal_cortex.o(i.HAL_NVIC_EnableIRQ)
    HAL_NVIC_SetPriority                     0x08001bd1   Thumb Code    60  stm32g4xx_hal_cortex.o(i.HAL_NVIC_SetPriority)
    HAL_NVIC_SetPriorityGrouping             0x08001c11   Thumb Code    26  stm32g4xx_hal_cortex.o(i.HAL_NVIC_SetPriorityGrouping)
    HAL_PWREx_ControlVoltageScaling          0x08001c35   Thumb Code   174  stm32g4xx_hal_pwr_ex.o(i.HAL_PWREx_ControlVoltageScaling)
    HAL_PWREx_DisableUCPDDeadBattery         0x08001cf1   Thumb Code    12  stm32g4xx_hal_pwr_ex.o(i.HAL_PWREx_DisableUCPDDeadBattery)
    HAL_RCCEx_PeriphCLKConfig                0x08001d01   Thumb Code   638  stm32g4xx_hal_rcc_ex.o(i.HAL_RCCEx_PeriphCLKConfig)
    HAL_RCC_ClockConfig                      0x08001f89   Thumb Code   444  stm32g4xx_hal_rcc.o(i.HAL_RCC_ClockConfig)
    HAL_RCC_GetClockConfig                   0x08002165   Thumb Code    54  stm32g4xx_hal_rcc.o(i.HAL_RCC_GetClockConfig)
    HAL_RCC_GetPCLK1Freq                     0x080021a5   Thumb Code    24  stm32g4xx_hal_rcc.o(i.HAL_RCC_GetPCLK1Freq)
    HAL_RCC_GetPCLK2Freq                     0x080021c9   Thumb Code    24  stm32g4xx_hal_rcc.o(i.HAL_RCC_GetPCLK2Freq)
    HAL_RCC_GetSysClockFreq                  0x080021ed   Thumb Code    98  stm32g4xx_hal_rcc.o(i.HAL_RCC_GetSysClockFreq)
    HAL_RCC_OscConfig                        0x08002259   Thumb Code  1036  stm32g4xx_hal_rcc.o(i.HAL_RCC_OscConfig)
    HAL_RTC_GetDate                          0x08002665   Thumb Code    62  stm32g4xx_hal_rtc.o(i.HAL_RTC_GetDate)
    HAL_RTC_GetTime                          0x080026a9   Thumb Code    78  stm32g4xx_hal_rtc.o(i.HAL_RTC_GetTime)
    HAL_RTC_Init                             0x080026fd   Thumb Code   142  stm32g4xx_hal_rtc.o(i.HAL_RTC_Init)
    HAL_RTC_MspInit                          0x08002791   Thumb Code    78  stm32g4xx_hal_msp.o(i.HAL_RTC_MspInit)
    HAL_RTC_SetDate                          0x080027e9   Thumb Code   156  stm32g4xx_hal_rtc.o(i.HAL_RTC_SetDate)
    HAL_RTC_SetTime                          0x08002889   Thumb Code   198  stm32g4xx_hal_rtc.o(i.HAL_RTC_SetTime)
    HAL_RTC_WaitForSynchro                   0x08002955   Thumb Code    54  stm32g4xx_hal_rtc.o(i.HAL_RTC_WaitForSynchro)
    HAL_TIMEx_Break2Callback                 0x0800298b   Thumb Code     2  stm32g4xx_hal_tim_ex.o(i.HAL_TIMEx_Break2Callback)
    HAL_TIMEx_BreakCallback                  0x0800298d   Thumb Code     2  stm32g4xx_hal_tim_ex.o(i.HAL_TIMEx_BreakCallback)
    HAL_TIMEx_CommutCallback                 0x0800298f   Thumb Code     2  stm32g4xx_hal_tim_ex.o(i.HAL_TIMEx_CommutCallback)
    HAL_TIMEx_DirectionChangeCallback        0x08002991   Thumb Code     2  stm32g4xx_hal_tim_ex.o(i.HAL_TIMEx_DirectionChangeCallback)
    HAL_TIMEx_EncoderIndexCallback           0x08002993   Thumb Code     2  stm32g4xx_hal_tim_ex.o(i.HAL_TIMEx_EncoderIndexCallback)
    HAL_TIMEx_IndexErrorCallback             0x08002995   Thumb Code     2  stm32g4xx_hal_tim_ex.o(i.HAL_TIMEx_IndexErrorCallback)
    HAL_TIMEx_MasterConfigSynchronization    0x08002999   Thumb Code   132  stm32g4xx_hal_tim_ex.o(i.HAL_TIMEx_MasterConfigSynchronization)
    HAL_TIMEx_TransitionErrorCallback        0x08002a35   Thumb Code     2  stm32g4xx_hal_tim_ex.o(i.HAL_TIMEx_TransitionErrorCallback)
    HAL_TIM_Base_Init                        0x08002a37   Thumb Code    98  stm32g4xx_hal_tim.o(i.HAL_TIM_Base_Init)
    HAL_TIM_Base_MspInit                     0x08002a99   Thumb Code    50  stm32g4xx_hal_msp.o(i.HAL_TIM_Base_MspInit)
    HAL_TIM_Base_Start_IT                    0x08002ad1   Thumb Code    94  stm32g4xx_hal_tim.o(i.HAL_TIM_Base_Start_IT)
    HAL_TIM_ConfigClockSource                0x08002b49   Thumb Code   246  stm32g4xx_hal_tim.o(i.HAL_TIM_ConfigClockSource)
    HAL_TIM_IC_CaptureCallback               0x08002c49   Thumb Code     2  stm32g4xx_hal_tim.o(i.HAL_TIM_IC_CaptureCallback)
    HAL_TIM_IRQHandler                       0x08002c4b   Thumb Code   508  stm32g4xx_hal_tim.o(i.HAL_TIM_IRQHandler)
    HAL_TIM_MspPostInit                      0x08002e49   Thumb Code    70  stm32g4xx_hal_msp.o(i.HAL_TIM_MspPostInit)
    HAL_TIM_OC_DelayElapsedCallback          0x08002e95   Thumb Code     2  stm32g4xx_hal_tim.o(i.HAL_TIM_OC_DelayElapsedCallback)
    HAL_TIM_PWM_ConfigChannel                0x08002e97   Thumb Code   292  stm32g4xx_hal_tim.o(i.HAL_TIM_PWM_ConfigChannel)
    HAL_TIM_PWM_Init                         0x08002fbb   Thumb Code    98  stm32g4xx_hal_tim.o(i.HAL_TIM_PWM_Init)
    HAL_TIM_PWM_MspInit                      0x0800301d   Thumb Code     2  stm32g4xx_hal_tim.o(i.HAL_TIM_PWM_MspInit)
    HAL_TIM_PWM_PulseFinishedCallback        0x0800301f   Thumb Code     2  stm32g4xx_hal_tim.o(i.HAL_TIM_PWM_PulseFinishedCallback)
    HAL_TIM_PWM_Start                        0x08003021   Thumb Code   218  stm32g4xx_hal_tim.o(i.HAL_TIM_PWM_Start)
    HAL_TIM_PeriodElapsedCallback            0x0800311d   Thumb Code    56  main.o(i.HAL_TIM_PeriodElapsedCallback)
    HAL_TIM_TriggerCallback                  0x0800315d   Thumb Code     2  stm32g4xx_hal_tim.o(i.HAL_TIM_TriggerCallback)
    HAL_UARTEx_DisableFifoMode               0x0800315f   Thumb Code    62  stm32g4xx_hal_uart_ex.o(i.HAL_UARTEx_DisableFifoMode)
    HAL_UARTEx_RxEventCallback               0x0800319d   Thumb Code     2  stm32g4xx_hal_uart.o(i.HAL_UARTEx_RxEventCallback)
    HAL_UARTEx_RxFifoFullCallback            0x0800319f   Thumb Code     2  stm32g4xx_hal_uart_ex.o(i.HAL_UARTEx_RxFifoFullCallback)
    HAL_UARTEx_SetRxFifoThreshold            0x080031a1   Thumb Code    76  stm32g4xx_hal_uart_ex.o(i.HAL_UARTEx_SetRxFifoThreshold)
    HAL_UARTEx_SetTxFifoThreshold            0x080031ed   Thumb Code    76  stm32g4xx_hal_uart_ex.o(i.HAL_UARTEx_SetTxFifoThreshold)
    HAL_UARTEx_TxFifoEmptyCallback           0x08003239   Thumb Code     2  stm32g4xx_hal_uart_ex.o(i.HAL_UARTEx_TxFifoEmptyCallback)
    HAL_UARTEx_WakeupCallback                0x0800323b   Thumb Code     2  stm32g4xx_hal_uart_ex.o(i.HAL_UARTEx_WakeupCallback)
    HAL_UART_ErrorCallback                   0x0800323d   Thumb Code     2  stm32g4xx_hal_uart.o(i.HAL_UART_ErrorCallback)
    HAL_UART_IRQHandler                      0x08003241   Thumb Code   722  stm32g4xx_hal_uart.o(i.HAL_UART_IRQHandler)
    HAL_UART_Init                            0x08003521   Thumb Code   106  stm32g4xx_hal_uart.o(i.HAL_UART_Init)
    HAL_UART_MspInit                         0x0800358d   Thumb Code   132  stm32g4xx_hal_msp.o(i.HAL_UART_MspInit)
    HAL_UART_Receive_IT                      0x08003619   Thumb Code    80  stm32g4xx_hal_uart.o(i.HAL_UART_Receive_IT)
    HAL_UART_RxCpltCallback                  0x0800366d   Thumb Code    94  main.o(i.HAL_UART_RxCpltCallback)
    HAL_UART_Transmit                        0x080036e9   Thumb Code   188  stm32g4xx_hal_uart.o(i.HAL_UART_Transmit)
    HAL_UART_TxCpltCallback                  0x080037a5   Thumb Code     2  stm32g4xx_hal_uart.o(i.HAL_UART_TxCpltCallback)
    HardFault_Handler                        0x080037a7   Thumb Code     2  stm32g4xx_it.o(i.HardFault_Handler)
    I2CInit                                  0x080037a9   Thumb Code    38  i2c_hal.o(i.I2CInit)
    I2CReceiveByte                           0x080037d5   Thumb Code    78  i2c_hal.o(i.I2CReceiveByte)
    I2CSendByte                              0x08003823   Thumb Code    78  i2c_hal.o(i.I2CSendByte)
    I2CStart                                 0x08003871   Thumb Code    54  i2c_hal.o(i.I2CStart)
    I2CStop                                  0x080038a7   Thumb Code    54  i2c_hal.o(i.I2CStop)
    I2CWaitAck                               0x080038dd   Thumb Code    80  i2c_hal.o(i.I2CWaitAck)
    IIC_rd                                   0x0800392d   Thumb Code    60  code.o(i.IIC_rd)
    IIC_wr                                   0x08003969   Thumb Code    48  code.o(i.IIC_wr)
    KeyTask                                  0x08003999   Thumb Code    24  main.o(i.KeyTask)
    LCD_BusIn                                0x080039b1   Thumb Code    40  lcd.o(i.LCD_BusIn)
    LCD_BusOut                               0x080039dd   Thumb Code    42  lcd.o(i.LCD_BusOut)
    LCD_CtrlLinesConfig                      0x08003a0d   Thumb Code   136  lcd.o(i.LCD_CtrlLinesConfig)
    LCD_DisplayChar                          0x08003a9d   Thumb Code    18  lcd.o(i.LCD_DisplayChar)
    LCD_DisplayStringLine                    0x08003ab5   Thumb Code    42  lcd.o(i.LCD_DisplayStringLine)
    LCD_DrawChar                             0x08003ae1   Thumb Code    84  lcd.o(i.LCD_DrawChar)
    LCD_Init                                 0x08003b39   Thumb Code    46  lcd.o(i.LCD_Init)
    LCD_ReadReg                              0x08003b6d   Thumb Code   120  lcd.o(i.LCD_ReadReg)
    LCD_SetBackColor                         0x08003bed   Thumb Code    12  lcd.o(i.LCD_SetBackColor)
    LCD_SetCursor                            0x08003bfd   Thumb Code    24  lcd.o(i.LCD_SetCursor)
    LCD_SetTextColor                         0x08003c15   Thumb Code    12  lcd.o(i.LCD_SetTextColor)
    LCD_WriteRAM                             0x08003c25   Thumb Code    80  lcd.o(i.LCD_WriteRAM)
    LCD_WriteRAM_Prepare                     0x08003c7d   Thumb Code    82  lcd.o(i.LCD_WriteRAM_Prepare)
    LCD_WriteReg                             0x08003cd9   Thumb Code   100  lcd.o(i.LCD_WriteReg)
    LcdTask                                  0x08003d45   Thumb Code    10  main.o(i.LcdTask)
    LedTask                                  0x08003d4f   Thumb Code    12  main.o(i.LedTask)
    MemManage_Handler                        0x0800401d   Thumb Code     2  stm32g4xx_it.o(i.MemManage_Handler)
    NMI_Handler                              0x0800401f   Thumb Code     2  stm32g4xx_it.o(i.NMI_Handler)
    REG_8230_Init                            0x08004021   Thumb Code   274  lcd.o(i.REG_8230_Init)
    REG_932X_Init                            0x08004133   Thumb Code   514  lcd.o(i.REG_932X_Init)
    RTC_Bcd2ToByte                           0x08004335   Thumb Code    18  stm32g4xx_hal_rtc.o(i.RTC_Bcd2ToByte)
    RTC_ByteToBcd2                           0x08004347   Thumb Code    24  stm32g4xx_hal_rtc.o(i.RTC_ByteToBcd2)
    RTC_EnterInitMode                        0x08004361   Thumb Code    74  stm32g4xx_hal_rtc.o(i.RTC_EnterInitMode)
    RTC_ExitInitMode                         0x080043ab   Thumb Code    80  stm32g4xx_hal_rtc.o(i.RTC_ExitInitMode)
    RtcTask                                  0x080043fd   Thumb Code    64  main.o(i.RtcTask)
    SCL_Output                               0x08004459   Thumb Code    20  i2c_hal.o(i.SCL_Output)
    SDA_Input                                0x08004471   Thumb Code    18  i2c_hal.o(i.SDA_Input)
    SDA_Input_Mode                           0x08004489   Thumb Code    40  i2c_hal.o(i.SDA_Input_Mode)
    SDA_Output                               0x080044b5   Thumb Code    20  i2c_hal.o(i.SDA_Output)
    SDA_Output_Mode                          0x080044cd   Thumb Code    40  i2c_hal.o(i.SDA_Output_Mode)
    StartDefaultTask                         0x080044f9   Thumb Code   106  main.o(i.StartDefaultTask)
    SysTick_Handler                          0x0800456d   Thumb Code    38  port.o(i.SysTick_Handler)
    SystemClock_Config                       0x08004599   Thumb Code   110  main.o(i.SystemClock_Config)
    SystemInit                               0x08004609   Thumb Code    12  system_stm32g4xx.o(i.SystemInit)
    TIM1_UP_TIM16_IRQHandler                 0x08004619   Thumb Code     6  stm32g4xx_it.o(i.TIM1_UP_TIM16_IRQHandler)
    TIM2_IRQHandler                          0x08004625   Thumb Code     6  stm32g4xx_it.o(i.TIM2_IRQHandler)
    TIM_Base_SetConfig                       0x08004631   Thumb Code   146  stm32g4xx_hal_tim.o(i.TIM_Base_SetConfig)
    TIM_CCxChannelCmd                        0x080046e1   Thumb Code    26  stm32g4xx_hal_tim.o(i.TIM_CCxChannelCmd)
    TIM_ETR_SetConfig                        0x080046fb   Thumb Code    20  stm32g4xx_hal_tim.o(i.TIM_ETR_SetConfig)
    TIM_OC2_SetConfig                        0x080047c1   Thumb Code   120  stm32g4xx_hal_tim.o(i.TIM_OC2_SetConfig)
    UART_AdvFeatureConfig                    0x08004add   Thumb Code   200  stm32g4xx_hal_uart.o(i.UART_AdvFeatureConfig)
    UART_CheckIdleState                      0x08004ba5   Thumb Code    96  stm32g4xx_hal_uart.o(i.UART_CheckIdleState)
    UART_SetConfig                           0x0800509d   Thumb Code   582  stm32g4xx_hal_uart.o(i.UART_SetConfig)
    UART_Start_Receive_IT                    0x08005311   Thumb Code   262  stm32g4xx_hal_uart.o(i.UART_Start_Receive_IT)
    UART_WaitOnFlagUntilTimeout              0x08005429   Thumb Code   198  stm32g4xx_hal_uart.o(i.UART_WaitOnFlagUntilTimeout)
    USART1_IRQHandler                        0x080054f1   Thumb Code     6  stm32g4xx_it.o(i.USART1_IRQHandler)
    UsageFault_Handler                       0x080054fd   Thumb Code     2  stm32g4xx_it.o(i.UsageFault_Handler)
    __ARM_fpclassify                         0x080054ff   Thumb Code    48  fpclassify.o(i.__ARM_fpclassify)
    _is_digit                                0x0800554f   Thumb Code    14  __printf_wp.o(i._is_digit)
    ee_take                                  0x08005569   Thumb Code    76  code.o(i.ee_take)
    ee_write                                 0x080055c1   Thumb Code    94  code.o(i.ee_write)
    key_add                                  0x0800562d   Thumb Code   114  code.o(i.key_add)
    key_buy                                  0x080056bd   Thumb Code   146  code.o(i.key_buy)
    key_main                                 0x0800576d   Thumb Code    54  code.o(i.key_main)
    key_scan                                 0x080057a5   Thumb Code   170  code.o(i.key_scan)
    key_switch                               0x08005859   Thumb Code    28  code.o(i.key_switch)
    lcd_main                                 0x08005879   Thumb Code    28  code.o(i.lcd_main)
    lcd_pri                                  0x08005899   Thumb Code    66  code.o(i.lcd_pri)
    lcd_rep                                  0x08005929   Thumb Code    54  code.o(i.lcd_rep)
    lcd_set                                  0x080059a9   Thumb Code    72  code.o(i.lcd_set)
    lcd_shop                                 0x08005a09   Thumb Code    54  code.o(i.lcd_shop)
    led_buy                                  0x08005a8d   Thumb Code    22  code.o(i.led_buy)
    led_empty                                0x08005aad   Thumb Code    58  code.o(i.led_empty)
    led_main                                 0x08005af1   Thumb Code    48  code.o(i.led_main)
    main                                     0x08005b29   Thumb Code    88  main.o(i.main)
    osDelay                                  0x08005b99   Thumb Code    14  cmsis_os.o(i.osDelay)
    osKernelStart                            0x08005ba7   Thumb Code    10  cmsis_os.o(i.osKernelStart)
    osThreadCreate                           0x08005bb1   Thumb Code    46  cmsis_os.o(i.osThreadCreate)
    pvPortMalloc                             0x08005f0d   Thumb Code   216  heap_4.o(i.pvPortMalloc)
    pwm_main                                 0x08005fe9   Thumb Code    20  code.o(i.pwm_main)
    pwm_set                                  0x08006005   Thumb Code     8  code.o(i.pwm_set)
    pxPortInitialiseStack                    0x08006011   Thumb Code    40  port.o(i.pxPortInitialiseStack)
    uxListRemove                             0x0800603d   Thumb Code    38  list.o(i.uxListRemove)
    vListInitialise                          0x08006063   Thumb Code    22  list.o(i.vListInitialise)
    vListInitialiseItem                      0x08006079   Thumb Code     6  list.o(i.vListInitialiseItem)
    vListInsert                              0x0800607f   Thumb Code    48  list.o(i.vListInsert)
    vListInsertEnd                           0x080060af   Thumb Code    24  list.o(i.vListInsertEnd)
    vPortEnterCritical                       0x080060c9   Thumb Code    54  port.o(i.vPortEnterCritical)
    vPortExitCritical                        0x08006109   Thumb Code    34  port.o(i.vPortExitCritical)
    vPortFree                                0x08006131   Thumb Code    94  heap_4.o(i.vPortFree)
    vPortSetupTimerInterrupt                 0x08006195   Thumb Code    32  port.o(i.vPortSetupTimerInterrupt)
    vTaskDelay                               0x080061b9   Thumb Code    66  tasks.o(i.vTaskDelay)
    vTaskDelete                              0x08006205   Thumb Code   158  tasks.o(i.vTaskDelete)
    vTaskStartScheduler                      0x080062b1   Thumb Code    86  tasks.o(i.vTaskStartScheduler)
    vTaskSuspendAll                          0x08006319   Thumb Code    10  tasks.o(i.vTaskSuspendAll)
    vTaskSwitchContext                       0x08006329   Thumb Code    82  tasks.o(i.vTaskSwitchContext)
    xPortStartScheduler                      0x08006385   Thumb Code   222  port.o(i.xPortStartScheduler)
    xTaskCreate                              0x08006479   Thumb Code    86  tasks.o(i.xTaskCreate)
    xTaskIncrementTick                       0x080064d1   Thumb Code   194  tasks.o(i.xTaskIncrementTick)
    xTaskResumeAll                           0x0800659d   Thumb Code   182  tasks.o(i.xTaskResumeAll)
    _get_lc_numeric                          0x08006661   Thumb Code    44  lc_numeric_c.o(locale$$code)
    __aeabi_dadd                             0x0800668d   Thumb Code     0  daddsub_clz.o(x$fpl$dadd)
    _dadd                                    0x0800668d   Thumb Code   332  daddsub_clz.o(x$fpl$dadd)
    __fpl_dcmp_Inf                           0x080067dd   Thumb Code    24  dcmpi.o(x$fpl$dcmpinf)
    __aeabi_ddiv                             0x080067f5   Thumb Code     0  ddiv.o(x$fpl$ddiv)
    _ddiv                                    0x080067f5   Thumb Code   552  ddiv.o(x$fpl$ddiv)
    __aeabi_d2uiz                            0x08006aa5   Thumb Code     0  dfixu.o(x$fpl$dfixu)
    _dfixu                                   0x08006aa5   Thumb Code    90  dfixu.o(x$fpl$dfixu)
    __aeabi_ui2d                             0x08006aff   Thumb Code     0  dflt_clz.o(x$fpl$dfltu)
    _dfltu                                   0x08006aff   Thumb Code    38  dflt_clz.o(x$fpl$dfltu)
    __aeabi_cdcmple                          0x08006b25   Thumb Code     0  dleqf.o(x$fpl$dleqf)
    _dcmple                                  0x08006b25   Thumb Code   120  dleqf.o(x$fpl$dleqf)
    __fpl_dcmple_InfNaN                      0x08006b87   Thumb Code     0  dleqf.o(x$fpl$dleqf)
    __aeabi_dmul                             0x08006b9d   Thumb Code     0  dmul.o(x$fpl$dmul)
    _dmul                                    0x08006b9d   Thumb Code   332  dmul.o(x$fpl$dmul)
    __fpl_dnaninf                            0x08006cf1   Thumb Code   156  dnaninf.o(x$fpl$dnaninf)
    __fpl_dretinf                            0x08006d8d   Thumb Code    12  dretinf.o(x$fpl$dretinf)
    __aeabi_cdrcmple                         0x08006d99   Thumb Code     0  drleqf.o(x$fpl$drleqf)
    _drcmple                                 0x08006d99   Thumb Code   108  drleqf.o(x$fpl$drleqf)
    __aeabi_dsub                             0x08006e05   Thumb Code     0  daddsub_clz.o(x$fpl$dsub)
    _dsub                                    0x08006e05   Thumb Code   464  daddsub_clz.o(x$fpl$dsub)
    _fp_init                                 0x08006fd9   Thumb Code    10  fpinit.o(x$fpl$fpinit)
    __fplib_config_fpu_vfp                   0x08006fe1   Thumb Code     0  fpinit.o(x$fpl$fpinit)
    __fplib_config_pureend_doubles           0x08006fe1   Thumb Code     0  fpinit.o(x$fpl$fpinit)
    _printf_fp_dec                           0x08006fe3   Thumb Code     4  printf1.o(x$fpl$printf1)
    ASCII_Table                              0x08006fe6   Data        4560  lcd.o(.constdata)
    __I$use$fp                               0x08006fe6   Number         0  usenofp.o(x$fpl$usenofp)
    UARTPrescTable                           0x0800821c   Data          24  stm32g4xx_hal_uart.o(.constdata)
    AHBPrescTable                            0x08008244   Data          16  system_stm32g4xx.o(.constdata)
    APBPrescTable                            0x08008254   Data           8  system_stm32g4xx.o(.constdata)
    Region$$Table$$Base                      0x08008330   Number         0  anon$$obj.o(Region$$Table)
    Region$$Table$$Limit                     0x08008350   Number         0  anon$$obj.o(Region$$Table)
    lcd_dt                                   0x20000000   Data           1  code.o(.data)
    ee_t                                     0x20000001   Data           1  code.o(.data)
    led_flag                                 0x20000002   Data           1  code.o(.data)
    send_num                                 0x20000003   Data           1  code.o(.data)
    key_flag                                 0x20000004   Data           1  code.o(.data)
    timer_t                                  0x20000006   Data           4  code.o(.data)
    parat                                    0x20000010   Data          32  code.o(.data)
    dummy                                    0x20000034   Data           2  lcd.o(.data)
    rx_buf                                   0x20000038   Data           1  main.o(.data)
    defaultTaskHandle                        0x2000003c   Data           4  main.o(.data)
    lcdTaskHandle                            0x20000040   Data           4  main.o(.data)
    ledTaskHandle                            0x20000044   Data           4  main.o(.data)
    keyTaskHandle                            0x20000048   Data           4  main.o(.data)
    rtcTaskHandle                            0x2000004c   Data           4  main.o(.data)
    uwTickPrio                               0x20000050   Data           4  stm32g4xx_hal.o(.data)
    uwTickFreq                               0x20000054   Data           4  stm32g4xx_hal.o(.data)
    uwTick                                   0x20000058   Data           4  stm32g4xx_hal.o(.data)
    SystemCoreClock                          0x2000005c   Data           4  system_stm32g4xx.o(.data)
    pxCurrentTCB                             0x20000060   Data           4  tasks.o(.data)
    hrtc                                     0x200000c8   Data          40  main.o(.bss)
    htim2                                    0x200000f0   Data          76  main.o(.bss)
    huart1                                   0x2000013c   Data         144  main.o(.bss)
    htim1                                    0x200001cc   Data          76  stm32g4xx_hal_timebase_tim.o(.bss)
    __libspace_start                         0x20002b08   Data          96  libspace.o(.bss)
    __temporary_stack_top$libspace           0x20002b68   Data           0  libspace.o(.bss)



==============================================================================

Memory Map of the image

  Image Entry point : 0x080001d9

  Load Region LR_IROM1 (Base: 0x08000000, Size: 0x00008434, Max: 0x00020000, ABSOLUTE)

    Execution Region ER_IROM1 (Exec base: 0x08000000, Load base: 0x08000000, Size: 0x0000836c, Max: 0x00020000, ABSOLUTE)

    Exec Addr    Load Addr    Size         Type   Attr      Idx    E Section Name        Object

    0x08000000   0x08000000   0x000001d8   Data   RO            3    RESET               startup_stm32g431xx.o
    0x080001d8   0x080001d8   0x00000008   Code   RO         5885  * !!!main             c_w.l(__main.o)
    0x080001e0   0x080001e0   0x00000034   Code   RO         6145    !!!scatter          c_w.l(__scatter.o)
    0x08000214   0x08000214   0x0000001a   Code   RO         6147    !!handler_copy      c_w.l(__scatter_copy.o)
    0x0800022e   0x0800022e   0x00000002   PAD
    0x08000230   0x08000230   0x0000001c   Code   RO         6149    !!handler_zi        c_w.l(__scatter_zi.o)
    0x0800024c   0x0800024c   0x00000000   Code   RO         5872    .ARM.Collect$$_printf_percent$$00000000  c_w.l(_printf_percent.o)
    0x0800024c   0x0800024c   0x00000006   Code   RO         5871    .ARM.Collect$$_printf_percent$$00000003  c_w.l(_printf_f.o)
    0x08000252   0x08000252   0x00000006   Code   RO         5870    .ARM.Collect$$_printf_percent$$00000009  c_w.l(_printf_d.o)
    0x08000258   0x08000258   0x00000004   Code   RO         5926    .ARM.Collect$$_printf_percent$$00000017  c_w.l(_printf_percent_end.o)
    0x0800025c   0x0800025c   0x00000002   Code   RO         6016    .ARM.Collect$$libinit$$00000000  c_w.l(libinit.o)
    0x0800025e   0x0800025e   0x00000004   Code   RO         6017    .ARM.Collect$$libinit$$00000001  c_w.l(libinit2.o)
    0x08000262   0x08000262   0x00000000   Code   RO         6020    .ARM.Collect$$libinit$$00000004  c_w.l(libinit2.o)
    0x08000262   0x08000262   0x00000000   Code   RO         6023    .ARM.Collect$$libinit$$0000000A  c_w.l(libinit2.o)
    0x08000262   0x08000262   0x00000000   Code   RO         6025    .ARM.Collect$$libinit$$0000000C  c_w.l(libinit2.o)
    0x08000262   0x08000262   0x00000000   Code   RO         6027    .ARM.Collect$$libinit$$0000000E  c_w.l(libinit2.o)
    0x08000262   0x08000262   0x00000006   Code   RO         6028    .ARM.Collect$$libinit$$0000000F  c_w.l(libinit2.o)
    0x08000268   0x08000268   0x00000000   Code   RO         6030    .ARM.Collect$$libinit$$00000011  c_w.l(libinit2.o)
    0x08000268   0x08000268   0x00000000   Code   RO         6032    .ARM.Collect$$libinit$$00000013  c_w.l(libinit2.o)
    0x08000268   0x08000268   0x00000000   Code   RO         6034    .ARM.Collect$$libinit$$00000015  c_w.l(libinit2.o)
    0x08000268   0x08000268   0x0000000a   Code   RO         6035    .ARM.Collect$$libinit$$00000016  c_w.l(libinit2.o)
    0x08000272   0x08000272   0x00000000   Code   RO         6036    .ARM.Collect$$libinit$$00000017  c_w.l(libinit2.o)
    0x08000272   0x08000272   0x00000000   Code   RO         6038    .ARM.Collect$$libinit$$00000019  c_w.l(libinit2.o)
    0x08000272   0x08000272   0x00000000   Code   RO         6040    .ARM.Collect$$libinit$$0000001B  c_w.l(libinit2.o)
    0x08000272   0x08000272   0x00000000   Code   RO         6042    .ARM.Collect$$libinit$$0000001D  c_w.l(libinit2.o)
    0x08000272   0x08000272   0x00000000   Code   RO         6044    .ARM.Collect$$libinit$$0000001F  c_w.l(libinit2.o)
    0x08000272   0x08000272   0x00000000   Code   RO         6046    .ARM.Collect$$libinit$$00000021  c_w.l(libinit2.o)
    0x08000272   0x08000272   0x00000000   Code   RO         6048    .ARM.Collect$$libinit$$00000023  c_w.l(libinit2.o)
    0x08000272   0x08000272   0x00000000   Code   RO         6050    .ARM.Collect$$libinit$$00000025  c_w.l(libinit2.o)
    0x08000272   0x08000272   0x00000000   Code   RO         6054    .ARM.Collect$$libinit$$0000002C  c_w.l(libinit2.o)
    0x08000272   0x08000272   0x00000000   Code   RO         6056    .ARM.Collect$$libinit$$0000002E  c_w.l(libinit2.o)
    0x08000272   0x08000272   0x00000000   Code   RO         6058    .ARM.Collect$$libinit$$00000030  c_w.l(libinit2.o)
    0x08000272   0x08000272   0x00000000   Code   RO         6060    .ARM.Collect$$libinit$$00000032  c_w.l(libinit2.o)
    0x08000272   0x08000272   0x00000002   Code   RO         6061    .ARM.Collect$$libinit$$00000033  c_w.l(libinit2.o)
    0x08000274   0x08000274   0x00000002   Code   RO         6108    .ARM.Collect$$libshutdown$$00000000  c_w.l(libshutdown.o)
    0x08000276   0x08000276   0x00000000   Code   RO         6126    .ARM.Collect$$libshutdown$$00000002  c_w.l(libshutdown2.o)
    0x08000276   0x08000276   0x00000000   Code   RO         6128    .ARM.Collect$$libshutdown$$00000004  c_w.l(libshutdown2.o)
    0x08000276   0x08000276   0x00000000   Code   RO         6130    .ARM.Collect$$libshutdown$$00000006  c_w.l(libshutdown2.o)
    0x08000276   0x08000276   0x00000000   Code   RO         6133    .ARM.Collect$$libshutdown$$00000009  c_w.l(libshutdown2.o)
    0x08000276   0x08000276   0x00000000   Code   RO         6136    .ARM.Collect$$libshutdown$$0000000C  c_w.l(libshutdown2.o)
    0x08000276   0x08000276   0x00000000   Code   RO         6138    .ARM.Collect$$libshutdown$$0000000E  c_w.l(libshutdown2.o)
    0x08000276   0x08000276   0x00000000   Code   RO         6141    .ARM.Collect$$libshutdown$$00000011  c_w.l(libshutdown2.o)
    0x08000276   0x08000276   0x00000002   Code   RO         6142    .ARM.Collect$$libshutdown$$00000012  c_w.l(libshutdown2.o)
    0x08000278   0x08000278   0x00000000   Code   RO         5913    .ARM.Collect$$rtentry$$00000000  c_w.l(__rtentry.o)
    0x08000278   0x08000278   0x00000000   Code   RO         5937    .ARM.Collect$$rtentry$$00000002  c_w.l(__rtentry2.o)
    0x08000278   0x08000278   0x00000006   Code   RO         5949    .ARM.Collect$$rtentry$$00000004  c_w.l(__rtentry4.o)
    0x0800027e   0x0800027e   0x00000000   Code   RO         5939    .ARM.Collect$$rtentry$$00000009  c_w.l(__rtentry2.o)
    0x0800027e   0x0800027e   0x00000004   Code   RO         5940    .ARM.Collect$$rtentry$$0000000A  c_w.l(__rtentry2.o)
    0x08000282   0x08000282   0x00000000   Code   RO         5942    .ARM.Collect$$rtentry$$0000000C  c_w.l(__rtentry2.o)
    0x08000282   0x08000282   0x00000008   Code   RO         5943    .ARM.Collect$$rtentry$$0000000D  c_w.l(__rtentry2.o)
    0x0800028a   0x0800028a   0x00000002   Code   RO         6062    .ARM.Collect$$rtexit$$00000000  c_w.l(rtexit.o)
    0x0800028c   0x0800028c   0x00000000   Code   RO         6077    .ARM.Collect$$rtexit$$00000002  c_w.l(rtexit2.o)
    0x0800028c   0x0800028c   0x00000004   Code   RO         6078    .ARM.Collect$$rtexit$$00000003  c_w.l(rtexit2.o)
    0x08000290   0x08000290   0x00000006   Code   RO         6079    .ARM.Collect$$rtexit$$00000004  c_w.l(rtexit2.o)
    0x08000296   0x08000296   0x00000002   PAD
    0x08000298   0x08000298   0x000000be   Code   RO         5759    .emb_text           port.o
    0x08000356   0x08000356   0x00000002   PAD
    0x08000358   0x08000358   0x00000040   Code   RO            4    .text               startup_stm32g431xx.o
    0x08000398   0x08000398   0x000000ee   Code   RO         5838    .text               c_w.l(lludivv7m.o)
    0x08000486   0x08000486   0x00000002   PAD
    0x08000488   0x08000488   0x00000028   Code   RO         5842    .text               c_w.l(noretval__2sprintf.o)
    0x080004b0   0x080004b0   0x0000004e   Code   RO         5846    .text               c_w.l(_printf_pad.o)
    0x080004fe   0x080004fe   0x00000002   PAD
    0x08000500   0x08000500   0x00000078   Code   RO         5848    .text               c_w.l(_printf_dec.o)
    0x08000578   0x08000578   0x00000138   Code   RO         5862    .text               c_w.l(__printf_flags_wp.o)
    0x080006b0   0x080006b0   0x0000003e   Code   RO         5873    .text               c_w.l(strlen.o)
    0x080006ee   0x080006ee   0x00000064   Code   RO         5877    .text               c_w.l(rt_memcpy_w.o)
    0x08000752   0x08000752   0x0000004e   Code   RO         5881    .text               c_w.l(rt_memclr_w.o)
    0x080007a0   0x080007a0   0x00000006   Code   RO         5883    .text               c_w.l(heapauxi.o)
    0x080007a6   0x080007a6   0x000000b2   Code   RO         5918    .text               c_w.l(_printf_intcommon.o)
    0x08000858   0x08000858   0x0000041e   Code   RO         5920    .text               c_w.l(_printf_fp_dec.o)
    0x08000c76   0x08000c76   0x00000002   PAD
    0x08000c78   0x08000c78   0x00000030   Code   RO         5922    .text               c_w.l(_printf_char_common.o)
    0x08000ca8   0x08000ca8   0x0000000a   Code   RO         5924    .text               c_w.l(_sputc.o)
    0x08000cb2   0x08000cb2   0x00000002   PAD
    0x08000cb4   0x08000cb4   0x00000008   Code   RO         5956    .text               c_w.l(rt_locale_intlibspace.o)
    0x08000cbc   0x08000cbc   0x0000008a   Code   RO         5958    .text               c_w.l(lludiv10.o)
    0x08000d46   0x08000d46   0x00000002   PAD
    0x08000d48   0x08000d48   0x00000080   Code   RO         5960    .text               c_w.l(_printf_fp_infnan.o)
    0x08000dc8   0x08000dc8   0x000000e4   Code   RO         5964    .text               c_w.l(bigflt0.o)
    0x08000eac   0x08000eac   0x00000008   Code   RO         5998    .text               c_w.l(libspace.o)
    0x08000eb4   0x08000eb4   0x0000004a   Code   RO         6001    .text               c_w.l(sys_stackheap_outer.o)
    0x08000efe   0x08000efe   0x00000012   Code   RO         6003    .text               c_w.l(exit.o)
    0x08000f10   0x08000f10   0x00000080   Code   RO         6009    .text               c_w.l(strcmpv7m.o)
    0x08000f90   0x08000f90   0x0000000c   Code   RO         6074    .text               c_w.l(sys_exit.o)
    0x08000f9c   0x08000f9c   0x00000002   Code   RO         6095    .text               c_w.l(use_no_semi.o)
    0x08000f9e   0x08000f9e   0x00000000   Code   RO         6097    .text               c_w.l(indicate_semi.o)
    0x08000f9e   0x08000f9e   0x0000003e   Code   RO         5967    CL$$btod_d2e        c_w.l(btod.o)
    0x08000fdc   0x08000fdc   0x00000046   Code   RO         5969    CL$$btod_d2e_denorm_low  c_w.l(btod.o)
    0x08001022   0x08001022   0x00000060   Code   RO         5968    CL$$btod_d2e_norm_op1  c_w.l(btod.o)
    0x08001082   0x08001082   0x00000338   Code   RO         5977    CL$$btod_div_common  c_w.l(btod.o)
    0x080013ba   0x080013ba   0x000000dc   Code   RO         5974    CL$$btod_e2e        c_w.l(btod.o)
    0x08001496   0x08001496   0x0000002a   Code   RO         5971    CL$$btod_ediv       c_w.l(btod.o)
    0x080014c0   0x080014c0   0x0000002a   Code   RO         5970    CL$$btod_emul       c_w.l(btod.o)
    0x080014ea   0x080014ea   0x00000244   Code   RO         5976    CL$$btod_mult_common  c_w.l(btod.o)
    0x0800172e   0x0800172e   0x00000002   Code   RO          768    i.BusFault_Handler  stm32g4xx_it.o
    0x08001730   0x08001730   0x00000002   Code   RO          769    i.DebugMon_Handler  stm32g4xx_it.o
    0x08001732   0x08001732   0x0000001c   Code   RO          402    i.Delay_LCD         lcd.o
    0x0800174e   0x0800174e   0x00000004   Code   RO          608    i.Error_Handler     main.o
    0x08001752   0x08001752   0x0000006a   Code   RO         1785    i.HAL_DMA_Abort     stm32g4xx_hal_dma.o
    0x080017bc   0x080017bc   0x00000078   Code   RO         1786    i.HAL_DMA_Abort_IT  stm32g4xx_hal_dma.o
    0x08001834   0x08001834   0x00000024   Code   RO          956    i.HAL_Delay         stm32g4xx_hal.o
    0x08001858   0x08001858   0x00000248   Code   RO         1647    i.HAL_GPIO_Init     stm32g4xx_hal_gpio.o
    0x08001aa0   0x08001aa0   0x0000000a   Code   RO         1649    i.HAL_GPIO_ReadPin  stm32g4xx_hal_gpio.o
    0x08001aaa   0x08001aaa   0x0000000a   Code   RO         1651    i.HAL_GPIO_WritePin  stm32g4xx_hal_gpio.o
    0x08001ab4   0x08001ab4   0x0000000c   Code   RO          960    i.HAL_GetTick       stm32g4xx_hal.o
    0x08001ac0   0x08001ac0   0x00000010   Code   RO          963    i.HAL_IncTick       stm32g4xx_hal.o
    0x08001ad0   0x08001ad0   0x0000001e   Code   RO          964    i.HAL_Init          stm32g4xx_hal.o
    0x08001aee   0x08001aee   0x00000002   PAD
    0x08001af0   0x08001af0   0x00000088   Code   RO          910    i.HAL_InitTick      stm32g4xx_hal_timebase_tim.o
    0x08001b78   0x08001b78   0x0000003c   Code   RO          844    i.HAL_MspInit       stm32g4xx_hal_msp.o
    0x08001bb4   0x08001bb4   0x0000001a   Code   RO         2294    i.HAL_NVIC_EnableIRQ  stm32g4xx_hal_cortex.o
    0x08001bce   0x08001bce   0x00000002   PAD
    0x08001bd0   0x08001bd0   0x00000040   Code   RO         2300    i.HAL_NVIC_SetPriority  stm32g4xx_hal_cortex.o
    0x08001c10   0x08001c10   0x00000024   Code   RO         2301    i.HAL_NVIC_SetPriorityGrouping  stm32g4xx_hal_cortex.o
    0x08001c34   0x08001c34   0x000000bc   Code   RO         2050    i.HAL_PWREx_ControlVoltageScaling  stm32g4xx_hal_pwr_ex.o
    0x08001cf0   0x08001cf0   0x00000010   Code   RO         2062    i.HAL_PWREx_DisableUCPDDeadBattery  stm32g4xx_hal_pwr_ex.o
    0x08001d00   0x08001d00   0x00000288   Code   RO         1309    i.HAL_RCCEx_PeriphCLKConfig  stm32g4xx_hal_rcc_ex.o
    0x08001f88   0x08001f88   0x000001dc   Code   RO         1184    i.HAL_RCC_ClockConfig  stm32g4xx_hal_rcc.o
    0x08002164   0x08002164   0x00000040   Code   RO         1189    i.HAL_RCC_GetClockConfig  stm32g4xx_hal_rcc.o
    0x080021a4   0x080021a4   0x00000024   Code   RO         1192    i.HAL_RCC_GetPCLK1Freq  stm32g4xx_hal_rcc.o
    0x080021c8   0x080021c8   0x00000024   Code   RO         1193    i.HAL_RCC_GetPCLK2Freq  stm32g4xx_hal_rcc.o
    0x080021ec   0x080021ec   0x0000006c   Code   RO         1194    i.HAL_RCC_GetSysClockFreq  stm32g4xx_hal_rcc.o
    0x08002258   0x08002258   0x0000040c   Code   RO         1197    i.HAL_RCC_OscConfig  stm32g4xx_hal_rcc.o
    0x08002664   0x08002664   0x00000044   Code   RO         2434    i.HAL_RTC_GetDate   stm32g4xx_hal_rtc.o
    0x080026a8   0x080026a8   0x00000054   Code   RO         2436    i.HAL_RTC_GetTime   stm32g4xx_hal_rtc.o
    0x080026fc   0x080026fc   0x00000094   Code   RO         2437    i.HAL_RTC_Init      stm32g4xx_hal_rtc.o
    0x08002790   0x08002790   0x00000058   Code   RO          846    i.HAL_RTC_MspInit   stm32g4xx_hal_msp.o
    0x080027e8   0x080027e8   0x000000a0   Code   RO         2443    i.HAL_RTC_SetDate   stm32g4xx_hal_rtc.o
    0x08002888   0x08002888   0x000000cc   Code   RO         2444    i.HAL_RTC_SetTime   stm32g4xx_hal_rtc.o
    0x08002954   0x08002954   0x00000036   Code   RO         2445    i.HAL_RTC_WaitForSynchro  stm32g4xx_hal_rtc.o
    0x0800298a   0x0800298a   0x00000002   Code   RO         3595    i.HAL_TIMEx_Break2Callback  stm32g4xx_hal_tim_ex.o
    0x0800298c   0x0800298c   0x00000002   Code   RO         3596    i.HAL_TIMEx_BreakCallback  stm32g4xx_hal_tim_ex.o
    0x0800298e   0x0800298e   0x00000002   Code   RO         3597    i.HAL_TIMEx_CommutCallback  stm32g4xx_hal_tim_ex.o
    0x08002990   0x08002990   0x00000002   Code   RO         3608    i.HAL_TIMEx_DirectionChangeCallback  stm32g4xx_hal_tim_ex.o
    0x08002992   0x08002992   0x00000002   Code   RO         3622    i.HAL_TIMEx_EncoderIndexCallback  stm32g4xx_hal_tim_ex.o
    0x08002994   0x08002994   0x00000002   Code   RO         3636    i.HAL_TIMEx_IndexErrorCallback  stm32g4xx_hal_tim_ex.o
    0x08002996   0x08002996   0x00000002   PAD
    0x08002998   0x08002998   0x0000009c   Code   RO         3637    i.HAL_TIMEx_MasterConfigSynchronization  stm32g4xx_hal_tim_ex.o
    0x08002a34   0x08002a34   0x00000002   Code   RO         3658    i.HAL_TIMEx_TransitionErrorCallback  stm32g4xx_hal_tim_ex.o
    0x08002a36   0x08002a36   0x00000062   Code   RO         2881    i.HAL_TIM_Base_Init  stm32g4xx_hal_tim.o
    0x08002a98   0x08002a98   0x00000038   Code   RO          848    i.HAL_TIM_Base_MspInit  stm32g4xx_hal_msp.o
    0x08002ad0   0x08002ad0   0x00000078   Code   RO         2886    i.HAL_TIM_Base_Start_IT  stm32g4xx_hal_tim.o
    0x08002b48   0x08002b48   0x00000100   Code   RO         2890    i.HAL_TIM_ConfigClockSource  stm32g4xx_hal_tim.o
    0x08002c48   0x08002c48   0x00000002   Code   RO         2915    i.HAL_TIM_IC_CaptureCallback  stm32g4xx_hal_tim.o
    0x08002c4a   0x08002c4a   0x000001fc   Code   RO         2929    i.HAL_TIM_IRQHandler  stm32g4xx_hal_tim.o
    0x08002e46   0x08002e46   0x00000002   PAD
    0x08002e48   0x08002e48   0x0000004c   Code   RO          849    i.HAL_TIM_MspPostInit  stm32g4xx_hal_msp.o
    0x08002e94   0x08002e94   0x00000002   Code   RO         2932    i.HAL_TIM_OC_DelayElapsedCallback  stm32g4xx_hal_tim.o
    0x08002e96   0x08002e96   0x00000124   Code   RO         2953    i.HAL_TIM_PWM_ConfigChannel  stm32g4xx_hal_tim.o
    0x08002fba   0x08002fba   0x00000062   Code   RO         2956    i.HAL_TIM_PWM_Init  stm32g4xx_hal_tim.o
    0x0800301c   0x0800301c   0x00000002   Code   RO         2958    i.HAL_TIM_PWM_MspInit  stm32g4xx_hal_tim.o
    0x0800301e   0x0800301e   0x00000002   Code   RO         2959    i.HAL_TIM_PWM_PulseFinishedCallback  stm32g4xx_hal_tim.o
    0x08003020   0x08003020   0x000000fc   Code   RO         2961    i.HAL_TIM_PWM_Start  stm32g4xx_hal_tim.o
    0x0800311c   0x0800311c   0x00000040   Code   RO          609    i.HAL_TIM_PeriodElapsedCallback  main.o
    0x0800315c   0x0800315c   0x00000002   Code   RO         2972    i.HAL_TIM_TriggerCallback  stm32g4xx_hal_tim.o
    0x0800315e   0x0800315e   0x0000003e   Code   RO         4444    i.HAL_UARTEx_DisableFifoMode  stm32g4xx_hal_uart_ex.o
    0x0800319c   0x0800319c   0x00000002   Code   RO         4033    i.HAL_UARTEx_RxEventCallback  stm32g4xx_hal_uart.o
    0x0800319e   0x0800319e   0x00000002   Code   RO         4451    i.HAL_UARTEx_RxFifoFullCallback  stm32g4xx_hal_uart_ex.o
    0x080031a0   0x080031a0   0x0000004c   Code   RO         4452    i.HAL_UARTEx_SetRxFifoThreshold  stm32g4xx_hal_uart_ex.o
    0x080031ec   0x080031ec   0x0000004c   Code   RO         4453    i.HAL_UARTEx_SetTxFifoThreshold  stm32g4xx_hal_uart_ex.o
    0x08003238   0x08003238   0x00000002   Code   RO         4455    i.HAL_UARTEx_TxFifoEmptyCallback  stm32g4xx_hal_uart_ex.o
    0x0800323a   0x0800323a   0x00000002   Code   RO         4456    i.HAL_UARTEx_WakeupCallback  stm32g4xx_hal_uart_ex.o
    0x0800323c   0x0800323c   0x00000002   Code   RO         4049    i.HAL_UART_ErrorCallback  stm32g4xx_hal_uart.o
    0x0800323e   0x0800323e   0x00000002   PAD
    0x08003240   0x08003240   0x000002e0   Code   RO         4052    i.HAL_UART_IRQHandler  stm32g4xx_hal_uart.o
    0x08003520   0x08003520   0x0000006a   Code   RO         4053    i.HAL_UART_Init     stm32g4xx_hal_uart.o
    0x0800358a   0x0800358a   0x00000002   PAD
    0x0800358c   0x0800358c   0x0000008c   Code   RO          851    i.HAL_UART_MspInit  stm32g4xx_hal_msp.o
    0x08003618   0x08003618   0x00000054   Code   RO         4058    i.HAL_UART_Receive_IT  stm32g4xx_hal_uart.o
    0x0800366c   0x0800366c   0x0000007c   Code   RO          610    i.HAL_UART_RxCpltCallback  main.o
    0x080036e8   0x080036e8   0x000000bc   Code   RO         4062    i.HAL_UART_Transmit  stm32g4xx_hal_uart.o
    0x080037a4   0x080037a4   0x00000002   Code   RO         4065    i.HAL_UART_TxCpltCallback  stm32g4xx_hal_uart.o
    0x080037a6   0x080037a6   0x00000002   Code   RO          770    i.HardFault_Handler  stm32g4xx_it.o
    0x080037a8   0x080037a8   0x0000002c   Code   RO          305    i.I2CInit           i2c_hal.o
    0x080037d4   0x080037d4   0x0000004e   Code   RO          306    i.I2CReceiveByte    i2c_hal.o
    0x08003822   0x08003822   0x0000004e   Code   RO          308    i.I2CSendByte       i2c_hal.o
    0x08003870   0x08003870   0x00000036   Code   RO          310    i.I2CStart          i2c_hal.o
    0x080038a6   0x080038a6   0x00000036   Code   RO          311    i.I2CStop           i2c_hal.o
    0x080038dc   0x080038dc   0x00000050   Code   RO          312    i.I2CWaitAck        i2c_hal.o
    0x0800392c   0x0800392c   0x0000003c   Code   RO           13    i.IIC_rd            code.o
    0x08003968   0x08003968   0x00000030   Code   RO           14    i.IIC_wr            code.o
    0x08003998   0x08003998   0x00000018   Code   RO          611    i.KeyTask           main.o
    0x080039b0   0x080039b0   0x0000002c   Code   RO          403    i.LCD_BusIn         lcd.o
    0x080039dc   0x080039dc   0x00000030   Code   RO          404    i.LCD_BusOut        lcd.o
    0x08003a0c   0x08003a0c   0x00000090   Code   RO          407    i.LCD_CtrlLinesConfig  lcd.o
    0x08003a9c   0x08003a9c   0x00000018   Code   RO          408    i.LCD_DisplayChar   lcd.o
    0x08003ab4   0x08003ab4   0x0000002a   Code   RO          411    i.LCD_DisplayStringLine  lcd.o
    0x08003ade   0x08003ade   0x00000002   PAD
    0x08003ae0   0x08003ae0   0x00000058   Code   RO          412    i.LCD_DrawChar      lcd.o
    0x08003b38   0x08003b38   0x00000034   Code   RO          418    i.LCD_Init          lcd.o
    0x08003b6c   0x08003b6c   0x00000080   Code   RO          421    i.LCD_ReadReg       lcd.o
    0x08003bec   0x08003bec   0x00000010   Code   RO          422    i.LCD_SetBackColor  lcd.o
    0x08003bfc   0x08003bfc   0x00000018   Code   RO          423    i.LCD_SetCursor     lcd.o
    0x08003c14   0x08003c14   0x00000010   Code   RO          425    i.LCD_SetTextColor  lcd.o
    0x08003c24   0x08003c24   0x00000058   Code   RO          428    i.LCD_WriteRAM      lcd.o
    0x08003c7c   0x08003c7c   0x0000005c   Code   RO          429    i.LCD_WriteRAM_Prepare  lcd.o
    0x08003cd8   0x08003cd8   0x0000006c   Code   RO          430    i.LCD_WriteReg      lcd.o
    0x08003d44   0x08003d44   0x0000000a   Code   RO          612    i.LcdTask           main.o
    0x08003d4e   0x08003d4e   0x0000000c   Code   RO          613    i.LedTask           main.o
    0x08003d5a   0x08003d5a   0x00000002   PAD
    0x08003d5c   0x08003d5c   0x00000130   Code   RO          614    i.MX_GPIO_Init      main.o
    0x08003e8c   0x08003e8c   0x00000094   Code   RO          615    i.MX_RTC_Init       main.o
    0x08003f20   0x08003f20   0x00000098   Code   RO          616    i.MX_TIM2_Init      main.o
    0x08003fb8   0x08003fb8   0x00000064   Code   RO          617    i.MX_USART1_UART_Init  main.o
    0x0800401c   0x0800401c   0x00000002   Code   RO          771    i.MemManage_Handler  stm32g4xx_it.o
    0x0800401e   0x0800401e   0x00000002   Code   RO          772    i.NMI_Handler       stm32g4xx_it.o
    0x08004020   0x08004020   0x00000112   Code   RO          431    i.REG_8230_Init     lcd.o
    0x08004132   0x08004132   0x00000202   Code   RO          432    i.REG_932X_Init     lcd.o
    0x08004334   0x08004334   0x00000012   Code   RO         2446    i.RTC_Bcd2ToByte    stm32g4xx_hal_rtc.o
    0x08004346   0x08004346   0x00000018   Code   RO         2447    i.RTC_ByteToBcd2    stm32g4xx_hal_rtc.o
    0x0800435e   0x0800435e   0x00000002   PAD
    0x08004360   0x08004360   0x0000004a   Code   RO         2448    i.RTC_EnterInitMode  stm32g4xx_hal_rtc.o
    0x080043aa   0x080043aa   0x00000050   Code   RO         2449    i.RTC_ExitInitMode  stm32g4xx_hal_rtc.o
    0x080043fa   0x080043fa   0x00000002   PAD
    0x080043fc   0x080043fc   0x0000005c   Code   RO          618    i.RtcTask           main.o
    0x08004458   0x08004458   0x00000018   Code   RO          313    i.SCL_Output        i2c_hal.o
    0x08004470   0x08004470   0x00000018   Code   RO          314    i.SDA_Input         i2c_hal.o
    0x08004488   0x08004488   0x0000002c   Code   RO          315    i.SDA_Input_Mode    i2c_hal.o
    0x080044b4   0x080044b4   0x00000018   Code   RO          316    i.SDA_Output        i2c_hal.o
    0x080044cc   0x080044cc   0x0000002c   Code   RO          317    i.SDA_Output_Mode   i2c_hal.o
    0x080044f8   0x080044f8   0x00000074   Code   RO          619    i.StartDefaultTask  main.o
    0x0800456c   0x0800456c   0x0000002c   Code   RO         5760    i.SysTick_Handler   port.o
    0x08004598   0x08004598   0x0000006e   Code   RO          620    i.SystemClock_Config  main.o
    0x08004606   0x08004606   0x00000002   PAD
    0x08004608   0x08004608   0x00000010   Code   RO         4557    i.SystemInit        system_stm32g4xx.o
    0x08004618   0x08004618   0x0000000c   Code   RO          773    i.TIM1_UP_TIM16_IRQHandler  stm32g4xx_it.o
    0x08004624   0x08004624   0x0000000c   Code   RO          774    i.TIM2_IRQHandler   stm32g4xx_it.o
    0x08004630   0x08004630   0x000000b0   Code   RO         2974    i.TIM_Base_SetConfig  stm32g4xx_hal_tim.o
    0x080046e0   0x080046e0   0x0000001a   Code   RO         2975    i.TIM_CCxChannelCmd  stm32g4xx_hal_tim.o
    0x080046fa   0x080046fa   0x00000014   Code   RO         2985    i.TIM_ETR_SetConfig  stm32g4xx_hal_tim.o
    0x0800470e   0x0800470e   0x00000002   PAD
    0x08004710   0x08004710   0x00000014   Code   RO         2986    i.TIM_ITRx_SetConfig  stm32g4xx_hal_tim.o
    0x08004724   0x08004724   0x0000009c   Code   RO         2987    i.TIM_OC1_SetConfig  stm32g4xx_hal_tim.o
    0x080047c0   0x080047c0   0x00000090   Code   RO         2988    i.TIM_OC2_SetConfig  stm32g4xx_hal_tim.o
    0x08004850   0x08004850   0x00000090   Code   RO         2989    i.TIM_OC3_SetConfig  stm32g4xx_hal_tim.o
    0x080048e0   0x080048e0   0x00000090   Code   RO         2990    i.TIM_OC4_SetConfig  stm32g4xx_hal_tim.o
    0x08004970   0x08004970   0x00000070   Code   RO         2991    i.TIM_OC5_SetConfig  stm32g4xx_hal_tim.o
    0x080049e0   0x080049e0   0x00000070   Code   RO         2992    i.TIM_OC6_SetConfig  stm32g4xx_hal_tim.o
    0x08004a50   0x08004a50   0x00000022   Code   RO         2994    i.TIM_TI1_ConfigInputStage  stm32g4xx_hal_tim.o
    0x08004a72   0x08004a72   0x00000024   Code   RO         2996    i.TIM_TI2_ConfigInputStage  stm32g4xx_hal_tim.o
    0x08004a96   0x08004a96   0x00000002   PAD
    0x08004a98   0x08004a98   0x00000044   Code   RO         4457    i.UARTEx_SetNbDataToProcess  stm32g4xx_hal_uart_ex.o
    0x08004adc   0x08004adc   0x000000c8   Code   RO         4067    i.UART_AdvFeatureConfig  stm32g4xx_hal_uart.o
    0x08004ba4   0x08004ba4   0x00000060   Code   RO         4068    i.UART_CheckIdleState  stm32g4xx_hal_uart.o
    0x08004c04   0x08004c04   0x00000014   Code   RO         4069    i.UART_DMAAbortOnError  stm32g4xx_hal_uart.o
    0x08004c18   0x08004c18   0x00000054   Code   RO         4079    i.UART_EndRxTransfer  stm32g4xx_hal_uart.o
    0x08004c6c   0x08004c6c   0x000000a2   Code   RO         4081    i.UART_RxISR_16BIT  stm32g4xx_hal_uart.o
    0x08004d0e   0x08004d0e   0x00000002   PAD
    0x08004d10   0x08004d10   0x00000174   Code   RO         4082    i.UART_RxISR_16BIT_FIFOEN  stm32g4xx_hal_uart.o
    0x08004e84   0x08004e84   0x000000a2   Code   RO         4083    i.UART_RxISR_8BIT   stm32g4xx_hal_uart.o
    0x08004f26   0x08004f26   0x00000002   PAD
    0x08004f28   0x08004f28   0x00000174   Code   RO         4084    i.UART_RxISR_8BIT_FIFOEN  stm32g4xx_hal_uart.o
    0x0800509c   0x0800509c   0x00000274   Code   RO         4085    i.UART_SetConfig    stm32g4xx_hal_uart.o
    0x08005310   0x08005310   0x00000118   Code   RO         4087    i.UART_Start_Receive_IT  stm32g4xx_hal_uart.o
    0x08005428   0x08005428   0x000000c6   Code   RO         4092    i.UART_WaitOnFlagUntilTimeout  stm32g4xx_hal_uart.o
    0x080054ee   0x080054ee   0x00000002   PAD
    0x080054f0   0x080054f0   0x0000000c   Code   RO          775    i.USART1_IRQHandler  stm32g4xx_it.o
    0x080054fc   0x080054fc   0x00000002   Code   RO          776    i.UsageFault_Handler  stm32g4xx_it.o
    0x080054fe   0x080054fe   0x00000030   Code   RO         5996    i.__ARM_fpclassify  m_wm.l(fpclassify.o)
    0x0800552e   0x0800552e   0x00000020   Code   RO         2307    i.__NVIC_SetPriority  stm32g4xx_hal_cortex.o
    0x0800554e   0x0800554e   0x0000000e   Code   RO         5860    i._is_digit         c_w.l(__printf_wp.o)
    0x0800555c   0x0800555c   0x0000000c   Code   RO          318    i.delay1            i2c_hal.o
    0x08005568   0x08005568   0x00000058   Code   RO           15    i.ee_take           code.o
    0x080055c0   0x080055c0   0x0000006c   Code   RO           16    i.ee_write          code.o
    0x0800562c   0x0800562c   0x00000090   Code   RO           17    i.key_add           code.o
    0x080056bc   0x080056bc   0x000000b0   Code   RO           18    i.key_buy           code.o
    0x0800576c   0x0800576c   0x00000036   Code   RO           19    i.key_main          code.o
    0x080057a2   0x080057a2   0x00000002   PAD
    0x080057a4   0x080057a4   0x000000b4   Code   RO           20    i.key_scan          code.o
    0x08005858   0x08005858   0x00000020   Code   RO           21    i.key_switch        code.o
    0x08005878   0x08005878   0x00000020   Code   RO           22    i.lcd_main          code.o
    0x08005898   0x08005898   0x00000090   Code   RO           23    i.lcd_pri           code.o
    0x08005928   0x08005928   0x00000080   Code   RO           24    i.lcd_rep           code.o
    0x080059a8   0x080059a8   0x00000060   Code   RO           25    i.lcd_set           code.o
    0x08005a08   0x08005a08   0x00000084   Code   RO           26    i.lcd_shop          code.o
    0x08005a8c   0x08005a8c   0x00000020   Code   RO           27    i.led_buy           code.o
    0x08005aac   0x08005aac   0x00000044   Code   RO           28    i.led_empty         code.o
    0x08005af0   0x08005af0   0x00000038   Code   RO           29    i.led_main          code.o
    0x08005b28   0x08005b28   0x00000064   Code   RO          621    i.main              main.o
    0x08005b8c   0x08005b8c   0x0000000c   Code   RO         5337    i.makeFreeRtosPriority  cmsis_os.o
    0x08005b98   0x08005b98   0x0000000e   Code   RO         5339    i.osDelay           cmsis_os.o
    0x08005ba6   0x08005ba6   0x0000000a   Code   RO         5342    i.osKernelStart     cmsis_os.o
    0x08005bb0   0x08005bb0   0x0000002e   Code   RO         5376    i.osThreadCreate    cmsis_os.o
    0x08005bde   0x08005bde   0x00000002   PAD
    0x08005be0   0x08005be0   0x00000070   Code   RO         5025    i.prvAddCurrentTaskToDelayedList  tasks.o
    0x08005c50   0x08005c50   0x000000d0   Code   RO         5026    i.prvAddNewTaskToReadyList  tasks.o
    0x08005d20   0x08005d20   0x00000014   Code   RO         5027    i.prvDeleteTCB      tasks.o
    0x08005d34   0x08005d34   0x0000004c   Code   RO         5692    i.prvHeapInit       heap_4.o
    0x08005d80   0x08005d80   0x00000060   Code   RO         5028    i.prvIdleTask       tasks.o
    0x08005de0   0x08005de0   0x00000098   Code   RO         5029    i.prvInitialiseNewTask  tasks.o
    0x08005e78   0x08005e78   0x0000004c   Code   RO         5693    i.prvInsertBlockIntoFreeList  heap_4.o
    0x08005ec4   0x08005ec4   0x00000020   Code   RO         5030    i.prvResetNextTaskUnblockTime  tasks.o
    0x08005ee4   0x08005ee4   0x00000028   Code   RO         5761    i.prvTaskExitError  port.o
    0x08005f0c   0x08005f0c   0x000000dc   Code   RO         5694    i.pvPortMalloc      heap_4.o
    0x08005fe8   0x08005fe8   0x0000001c   Code   RO           30    i.pwm_main          code.o
    0x08006004   0x08006004   0x0000000c   Code   RO           31    i.pwm_set           code.o
    0x08006010   0x08006010   0x0000002c   Code   RO         5762    i.pxPortInitialiseStack  port.o
    0x0800603c   0x0800603c   0x00000026   Code   RO         4689    i.uxListRemove      list.o
    0x08006062   0x08006062   0x00000016   Code   RO         4690    i.vListInitialise   list.o
    0x08006078   0x08006078   0x00000006   Code   RO         4691    i.vListInitialiseItem  list.o
    0x0800607e   0x0800607e   0x00000030   Code   RO         4692    i.vListInsert       list.o
    0x080060ae   0x080060ae   0x00000018   Code   RO         4693    i.vListInsertEnd    list.o
    0x080060c6   0x080060c6   0x00000002   PAD
    0x080060c8   0x080060c8   0x00000040   Code   RO         5764    i.vPortEnterCritical  port.o
    0x08006108   0x08006108   0x00000028   Code   RO         5765    i.vPortExitCritical  port.o
    0x08006130   0x08006130   0x00000064   Code   RO         5695    i.vPortFree         heap_4.o
    0x08006194   0x08006194   0x00000024   Code   RO         5766    i.vPortSetupTimerInterrupt  port.o
    0x080061b8   0x080061b8   0x0000004c   Code   RO         5039    i.vTaskDelay        tasks.o
    0x08006204   0x08006204   0x000000ac   Code   RO         5040    i.vTaskDelete       tasks.o
    0x080062b0   0x080062b0   0x00000068   Code   RO         5052    i.vTaskStartScheduler  tasks.o
    0x08006318   0x08006318   0x00000010   Code   RO         5054    i.vTaskSuspendAll   tasks.o
    0x08006328   0x08006328   0x0000005c   Code   RO         5055    i.vTaskSwitchContext  tasks.o
    0x08006384   0x08006384   0x000000f4   Code   RO         5768    i.xPortStartScheduler  port.o
    0x08006478   0x08006478   0x00000056   Code   RO         5058    i.xTaskCreate       tasks.o
    0x080064ce   0x080064ce   0x00000002   PAD
    0x080064d0   0x080064d0   0x000000cc   Code   RO         5065    i.xTaskIncrementTick  tasks.o
    0x0800659c   0x0800659c   0x000000c4   Code   RO         5071    i.xTaskResumeAll    tasks.o
    0x08006660   0x08006660   0x0000002c   Code   RO         5990    locale$$code        c_w.l(lc_numeric_c.o)
    0x0800668c   0x0800668c   0x00000150   Code   RO         5887    x$fpl$dadd          fz_wm.l(daddsub_clz.o)
    0x080067dc   0x080067dc   0x00000018   Code   RO         5992    x$fpl$dcmpinf       fz_wm.l(dcmpi.o)
    0x080067f4   0x080067f4   0x000002b0   Code   RO         5894    x$fpl$ddiv          fz_wm.l(ddiv.o)
    0x08006aa4   0x08006aa4   0x0000005a   Code   RO         5897    x$fpl$dfixu         fz_wm.l(dfixu.o)
    0x08006afe   0x08006afe   0x00000026   Code   RO         5901    x$fpl$dfltu         fz_wm.l(dflt_clz.o)
    0x08006b24   0x08006b24   0x00000078   Code   RO         5929    x$fpl$dleqf         fz_wm.l(dleqf.o)
    0x08006b9c   0x08006b9c   0x00000154   Code   RO         5907    x$fpl$dmul          fz_wm.l(dmul.o)
    0x08006cf0   0x08006cf0   0x0000009c   Code   RO         5931    x$fpl$dnaninf       fz_wm.l(dnaninf.o)
    0x08006d8c   0x08006d8c   0x0000000c   Code   RO         5933    x$fpl$dretinf       fz_wm.l(dretinf.o)
    0x08006d98   0x08006d98   0x0000006c   Code   RO         5909    x$fpl$drleqf        fz_wm.l(drleqf.o)
    0x08006e04   0x08006e04   0x000001d4   Code   RO         5889    x$fpl$dsub          fz_wm.l(daddsub_clz.o)
    0x08006fd8   0x08006fd8   0x0000000a   Code   RO         6072    x$fpl$fpinit        fz_wm.l(fpinit.o)
    0x08006fe2   0x08006fe2   0x00000004   Code   RO         5911    x$fpl$printf1       fz_wm.l(printf1.o)
    0x08006fe6   0x08006fe6   0x00000000   Code   RO         5935    x$fpl$usenofp       fz_wm.l(usenofp.o)
    0x08006fe6   0x08006fe6   0x000011d0   Data   RO          433    .constdata          lcd.o
    0x080081b6   0x080081b6   0x00000002   PAD
    0x080081b8   0x080081b8   0x00000064   Data   RO          623    .constdata          main.o
    0x0800821c   0x0800821c   0x00000018   Data   RO         4093    .constdata          stm32g4xx_hal_uart.o
    0x08008234   0x08008234   0x00000010   Data   RO         4458    .constdata          stm32g4xx_hal_uart_ex.o
    0x08008244   0x08008244   0x00000010   Data   RO         4558    .constdata          system_stm32g4xx.o
    0x08008254   0x08008254   0x00000008   Data   RO         4559    .constdata          system_stm32g4xx.o
    0x0800825c   0x0800825c   0x00000011   Data   RO         5863    .constdata          c_w.l(__printf_flags_wp.o)
    0x0800826d   0x0800826d   0x00000003   PAD
    0x08008270   0x08008270   0x00000094   Data   RO         5965    .constdata          c_w.l(bigflt0.o)
    0x08008304   0x08008304   0x0000002c   Data   RO          624    .conststring        main.o
    0x08008330   0x08008330   0x00000020   Data   RO         6143    Region$$Table       anon$$obj.o
    0x08008350   0x08008350   0x0000001c   Data   RO         5989    locale$$data        c_w.l(lc_numeric_c.o)


    Execution Region RW_IRAM1 (Exec base: 0x20000000, Load base: 0x0800836c, Size: 0x00003c68, Max: 0x00008000, ABSOLUTE)

    Exec Addr    Load Addr    Size         Type   Attr      Idx    E Section Name        Object

    0x20000000   0x0800836c   0x00000030   Data   RW           33    .data               code.o
    0x20000030   0x0800839c   0x00000006   Data   RW          434    .data               lcd.o
    0x20000036   0x080083a2   0x00000002   PAD
    0x20000038   0x080083a4   0x00000018   Data   RW          625    .data               main.o
    0x20000050   0x080083bc   0x0000000c   Data   RW          984    .data               stm32g4xx_hal.o
    0x2000005c   0x080083c8   0x00000004   Data   RW         4560    .data               system_stm32g4xx.o
    0x20000060   0x080083cc   0x0000003c   Data   RW         5074    .data               tasks.o
    0x2000009c   0x08008408   0x00000020   Data   RW         5701    .data               heap_4.o
    0x200000bc   0x08008428   0x0000000c   Data   RW         5769    .data               port.o
    0x200000c8        -       0x00000104   Zero   RW          622    .bss                main.o
    0x200001cc        -       0x0000004c   Zero   RW          913    .bss                stm32g4xx_hal_timebase_tim.o
    0x20000218        -       0x000000f0   Zero   RW         5073    .bss                tasks.o
    0x20000308        -       0x00002800   Zero   RW         5700    .bss                heap_4.o
    0x20002b08        -       0x00000060   Zero   RW         5999    .bss                c_w.l(libspace.o)
    0x20002b68        -       0x00000200   Zero   RW            2    HEAP                startup_stm32g431xx.o
    0x20002d68        -       0x00000f00   Zero   RW            1    STACK               startup_stm32g431xx.o


==============================================================================

Image component sizes


      Code (inc. data)   RO Data    RW Data    ZI Data      Debug   Object Name

        82          0          0          0          0       7329   cmsis_os.o
      1618        398          0         48          0     674794   code.o
         0          0          0          0          0       7652   event_groups.o
       472         24          0         32      10240       7459   heap_4.o
       560         28          0          0          0       6988   i2c_hal.o
      1730         76       4560          6          0      10998   lcd.o
       138          0          0          0          0       3578   list.o
      1360        128        144         24        260      25552   main.o
       702         72          0         12          0      11064   port.o
        64         26        472          0       4352        852   startup_stm32g431xx.o
        94         14          0         12          0       3678   stm32g4xx_hal.o
       158         14          0          0          0      33074   stm32g4xx_hal_cortex.o
       226          0          0          0          0       1959   stm32g4xx_hal_dma.o
       604         34          0          0          0       3035   stm32g4xx_hal_gpio.o
       420         36          0          0          0       3708   stm32g4xx_hal_msp.o
       204         18          0          0          0       1417   stm32g4xx_hal_pwr_ex.o
      1756         98          0          0          0       6981   stm32g4xx_hal_rcc.o
       648         10          0          0          0       1892   stm32g4xx_hal_rcc_ex.o
       914         28          0          0          0       8275   stm32g4xx_hal_rtc.o
      2758        260          0          0          0      18926   stm32g4xx_hal_tim.o
       170         24          0          0          0       5452   stm32g4xx_hal_tim_ex.o
       136         20          0          0         76       1443   stm32g4xx_hal_timebase_tim.o
      3694        124         24          0          0      36786   stm32g4xx_hal_uart.o
       288          6         16          0          0       5422   stm32g4xx_hal_uart_ex.o
        48         18          0          0          0       4258   stm32g4xx_it.o
        16          4         24          4          0       1151   system_stm32g4xx.o
      1566        126          0         60        240      18872   tasks.o

    ----------------------------------------------------------------------
     20468       1586       5274        200      15168     912595   Object Totals
         0          0         32          0          0          0   (incl. Generated)
        42          0          2          2          0          0   (incl. Padding)

    ----------------------------------------------------------------------

      Code (inc. data)   RO Data    RW Data    ZI Data      Debug   Library Member Name

         8          0          0          0          0         68   __main.o
       312          4         17          0          0         92   __printf_flags_wp.o
        14          0          0          0          0         68   __printf_wp.o
         0          0          0          0          0          0   __rtentry.o
        12          0          0          0          0          0   __rtentry2.o
         6          0          0          0          0          0   __rtentry4.o
        52          8          0          0          0          0   __scatter.o
        26          0          0          0          0          0   __scatter_copy.o
        28          0          0          0          0          0   __scatter_zi.o
        48          6          0          0          0         96   _printf_char_common.o
         6          0          0          0          0          0   _printf_d.o
       120         16          0          0          0         92   _printf_dec.o
         6          0          0          0          0          0   _printf_f.o
      1054          0          0          0          0        216   _printf_fp_dec.o
       128         16          0          0          0         84   _printf_fp_infnan.o
       178          0          0          0          0         88   _printf_intcommon.o
        78          0          0          0          0        108   _printf_pad.o
         0          0          0          0          0          0   _printf_percent.o
         4          0          0          0          0          0   _printf_percent_end.o
        10          0          0          0          0         68   _sputc.o
       228          4        148          0          0         96   bigflt0.o
      1936        128          0          0          0        672   btod.o
        18          0          0          0          0         80   exit.o
         6          0          0          0          0        152   heapauxi.o
         0          0          0          0          0          0   indicate_semi.o
        44         10         28          0          0         76   lc_numeric_c.o
         2          0          0          0          0          0   libinit.o
        22          0          0          0          0          0   libinit2.o
         2          0          0          0          0          0   libshutdown.o
         2          0          0          0          0          0   libshutdown2.o
         8          4          0          0         96         68   libspace.o
       138          0          0          0          0         80   lludiv10.o
       238          0          0          0          0        100   lludivv7m.o
        40          6          0          0          0         84   noretval__2sprintf.o
         8          4          0          0          0         68   rt_locale_intlibspace.o
        78          0          0          0          0         80   rt_memclr_w.o
       100          0          0          0          0         80   rt_memcpy_w.o
         2          0          0          0          0          0   rtexit.o
        10          0          0          0          0          0   rtexit2.o
       128          0          0          0          0         68   strcmpv7m.o
        62          0          0          0          0         76   strlen.o
        12          4          0          0          0         68   sys_exit.o
        74          0          0          0          0         80   sys_stackheap_outer.o
         2          0          0          0          0         68   use_no_semi.o
       804         16          0          0          0        368   daddsub_clz.o
        24          0          0          0          0        116   dcmpi.o
       688        140          0          0          0        256   ddiv.o
        90          4          0          0          0        140   dfixu.o
        38          0          0          0          0        116   dflt_clz.o
       120          4          0          0          0        140   dleqf.o
       340         12          0          0          0        152   dmul.o
       156          4          0          0          0        140   dnaninf.o
        12          0          0          0          0        116   dretinf.o
       108          0          0          0          0        128   drleqf.o
        10          0          0          0          0        116   fpinit.o
         4          0          0          0          0        116   printf1.o
         0          0          0          0          0          0   usenofp.o
        48          0          0          0          0        124   fpclassify.o

    ----------------------------------------------------------------------
      7706        390        196          0         96       5004   Library Totals
        14          0          3          0          0          0   (incl. Padding)

    ----------------------------------------------------------------------

      Code (inc. data)   RO Data    RW Data    ZI Data      Debug   Library Name

      5250        210        193          0         96       2976   c_w.l
      2394        180          0          0          0       1904   fz_wm.l
        48          0          0          0          0        124   m_wm.l

    ----------------------------------------------------------------------
      7706        390        196          0         96       5004   Library Totals

    ----------------------------------------------------------------------

==============================================================================


      Code (inc. data)   RO Data    RW Data    ZI Data      Debug   

     28174       1976       5470        200      15264     895187   Grand Totals
     28174       1976       5470        200      15264     895187   ELF Image Totals
     28174       1976       5470        200          0          0   ROM Totals

==============================================================================

    Total RO  Size (Code + RO Data)                33644 (  32.86kB)
    Total RW  Size (RW Data + ZI Data)             15464 (  15.10kB)
    Total ROM Size (Code + RO Data + RW Data)      33844 (  33.05kB)

==============================================================================

